GAS LISTING /tmp/ccULZha7.s 			page 1


   1               		.file	"main.c"
   2               	__SP_H__ = 0x3e
   3               	__SP_L__ = 0x3d
   4               	__SREG__ = 0x3f
   5               	__tmp_reg__ = 0
   6               	__zero_reg__ = 1
   7               		.stabs	"/home/bernhard/Dropbox/r3/edid_spoofing_cable/avr-edid-spoofer/",100,0,2,.Ltext0
   8               		.stabs	"main.c",100,0,2,.Ltext0
   9               		.text
  10               	.Ltext0:
  11               		.stabs	"gcc2_compiled.",60,0,0,0
  12               		.stabs	"int:t(0,1)=r(0,1);-32768;32767;",128,0,0,0
  13               		.stabs	"char:t(0,2)=@s8;r(0,2);0;255;",128,0,0,0
  14               		.stabs	"long int:t(0,3)=@s32;r(0,3);020000000000;017777777777;",128,0,0,0
  15               		.stabs	"unsigned int:t(0,4)=r(0,4);0;0177777;",128,0,0,0
  16               		.stabs	"long unsigned int:t(0,5)=@s32;r(0,5);0;037777777777;",128,0,0,0
  17               		.stabs	"__int128:t(0,6)=@s128;r(0,6);02000000000000000000000000000000000000000000;0177777777777777
  18               		.stabs	"__int128 unsigned:t(0,7)=@s128;r(0,7);0;03777777777777777777777777777777777777777777;",128
  19               		.stabs	"long long int:t(0,8)=@s64;r(0,8);01000000000000000000000;00777777777777777777777;",128,0,0
  20               		.stabs	"long long unsigned int:t(0,9)=@s64;r(0,9);0;01777777777777777777777;",128,0,0,0
  21               		.stabs	"short int:t(0,10)=r(0,10);-32768;32767;",128,0,0,0
  22               		.stabs	"short unsigned int:t(0,11)=r(0,11);0;0177777;",128,0,0,0
  23               		.stabs	"signed char:t(0,12)=@s8;r(0,12);-128;127;",128,0,0,0
  24               		.stabs	"unsigned char:t(0,13)=@s8;r(0,13);0;255;",128,0,0,0
  25               		.stabs	"float:t(0,14)=r(0,1);4;0;",128,0,0,0
  26               		.stabs	"double:t(0,15)=r(0,1);4;0;",128,0,0,0
  27               		.stabs	"long double:t(0,16)=r(0,1);4;0;",128,0,0,0
  28               		.stabs	"_Float32:t(0,17)=r(0,1);4;0;",128,0,0,0
  29               		.stabs	"short _Fract:t(0,18)=r(0,1);1;0;",128,0,0,0
  30               		.stabs	"_Fract:t(0,19)=r(0,1);2;0;",128,0,0,0
  31               		.stabs	"long _Fract:t(0,20)=r(0,1);4;0;",128,0,0,0
  32               		.stabs	"long long _Fract:t(0,21)=r(0,1);8;0;",128,0,0,0
  33               		.stabs	"unsigned short _Fract:t(0,22)=r(0,1);1;0;",128,0,0,0
  34               		.stabs	"unsigned _Fract:t(0,23)=r(0,1);2;0;",128,0,0,0
  35               		.stabs	"unsigned long _Fract:t(0,24)=r(0,1);4;0;",128,0,0,0
  36               		.stabs	"unsigned long long _Fract:t(0,25)=r(0,1);8;0;",128,0,0,0
  37               		.stabs	"_Sat short _Fract:t(0,26)=r(0,1);1;0;",128,0,0,0
  38               		.stabs	"_Sat _Fract:t(0,27)=r(0,1);2;0;",128,0,0,0
  39               		.stabs	"_Sat long _Fract:t(0,28)=r(0,1);4;0;",128,0,0,0
  40               		.stabs	"_Sat long long _Fract:t(0,29)=r(0,1);8;0;",128,0,0,0
  41               		.stabs	"_Sat unsigned short _Fract:t(0,30)=r(0,1);1;0;",128,0,0,0
  42               		.stabs	"_Sat unsigned _Fract:t(0,31)=r(0,1);2;0;",128,0,0,0
  43               		.stabs	"_Sat unsigned long _Fract:t(0,32)=r(0,1);4;0;",128,0,0,0
  44               		.stabs	"_Sat unsigned long long _Fract:t(0,33)=r(0,1);8;0;",128,0,0,0
  45               		.stabs	"short _Accum:t(0,34)=r(0,1);2;0;",128,0,0,0
  46               		.stabs	"_Accum:t(0,35)=r(0,1);4;0;",128,0,0,0
  47               		.stabs	"long _Accum:t(0,36)=r(0,1);8;0;",128,0,0,0
  48               		.stabs	"long long _Accum:t(0,37)=r(0,1);8;0;",128,0,0,0
  49               		.stabs	"unsigned short _Accum:t(0,38)=r(0,1);2;0;",128,0,0,0
  50               		.stabs	"unsigned _Accum:t(0,39)=r(0,1);4;0;",128,0,0,0
  51               		.stabs	"unsigned long _Accum:t(0,40)=r(0,1);8;0;",128,0,0,0
  52               		.stabs	"unsigned long long _Accum:t(0,41)=r(0,1);8;0;",128,0,0,0
  53               		.stabs	"_Sat short _Accum:t(0,42)=r(0,1);2;0;",128,0,0,0
  54               		.stabs	"_Sat _Accum:t(0,43)=r(0,1);4;0;",128,0,0,0
  55               		.stabs	"_Sat long _Accum:t(0,44)=r(0,1);8;0;",128,0,0,0
  56               		.stabs	"_Sat long long _Accum:t(0,45)=r(0,1);8;0;",128,0,0,0
  57               		.stabs	"_Sat unsigned short _Accum:t(0,46)=r(0,1);2;0;",128,0,0,0
GAS LISTING /tmp/ccULZha7.s 			page 2


  58               		.stabs	"_Sat unsigned _Accum:t(0,47)=r(0,1);4;0;",128,0,0,0
  59               		.stabs	"_Sat unsigned long _Accum:t(0,48)=r(0,1);8;0;",128,0,0,0
  60               		.stabs	"_Sat unsigned long long _Accum:t(0,49)=r(0,1);8;0;",128,0,0,0
  61               		.stabs	"void:t(0,50)=(0,50)",128,0,0,0
  62               		.stabs	"projInfo.h",130,0,0,0
  63               		.stabs	"/usr/lib/avr/include/inttypes.h",130,0,0,0
  64               		.stabs	"/usr/lib/gcc/avr/7.3.0/include/stdint.h",130,0,0,0
  65               		.stabs	"/usr/lib/avr/include/stdint.h",130,0,0,0
  66               		.stabs	"int8_t:t(4,1)=(0,12)",128,0,125,0
  67               		.stabs	"uint8_t:t(4,2)=(0,13)",128,0,126,0
  68               		.stabs	"int16_t:t(4,3)=(0,1)",128,0,127,0
  69               		.stabs	"uint16_t:t(4,4)=(0,4)",128,0,128,0
  70               		.stabs	"int32_t:t(4,5)=(0,3)",128,0,129,0
  71               		.stabs	"uint32_t:t(4,6)=(0,5)",128,0,130,0
  72               		.stabs	"int64_t:t(4,7)=(0,8)",128,0,132,0
  73               		.stabs	"uint64_t:t(4,8)=(0,9)",128,0,133,0
  74               		.stabs	"intptr_t:t(4,9)=(4,3)",128,0,146,0
  75               		.stabs	"uintptr_t:t(4,10)=(4,4)",128,0,151,0
  76               		.stabs	"int_least8_t:t(4,11)=(4,1)",128,0,163,0
  77               		.stabs	"uint_least8_t:t(4,12)=(4,2)",128,0,168,0
  78               		.stabs	"int_least16_t:t(4,13)=(4,3)",128,0,173,0
  79               		.stabs	"uint_least16_t:t(4,14)=(4,4)",128,0,178,0
  80               		.stabs	"int_least32_t:t(4,15)=(4,5)",128,0,183,0
  81               		.stabs	"uint_least32_t:t(4,16)=(4,6)",128,0,188,0
  82               		.stabs	"int_least64_t:t(4,17)=(4,7)",128,0,196,0
  83               		.stabs	"uint_least64_t:t(4,18)=(4,8)",128,0,203,0
  84               		.stabs	"int_fast8_t:t(4,19)=(4,1)",128,0,217,0
  85               		.stabs	"uint_fast8_t:t(4,20)=(4,2)",128,0,222,0
  86               		.stabs	"int_fast16_t:t(4,21)=(4,3)",128,0,227,0
  87               		.stabs	"uint_fast16_t:t(4,22)=(4,4)",128,0,232,0
  88               		.stabs	"int_fast32_t:t(4,23)=(4,5)",128,0,237,0
  89               		.stabs	"uint_fast32_t:t(4,24)=(4,6)",128,0,242,0
  90               		.stabs	"int_fast64_t:t(4,25)=(4,7)",128,0,250,0
  91               		.stabs	"uint_fast64_t:t(4,26)=(4,8)",128,0,257,0
  92               		.stabs	"intmax_t:t(4,27)=(4,7)",128,0,277,0
  93               		.stabs	"uintmax_t:t(4,28)=(4,8)",128,0,282,0
  94               		.stabn	162,0,0,0
  95               		.stabn	162,0,0,0
  96               		.stabs	"int_farptr_t:t(2,1)=(4,5)",128,0,77,0
  97               		.stabs	"uint_farptr_t:t(2,2)=(4,6)",128,0,81,0
  98               		.stabn	162,0,0,0
  99               		.stabn	162,0,0,0
 100               		.stabs	"main.h",130,0,0,0
 101               		.stabs	"/usr/lib/avr/include/avr/io.h",130,0,0,0
 102               		.stabs	"/usr/lib/avr/include/avr/fuse.h",130,0,0,0
 103               		.stabs	"__fuse_t:t(7,1)=(7,2)=s3low:(0,13),0,8;high:(0,13),8,8;extended:(0,13),16,8;;",128,0,244,0
 104               		.stabn	162,0,0,0
 105               		.stabn	162,0,0,0
 106               		.stabs	"_commonCode_localized/heartbeat/1.21/heartbeat.h",130,0,0,0
 107               		.stabs	"./_commonCode_localized/hfModulation/1.00/hfModulation.h",130,0,0,0
 108               		.stabs	"hfm_t:t(9,1)=(9,2)=B(9,3)=s4desiredSum:(4,3),0,16;maxPower:(4,2),16,8;power:(4,2),24,8;;",
 109               		.stabn	162,0,0,0
 110               		.stabs	"./_commonCode_localized/dmsTimer/1.13/dmsTimer.h",130,0,0,0
 111               		.stabs	"dms6sec_t:t(10,1)=(4,4)",128,0,81,0
 112               		.stabs	"dms4day_t:t(10,2)=(4,6)",128,0,83,0
 113               		.stabs	"dmsMax_t:t(10,3)=(4,6)",128,0,84,0
 114               		.stabn	162,0,0,0
GAS LISTING /tmp/ccULZha7.s 			page 3


 115               		.stabn	162,0,0,0
 116               		.stabn	162,0,0,0
 117               		.stabs	"usi_i2c_awaitStart:F(0,50)",36,0,96,usi_i2c_awaitStart
 118               	.global	usi_i2c_awaitStart
 119               		.type	usi_i2c_awaitStart, @function
 120               	usi_i2c_awaitStart:
 121               		.stabd	46,0,0
   1:main.c        **** #include "projInfo.h"	//Don't include in main.h 'cause that's included in other .c's?
   2:main.c        **** #include "main.h"
   3:main.c        **** 
   4:main.c        **** 
   5:main.c        **** //Need to save memory space for the Tiny45...
   6:main.c        **** // (Actually, now it fits.
   7:main.c        **** //  FADER just uses the three remaining pins to cyclicly fade three LEDs
   8:main.c        **** //  You can just ignore/disable it.)
   9:main.c        **** #define FADER_ENABLED FALSE //FALSE
  10:main.c        **** 
  11:main.c        **** #if (defined(FADER_ENABLED) && FADER_ENABLED)
  12:main.c        **** #include _SINETABLE_HEADER_
  13:main.c        **** #endif
  14:main.c        **** 
  15:main.c        **** 
  16:main.c        **** #if !defined(__AVR_ARCH__)
  17:main.c        ****  #error "__AVR_ARCH__ not defined!"
  18:main.c        **** #endif
  19:main.c        **** 
  20:main.c        **** //#include <string.h> //for strcmp
  21:main.c        **** 
  22:main.c        **** // WTF I left this as 15 bytes but wrote 256 via usbTinyI2c 
  23:main.c        **** // and had no errors (in version 20)?!
  24:main.c        **** //uint8_t edidArray[15]; 
  25:main.c        **** // = {0x00,0xe1,0xd2,0xc3,0xb4,0xa5,0x96,0x87,8,9};
  26:main.c        **** 
  27:main.c        **** 
  28:main.c        **** 
  29:main.c        **** //R,G,B
  30:main.c        **** volatile uint8_t ledState[3] = {0,0,0};
  31:main.c        **** uint8_t ledIndex = 0;
  32:main.c        **** 
  33:main.c        **** 
  34:main.c        **** #define EDIDARRAYLENGTH	128 //256
  35:main.c        **** 
  36:main.c        **** // change by sinyria - this is the working confirmed EDID by sally
  37:main.c        **** uint8_t edidArray[EDIDARRAYLENGTH] =
  38:main.c        **** {
  39:main.c        **** 0x00, 0xff, 0xff, 0xff, 0xff, 0xff, 0xff, 0x00, 0x31, 0xd8, 0x00, 0x00, 0x00, 0x00, 0x00, 0x00,
  40:main.c        **** 0x05, 0x16, 0x01, 0x03, 0x6d, 0x32, 0x1c, 0x78, 0xea, 0x5e, 0xc0, 0xa4, 0x59, 0x4a, 0x98, 0x25,
  41:main.c        **** 0x20, 0x50, 0x54, 0x00, 0x00, 0x00, 0xd1, 0xc0, 0x01, 0x01, 0x01, 0x01, 0x01, 0x01, 0x01, 0x01,
  42:main.c        **** 0x01, 0x01, 0x01, 0x01, 0x01, 0x01, 0x02, 0x3a, 0x80, 0x18, 0x71, 0x38, 0x2d, 0x40, 0x58, 0x2c,
  43:main.c        **** 0x45, 0x00, 0xf4, 0x19, 0x11, 0x00, 0x00, 0x1e, 0x00, 0x00, 0x00, 0xff, 0x00, 0x4c, 0x69, 0x6e,
  44:main.c        **** 0x75, 0x78, 0x20, 0x23, 0x30, 0x0a, 0x20, 0x20, 0x20, 0x20, 0x00, 0x00, 0x00, 0xfd, 0x00, 0x3b,
  45:main.c        **** 0x3d, 0x42, 0x44, 0x0f, 0x00, 0x0a, 0x20, 0x20, 0x20, 0x20, 0x20, 0x20, 0x00, 0x00, 0x00, 0xfc,
  46:main.c        **** 0x00, 0x4c, 0x69, 0x6e, 0x75, 0x78, 0x20, 0x46, 0x48, 0x44, 0x0a, 0x20, 0x20, 0x20, 0x00, 0x07,
  47:main.c        **** };
  48:main.c        **** 
  49:main.c        **** uint8_t edidArrayIndex = 0;
  50:main.c        **** //Called immediately by the i2c interrupts when a byte is received
GAS LISTING /tmp/ccULZha7.s 			page 4


  51:main.c        **** static __inline__
  52:main.c        **** void processReceivedByte(uint8_t receivedByte, uint8_t byteNum)
  53:main.c        **** 	__attribute__((__always_inline__));
  54:main.c        **** //Called immediately by the i2c interrupts when a byte is to be loaded
  55:main.c        **** // for transmission
  56:main.c        **** static __inline__
  57:main.c        **** uint8_t nextByteToTransmit(uint8_t masterACKed)
  58:main.c        **** 	__attribute__((__always_inline__));;
  59:main.c        **** 
  60:main.c        **** 
  61:main.c        **** 
  62:main.c        **** 
  63:main.c        **** #define USICNT_MASK ((1<<USICNT3)|(1<<USICNT2)|(1<<USICNT1)|(1<<USICNT0))
  64:main.c        **** // There are four basic states: 
  65:main.c        **** //    Awaiting Start Condition
  66:main.c        **** //    ACK Transmission
  67:main.c        **** //		Address
  68:main.c        **** //    Data (read/write)
  69:main.c        **** // AWAITING values are set... others are read... (helps for readability)
  70:main.c        **** #define USI_STATE_AWAITING_START		0
  71:main.c        **** #define USI_STATE_AWAITING_START_SCL 1
  72:main.c        **** #define USI_STATE_START_SCL_RECEIVED USI_STATE_AWAITING_START_SCL
  73:main.c        **** #define USI_STATE_AWAITING_ADDRESS	2
  74:main.c        **** #define USI_STATE_ADDRESS_RECEIVED 	USI_STATE_AWAITING_ADDRESS
  75:main.c        **** #define USI_STATE_AWAITING_ACK		3
  76:main.c        **** #define USI_STATE_ACK_COMPLETE		USI_STATE_AWAITING_ACK
  77:main.c        **** #define USI_STATE_AWAITING_BYTE	   4
  78:main.c        **** #define USI_STATE_BYTE_COMPLETE		USI_STATE_AWAITING_BYTE
  79:main.c        **** 
  80:main.c        **** //uint8_t usi_i2c_deviceAddressReceived = FALSE;
  81:main.c        **** uint8_t usi_i2c_byteToTransmit = 0xff; //0xA5;
  82:main.c        **** uint8_t usi_i2c_state = USI_STATE_AWAITING_START;
  83:main.c        **** uint8_t usi_i2c_readFromSlave = 0;
  84:main.c        **** uint8_t usi_i2c_requestedAddres = 0;
  85:main.c        **** uint8_t usi_i2c_receivedByte = 0;
  86:main.c        **** 
  87:main.c        **** #define SDA_PIN	PB0
  88:main.c        **** #define SCL_PIN	PB2
  89:main.c        **** #define SDAPORT	PORTB
  90:main.c        **** #define SCLPORT	PORTB
  91:main.c        **** 
  92:main.c        **** // This can be called in two cases:
  93:main.c        **** //   upon INIT
  94:main.c        **** //   and when a different slave has been addressed
  95:main.c        **** //      from an overflow interrupt
  96:main.c        **** void usi_i2c_awaitStart(void)
  97:main.c        **** {
 122               		.stabn	68,0,97,.LM0-.LFBB1
 123               	.LM0:
 124               	.LFBB1:
 125               	/* prologue: function */
 126               	/* frame size = 0 */
 127               	/* stack size = 0 */
 128               	.L__stack_usage = 0
  98:main.c        **** 	usi_i2c_state = USI_STATE_AWAITING_START;
 129               		.stabn	68,0,98,.LM1-.LFBB1
 130               	.LM1:
GAS LISTING /tmp/ccULZha7.s 			page 5


 131 0000 1092 0000 		sts usi_i2c_state,__zero_reg__
  99:main.c        **** 
 100:main.c        ****    //Clear the interrupt flags, etc. first...
 101:main.c        **** 	// NOTE This will release SCL hold (i.e. different slave addressed)
 102:main.c        ****    USISR = (1<<USISIF) //Start Condition Interrupt Flag
 132               		.stabn	68,0,102,.LM2-.LFBB1
 133               	.LM2:
 134 0004 80EE      		ldi r24,lo8(-32)
 135 0006 8EB9      		out 0xe,r24
 103:main.c        ****                        //  (ONLY cleared when written 1)
 104:main.c        ****          | (1<<USIOIF) //Counter Overflow Interrupt Flag
 105:main.c        ****                        //  (ONLY cleared when written 1)
 106:main.c        ****          | (1<<USIPF)  //Stop Condition Flag (not an interrupt)
 107:main.c        ****          | (0<<USIDC)  //Data Collision Flag (Read-Only, not an interrupt)
 108:main.c        ****          | (USICNT_MASK & 0); //Clear the USI counter
 109:main.c        **** 
 110:main.c        **** 
 111:main.c        ****    //Configure the USI to look for Start-Condition
 112:main.c        ****    USICR = (1<<USISIE) //Enable the start-condition interrupt
 136               		.stabn	68,0,112,.LM3-.LFBB1
 137               	.LM3:
 138 0008 88EA      		ldi r24,lo8(-88)
 139 000a 8DB9      		out 0xd,r24
 113:main.c        ****          | (0<<USIOIE) //Disable the counter-overflow interrupt
 114:main.c        ****          | (1<<USIWM1) //Enable two-wire mode 
 115:main.c        **** 							  // with SCL hold during start-condition
 116:main.c        ****          | (0<<USIWM0) // without SCL hold during overflow
 117:main.c        **** 							  // will be set later
 118:main.c        ****          | (1<<USICS1) //Select external clocking
 119:main.c        ****          | (0<<USICS0) //  positive-edge
 120:main.c        ****          | (0<<USICLK) //  4-bit counter counts on both external edges
 121:main.c        ****          | (0<<USITC); // DON'T toggle the clock pin 
 122:main.c        ****                        // (this should always be 0)
 123:main.c        **** 
 124:main.c        **** 	setpinPORT(SDA_PIN, SDAPORT);
 140               		.stabn	68,0,124,.LM4-.LFBB1
 141               	.LM4:
 142 000c C09A      		sbi 0x18,0
 125:main.c        **** 	setpinPORT(SCL_PIN, SCLPORT);
 143               		.stabn	68,0,125,.LM5-.LFBB1
 144               	.LM5:
 145 000e C29A      		sbi 0x18,2
 126:main.c        **** 
 127:main.c        **** 	setinPORT(SDA_PIN, SDAPORT);
 146               		.stabn	68,0,127,.LM6-.LFBB1
 147               	.LM6:
 148 0010 B898      		cbi 0x17,0
 128:main.c        **** 	//Enable SCL-hold during the start-condition 
 129:main.c        **** 	setoutPORT(SCL_PIN, SCLPORT);
 149               		.stabn	68,0,129,.LM7-.LFBB1
 150               	.LM7:
 151 0012 BA9A      		sbi 0x17,2
 152               	/* epilogue start */
 130:main.c        **** }
 153               		.stabn	68,0,130,.LM8-.LFBB1
 154               	.LM8:
 155 0014 0895      		ret
GAS LISTING /tmp/ccULZha7.s 			page 6


 156               		.size	usi_i2c_awaitStart, .-usi_i2c_awaitStart
 157               	.Lscope1:
 158               		.stabs	"",36,0,0,.Lscope1-.LFBB1
 159               		.stabd	78,0,0
 160               		.stabs	"usi_i2c_awaitStartSCL:F(0,50)",36,0,143,usi_i2c_awaitStartSCL
 161               	.global	usi_i2c_awaitStartSCL
 162               		.type	usi_i2c_awaitStartSCL, @function
 163               	usi_i2c_awaitStartSCL:
 164               		.stabd	46,0,0
 131:main.c        **** 
 132:main.c        **** 
 133:main.c        **** 
 134:main.c        **** //Initialize the counter to count
 135:main.c        **** //Clear the counter-overflow flag to
 136:main.c        **** //Release SCL
 137:main.c        **** // 16 clock edges will signal 8 bits received (count=0)
 138:main.c        **** // 2 clock edges will signal ACK transmitted (count=14)
 139:main.c        **** #define USI_I2C_OVERFLOW_RELEASE_SCL_AND_SET_COUNTER(count) \
 140:main.c        ****    (USISR = ((1<<USIOIF) | (USICNT_MASK & (count))))
 141:main.c        **** 
 142:main.c        **** //This is called after a start-condition
 143:main.c        **** void usi_i2c_awaitStartSCL(void)
 144:main.c        **** {
 165               		.stabn	68,0,144,.LM9-.LFBB2
 166               	.LM9:
 167               	.LFBB2:
 168               	/* prologue: function */
 169               	/* frame size = 0 */
 170               	/* stack size = 0 */
 171               	.L__stack_usage = 0
 145:main.c        **** 	usi_i2c_state = USI_STATE_AWAITING_START_SCL;
 172               		.stabn	68,0,145,.LM10-.LFBB2
 173               	.LM10:
 174 0016 81E0      		ldi r24,lo8(1)
 175 0018 8093 0000 		sts usi_i2c_state,r24
 146:main.c        **** 
 147:main.c        **** 	//Before enabling the counter-overflow interrupt
 148:main.c        **** 	// make sure the flag is clear
 149:main.c        **** 	// this will also clear the counter... watch out!
 150:main.c        **** 	USISR = (1<<USIOIF);
 176               		.stabn	68,0,150,.LM11-.LFBB2
 177               	.LM11:
 178 001c 80E4      		ldi r24,lo8(64)
 179 001e 8EB9      		out 0xe,r24
 151:main.c        **** 
 152:main.c        ****    //Configure the USI to look for counter-overflow (start SCL received)
 153:main.c        ****    USICR = (1<<USISIE) //Enable the start-condition interrupt
 180               		.stabn	68,0,153,.LM12-.LFBB2
 181               	.LM12:
 182 0020 88EF      		ldi r24,lo8(-8)
 183 0022 8DB9      		out 0xd,r24
 154:main.c        ****          | (1<<USIOIE) //Enable the counter-overflow interrupt
 155:main.c        ****                        // WE'RE READY!!!
 156:main.c        ****          | (1<<USIWM1) //Enable two-wire mode
 157:main.c        ****          | (1<<USIWM0) // with SCL hold during overflow
 158:main.c        ****          | (1<<USICS1) //Select external clocking
 159:main.c        ****          | (0<<USICS0) //  positive-edge
GAS LISTING /tmp/ccULZha7.s 			page 7


 160:main.c        ****          | (0<<USICLK) //  4-bit counter counts on both external edges
 161:main.c        ****          | (0<<USITC); // DON'T toggle the clock pin 
 162:main.c        ****                        // (this should always be 0)
 163:main.c        **** 
 164:main.c        **** 	//Don't clear the USISIF, SCL should be released AFTER it's received!
 165:main.c        **** 	// ONE SCL change (high to low) should be counted before we're
 166:main.c        **** 	//   before we're ready for 16 edges signalling address+r/w received
 167:main.c        **** 	//APPARENTLY the USI_START_vect ISR is called until USISIF is cleared
 168:main.c        **** 	// Unless the start-SCL occurs before the overflow interrupt is enabled
 169:main.c        **** 	//  this should have the same effect (the overflow interrupt stalls SCL)
 170:main.c        **** 	// However, if the start-SCL is too fast to detect, then we're screwed
 171:main.c        **** 	// all of, what, an interrupt-jump and a few instructions?
 172:main.c        **** 	//  Maybe revisit the zipped version (using a while loop instead of
 173:main.c        **** 	//   states)
 174:main.c        **** 	// also inline this function...
 175:main.c        **** 	USISR = (1<<USISIF) | (USICNT_MASK & 15);
 184               		.stabn	68,0,175,.LM13-.LFBB2
 185               	.LM13:
 186 0024 8FE8      		ldi r24,lo8(-113)
 187 0026 8EB9      		out 0xe,r24
 188               	/* epilogue start */
 176:main.c        **** 	
 177:main.c        **** //	USISR = (USICNT_MASK & 15);
 178:main.c        **** //	static uint8_t callCount = 0;
 179:main.c        **** //	if(callCount < 15)
 180:main.c        **** //		callCount++;
 181:main.c        **** //	set_heartBlink(callCount);
 182:main.c        **** }
 189               		.stabn	68,0,182,.LM14-.LFBB2
 190               	.LM14:
 191 0028 0895      		ret
 192               		.size	usi_i2c_awaitStartSCL, .-usi_i2c_awaitStartSCL
 193               	.Lscope2:
 194               		.stabs	"",36,0,0,.Lscope2-.LFBB2
 195               		.stabd	78,0,0
 196               		.stabs	"usi_i2c_slaveInit:F(0,50)",36,0,186,usi_i2c_slaveInit
 197               	.global	usi_i2c_slaveInit
 198               		.type	usi_i2c_slaveInit, @function
 199               	usi_i2c_slaveInit:
 200               		.stabd	46,0,0
 183:main.c        **** 
 184:main.c        **** 
 185:main.c        **** 
 186:main.c        **** void usi_i2c_slaveInit(void)
 187:main.c        **** {
 201               		.stabn	68,0,187,.LM15-.LFBB3
 202               	.LM15:
 203               	.LFBB3:
 204               	/* prologue: function */
 205               	/* frame size = 0 */
 206               	/* stack size = 0 */
 207               	.L__stack_usage = 0
 188:main.c        **** 	usi_i2c_awaitStart();
 208               		.stabn	68,0,188,.LM16-.LFBB3
 209               	.LM16:
 210 002a 00C0      		rjmp usi_i2c_awaitStart
 211               		.size	usi_i2c_slaveInit, .-usi_i2c_slaveInit
GAS LISTING /tmp/ccULZha7.s 			page 8


 212               	.Lscope3:
 213               		.stabs	"",36,0,0,.Lscope3-.LFBB3
 214               		.stabd	78,0,0
 215               		.stabs	"__vector_13:F(0,50)",36,0,193,__vector_13
 216               	.global	__vector_13
 217               		.type	__vector_13, @function
 218               	__vector_13:
 219               		.stabd	46,0,0
 189:main.c        **** }
 190:main.c        **** 
 191:main.c        **** uint8_t heartBlinkInternal = 0;
 192:main.c        **** 
 193:main.c        **** ISR(USI_START_vect)
 194:main.c        **** {
 220               		.stabn	68,0,194,.LM17-.LFBB4
 221               	.LM17:
 222               	.LFBB4:
 223 002c 1F92      		push r1
 224 002e 0F92      		push r0
 225 0030 0FB6      		in r0,__SREG__
 226 0032 0F92      		push r0
 227 0034 1124      		clr __zero_reg__
 228 0036 2F93      		push r18
 229 0038 3F93      		push r19
 230 003a 4F93      		push r20
 231 003c 5F93      		push r21
 232 003e 6F93      		push r22
 233 0040 7F93      		push r23
 234 0042 8F93      		push r24
 235 0044 9F93      		push r25
 236 0046 AF93      		push r26
 237 0048 BF93      		push r27
 238 004a EF93      		push r30
 239 004c FF93      		push r31
 240               	/* prologue: Signal */
 241               	/* frame size = 0 */
 242               	/* stack size = 15 */
 243               	.L__stack_usage = 15
 195:main.c        **** 	// The start condition interrupt occurs when SDA is pulled low
 196:main.c        **** 	//   WHEN SCL is high...
 197:main.c        **** 	// Which means that the device will count an edge when SCL goes low...
 198:main.c        **** 	//   Thus, the number of clock edges will be 17 for the first 8 bits!!!
 199:main.c        **** 	//THIS IS A HACK AND SHOULD NOT BE IMPLEMENTED:
 200:main.c        **** //	while(getpinPORT(SCL_PIN, SCLPORT))
 201:main.c        **** //	{};
 202:main.c        **** 	// Should be fixed now, with the new AWAITING_START_SCL state
 203:main.c        **** 
 204:main.c        **** 	heartBlinkInternal++;
 244               		.stabn	68,0,204,.LM18-.LFBB4
 245               	.LM18:
 246 004e 8091 0000 		lds r24,heartBlinkInternal
 247 0052 8F5F      		subi r24,lo8(-(1))
 248 0054 8093 0000 		sts heartBlinkInternal,r24
 205:main.c        **** 	//set_heartBlink(heartBlinkInternal);
 206:main.c        **** 
 207:main.c        **** 	//A Start-Detection has occurred
 208:main.c        **** 	// The slaves (including this device) have pulled SCL low
GAS LISTING /tmp/ccULZha7.s 			page 9


 209:main.c        **** 	// (from the manual):
 210:main.c        **** 	//  The start detector will hold the SCL line low after the master has
 211:main.c        **** 	//  forced a negative edge on this line. This allows the slave to wake
 212:main.c        **** 	//  up from sleep or complete other tasks before setting up the USI 
 213:main.c        **** 	//  Data Register to receive the address. This is done by clearing the 
 214:main.c        **** 	//  start condition flag and resetting the counter. 
 215:main.c        **** 
 216:main.c        **** 	//NOT CERTAIN this is necessary
 217:main.c        **** 	// Shouldn't be, since the pin is set as an input...
 218:main.c        **** 	//   unless a START is received in the middle of a slave-write???
 219:main.c        **** 	// From the diagram showing the connections of the shift-registers
 220:main.c        **** 	// it seems we need this to prevent data collision
 221:main.c        **** 	//setinPORT(SDA_PIN, SDAPORT);
 222:main.c        **** 	//USIDR = 0xff;	
 223:main.c        **** 
 224:main.c        **** 	//Set the pin directions...
 225:main.c        **** 	// Make sure, just in case a start-condition interrupts a slave-write...
 226:main.c        **** 	setinPORT(SDA_PIN, SDAPORT);
 249               		.stabn	68,0,226,.LM19-.LFBB4
 250               	.LM19:
 251 0058 B898      		cbi 0x17,0
 227:main.c        **** 	// Leave the CLOCK pin active for SCL-hold at the first overflow
 228:main.c        **** 	// (once we've received address/direction)
 229:main.c        **** 	setoutPORT(SCL_PIN, SDAPORT);
 252               		.stabn	68,0,229,.LM20-.LFBB4
 253               	.LM20:
 254 005a BA9A      		sbi 0x17,2
 230:main.c        **** 
 231:main.c        **** 	//Indicate that the address hasn't yet been received
 232:main.c        **** 	// (it should be the first byte transmitted)
 233:main.c        **** 	usi_i2c_awaitStartSCL();
 255               		.stabn	68,0,233,.LM21-.LFBB4
 256               	.LM21:
 257 005c 00D0      		rcall usi_i2c_awaitStartSCL
 258               	/* epilogue start */
 234:main.c        **** 
 235:main.c        **** 	//heartClear();
 236:main.c        **** }
 259               		.stabn	68,0,236,.LM22-.LFBB4
 260               	.LM22:
 261 005e FF91      		pop r31
 262 0060 EF91      		pop r30
 263 0062 BF91      		pop r27
 264 0064 AF91      		pop r26
 265 0066 9F91      		pop r25
 266 0068 8F91      		pop r24
 267 006a 7F91      		pop r23
 268 006c 6F91      		pop r22
 269 006e 5F91      		pop r21
 270 0070 4F91      		pop r20
 271 0072 3F91      		pop r19
 272 0074 2F91      		pop r18
 273 0076 0F90      		pop r0
 274 0078 0FBE      		out __SREG__,r0
 275 007a 0F90      		pop r0
 276 007c 1F90      		pop r1
 277 007e 1895      		reti
GAS LISTING /tmp/ccULZha7.s 			page 10


 278               		.size	__vector_13, .-__vector_13
 279               	.Lscope4:
 280               		.stabs	"",36,0,0,.Lscope4-.LFBB4
 281               		.stabd	78,0,0
 282               		.stabs	"__vector_14:F(0,50)",36,0,254,__vector_14
 283               	.global	__vector_14
 284               		.type	__vector_14, @function
 285               	__vector_14:
 286               		.stabd	46,0,0
 237:main.c        **** 
 238:main.c        **** //shifted right once to account for R/W bit...
 239:main.c        **** #define USI_I2C_MYEDIDADDRESS 0x50
 240:main.c        **** #define USI_I2C_MYLEDADDRESS	0x60
 241:main.c        **** 
 242:main.c        **** #define usi_i2c_isMyAddress(addr) \
 243:main.c        **** 	( ((addr) == USI_I2C_MYEDIDADDRESS)\
 244:main.c        **** 	| ((addr) == USI_I2C_MYLEDADDRESS) )
 245:main.c        **** 
 246:main.c        **** 
 247:main.c        **** // In case this device handles multiple addresses... (NYI)
 248:main.c        **** uint8_t usi_i2c_requestedAddress = 0;
 249:main.c        **** 
 250:main.c        **** uint8_t byteNum = 0;
 251:main.c        **** 
 252:main.c        **** //Basically, everything after the start-condition
 253:main.c        **** // ACK and bytes...
 254:main.c        **** ISR(USI_OVF_vect)
 255:main.c        **** {
 287               		.stabn	68,0,255,.LM23-.LFBB5
 288               	.LM23:
 289               	.LFBB5:
 290 0080 1F92      		push r1
 291 0082 0F92      		push r0
 292 0084 0FB6      		in r0,__SREG__
 293 0086 0F92      		push r0
 294 0088 1124      		clr __zero_reg__
 295 008a 2F93      		push r18
 296 008c 3F93      		push r19
 297 008e 4F93      		push r20
 298 0090 5F93      		push r21
 299 0092 6F93      		push r22
 300 0094 7F93      		push r23
 301 0096 8F93      		push r24
 302 0098 9F93      		push r25
 303 009a AF93      		push r26
 304 009c BF93      		push r27
 305 009e EF93      		push r30
 306 00a0 FF93      		push r31
 307               	/* prologue: Signal */
 308               	/* frame size = 0 */
 309               	/* stack size = 15 */
 310               	.L__stack_usage = 15
 256:main.c        **** 	//The USI counter has overflowed... this occurs in a couple cases..
 257:main.c        **** 	// First: After the address and r/w bit have been received
 258:main.c        **** 	// Second: After the ACK bit has been transmitted (by the slave)
 259:main.c        **** 	// Third: After the first data-byte has been received
 260:main.c        **** 	// Fourth: After the ACK bit has been transmitted for it...
GAS LISTING /tmp/ccULZha7.s 			page 11


 261:main.c        **** 	// and so on...
 262:main.c        **** 
 263:main.c        **** 	//The counter-overflow also pulls SCL Low (from the manual):
 264:main.c        **** 	// After eight bits containing slave address and data direction 
 265:main.c        **** 	// (read or write) have been transferred, the slave counter overflows 
 266:main.c        **** 	// and the SCL line is forced low. 
 267:main.c        **** 
 268:main.c        **** 	// If the slave is not the one the 
 269:main.c        **** 	// master has addressed, it releases the SCL line and waits for a new 
 270:main.c        **** 	// start condition.
 271:main.c        **** 
 272:main.c        **** 
 273:main.c        **** 	//These cases are the same as AWAITING, except if we're here,
 274:main.c        **** 	// then we're no longer awaiting them...
 275:main.c        **** 	switch(usi_i2c_state)
 311               		.stabn	68,0,275,.LM24-.LFBB5
 312               	.LM24:
 313 00a2 8091 0000 		lds r24,usi_i2c_state
 314 00a6 8230      		cpi r24,lo8(2)
 315 00a8 01F4      		brne .+2
 316 00aa 00C0      		rjmp .L7
 317 00ac 00F4      		brsh .L8
 318 00ae 8130      		cpi r24,lo8(1)
 319 00b0 01F0      		breq .L9
 320               	.L6:
 321               	.LBB12:
 276:main.c        **** 	{
 277:main.c        **** 		// The start condition interrupt occurs immediately when SDA goes low
 278:main.c        **** 		//  while SCL is high. The SCL line needs to go low once before
 279:main.c        **** 		//  data can be transmitted (this was a BITCH to find)
 280:main.c        **** 		//  in other words, there are 17 clock edges between the start-
 281:main.c        **** 		//  condition and having fully received the r/w bit
 282:main.c        **** 		case USI_STATE_START_SCL_RECEIVED:
 283:main.c        **** 	//		usi_i2c_awaitAddress();
 284:main.c        **** 			usi_i2c_state = USI_STATE_AWAITING_ADDRESS;
 285:main.c        **** 
 286:main.c        **** 		   //Clear the Start-Condition flag to release SCL
 287:main.c        **** 			// ALSO the Overflow flag for the same reason
 288:main.c        **** 			// ALSO: set the counter
 289:main.c        **** 			//   16 clock edges will signal 8 bits received (address+r/w)
 290:main.c        **** 			USISR = (1<<USISIF) //Start Condition Interrupt Flag
 291:main.c        **** 										//  (ONLY cleared when written 1)
 292:main.c        **** 					| (1<<USIOIF)	//Overflow flag 
 293:main.c        **** 		         | (USICNT_MASK & 0); //Clear the USI counter
 294:main.c        **** 
 295:main.c        **** 			break;
 296:main.c        **** 		case USI_STATE_ADDRESS_RECEIVED:
 297:main.c        **** 			{};
 298:main.c        **** 
 299:main.c        **** 			byteNum = 0;
 300:main.c        **** 			//heartClear();
 301:main.c        **** 			//Check to see if it's ours...
 302:main.c        **** 			uint8_t udrTemp = USIDR;
 303:main.c        **** 			//1 = master-read (slave-writes to SDA)
 304:main.c        **** 			//0 = master-write (slave-reads from SDA)
 305:main.c        **** 			usi_i2c_readFromSlave = udrTemp & 0x01;
 306:main.c        **** 			usi_i2c_requestedAddress = udrTemp >> 1;
GAS LISTING /tmp/ccULZha7.s 			page 12


 307:main.c        **** 			
 308:main.c        **** 			//From the manual:
 309:main.c        **** 			// When the slave is addressed, it holds the SDA line low during 
 310:main.c        **** 			// the acknowledgment cycle before holding the SCL line low again
 311:main.c        **** 			if( usi_i2c_isMyAddress(usi_i2c_requestedAddress) )
 312:main.c        **** 			{
 313:main.c        **** 				// Send ACK:
 314:main.c        **** 				// This is a hack:
 315:main.c        **** 				//  We get to this point on a falling-edge
 316:main.c        **** 				//  the USIDR bit 7 is loaded 0
 317:main.c        **** 				//  then the next rising edge it changes to bit 6
 318:main.c        **** 				//  the next falling edge triggers the AWAITING_ACK case below
 319:main.c        **** 				//  which releases bit 6 from the SDA pin
 320:main.c        **** 				//  The master pulls it low again for a STOP condition
 321:main.c        **** 				// It might be wiser to just set the PORT value...
 322:main.c        **** 				//USIDR = 0x3f; 
 323:main.c        **** 				USIDR = 0x00;
 324:main.c        **** 				setoutPORT(SDA_PIN, SDAPORT);
 325:main.c        **** 
 326:main.c        **** 	         usi_i2c_state = USI_STATE_AWAITING_ACK;
 327:main.c        **** 
 328:main.c        **** 	         //FTM:
 329:main.c        **** 	         // (The USI Counter Register is set to 14 before releasing SCL)
 330:main.c        **** 				USI_I2C_OVERFLOW_RELEASE_SCL_AND_SET_COUNTER(14);
 331:main.c        **** 			}
 332:main.c        **** 			else //Another slave was addressed
 333:main.c        **** 				usi_i2c_awaitStart();
 334:main.c        **** 
 335:main.c        **** 			break;
 336:main.c        **** 		//ACK has been transmitted from/to this device...
 337:main.c        **** 		case USI_STATE_ACK_COMPLETE:
 338:main.c        **** 			if(!usi_i2c_readFromSlave)	//slaveRead
 339:main.c        **** 			{
 340:main.c        **** 				//Release SDA from the ACK (we'll be reading...)
 341:main.c        **** 				setinPORT(SDA_PIN, SDAPORT);
 342:main.c        **** 				//Shouldn't be necessary with above, but can't hurt...
 343:main.c        **** 				//UDR = 0xff; 
 344:main.c        **** 			}
 345:main.c        **** 			else //slaveWrite
 346:main.c        **** 			{
 347:main.c        **** 				uint8_t masterACK;
 348:main.c        **** 				// First ACK will be this device's response to address+r/w
 349:main.c        **** 				// Read the master's ACK?
 350:main.c        **** 				// I guess it'd be stupid to send a read request without
 351:main.c        **** 				// actually reading a byte, but I've done it for testing...
 352:main.c        **** 				// but if that's the case, then the byteToTransmit will be 
 353:main.c        **** 				// decremented anyhow... Not sure how to handle this yet...
 354:main.c        **** 				// OTOH: if a read is requested a byte MUST be transferred
 355:main.c        **** 				// otherwise a bit-7 = 0 loaded would prevent a master-stop
 356:main.c        **** 				masterACK = !(USIDR & 0x01);
 357:main.c        **** 
 358:main.c        **** 				if(byteNum)// && !(USIDR & 0x01))
 359:main.c        **** 				{
 360:main.c        **** 					heartBlinkInternal+= 0x10;
 361:main.c        **** 					//set_heartBlink(heartBlinkInternal);
 362:main.c        **** 				}
 363:main.c        **** 
GAS LISTING /tmp/ccULZha7.s 			page 13


 364:main.c        **** 				//Load the byte to write to the master...
 365:main.c        **** 				//USIDR = usi_i2c_byteToTransmit;
 366:main.c        **** 
 367:main.c        **** 				//if we load the next byte and its bit7 is 0
 368:main.c        **** 				// it will hold SDA low when the master tries to 
 369:main.c        **** 				// pull it high for a stop-condition!
 370:main.c        **** 				if(masterACK)
 371:main.c        **** 					USIDR = nextByteToTransmit(masterACK);
 372:main.c        **** 				else
 373:main.c        **** 					USIDR = 0xff;
 374:main.c        **** 
 375:main.c        **** 				//Decrement IF the master sent ACK...
 376:main.c        **** 				//if(masterACK)
 377:main.c        **** 				//	usi_i2c_byteToTransmit--;
 378:main.c        **** 				
 379:main.c        **** 				setoutPORT(SDA_PIN, SDAPORT);
 380:main.c        **** 			}
 381:main.c        **** 
 382:main.c        **** 			usi_i2c_state = USI_STATE_AWAITING_BYTE;
 383:main.c        **** 
 384:main.c        **** 			USI_I2C_OVERFLOW_RELEASE_SCL_AND_SET_COUNTER(0);
 385:main.c        **** 			//heartClear();
 386:main.c        **** 			break;
 387:main.c        **** 		case USI_STATE_BYTE_COMPLETE:  //BYTE transmitted/received
 388:main.c        **** 			byteNum++;
 389:main.c        **** 			// Get the byte (if receiving)
 390:main.c        **** 			if(!usi_i2c_readFromSlave)
 391:main.c        **** 			{
 392:main.c        **** 				processReceivedByte(USIDR, byteNum);
 393:main.c        **** 				//usi_i2c_receivedByte = USIDR;
 394:main.c        **** 				heartBlinkInternal = usi_i2c_receivedByte;
 395:main.c        **** 				//set_heartBlink(heartBlinkInternal);
 396:main.c        **** //				heartClear();
 397:main.c        **** 
 398:main.c        **** 				// Also, we need to send an ACK...
 399:main.c        **** 				USIDR = 0x3f;
 400:main.c        **** 				setoutPORT(SDA_PIN, SDAPORT);
 401:main.c        **** 			}
 402:main.c        **** 			else //slaveWrite
 403:main.c        **** 			{
 404:main.c        **** 				// The master sends the ACK in this case...
 405:main.c        **** 				setinPORT(SDA_PIN, SDAPORT);
 406:main.c        **** 				USIDR = 0xff;
 407:main.c        **** //				heartClear();
 408:main.c        **** 			}
 409:main.c        **** 
 410:main.c        **** 			//Reload the counter to interrupt after the ACK
 411:main.c        **** 			USI_I2C_OVERFLOW_RELEASE_SCL_AND_SET_COUNTER(14);
 412:main.c        **** 
 413:main.c        **** 			usi_i2c_state = USI_STATE_AWAITING_ACK;
 414:main.c        **** 			//heartClear();
 415:main.c        ****          break;
 416:main.c        **** 		//Shouldn't get here...
 417:main.c        **** 		default:
 418:main.c        **** 			usi_i2c_state = 0x77;
 322               		.stabn	68,0,418,.LM25-.LFBB5
 323               	.LM25:
GAS LISTING /tmp/ccULZha7.s 			page 14


 324 00b2 87E7      		ldi r24,lo8(119)
 325 00b4 00C0      		rjmp .L53
 326               	.L8:
 327 00b6 2091 0000 		lds r18,usi_i2c_readFromSlave
 328               	.LBE12:
 275:main.c        **** 	{
 329               		.stabn	68,0,275,.LM26-.LFBB5
 330               	.LM26:
 331 00ba 8330      		cpi r24,lo8(3)
 332 00bc 01F4      		brne .+2
 333 00be 00C0      		rjmp .L10
 334 00c0 8430      		cpi r24,lo8(4)
 335 00c2 01F4      		brne .L6
 336               	.LBB25:
 388:main.c        **** 			// Get the byte (if receiving)
 337               		.stabn	68,0,388,.LM27-.LFBB5
 338               	.LM27:
 339 00c4 9091 0000 		lds r25,byteNum
 340 00c8 9F5F      		subi r25,lo8(-(1))
 341 00ca 9093 0000 		sts byteNum,r25
 390:main.c        **** 			{
 342               		.stabn	68,0,390,.LM28-.LFBB5
 343               	.LM28:
 344 00ce 2111      		cpse r18,__zero_reg__
 345 00d0 00C0      		rjmp .L26
 392:main.c        **** 				//usi_i2c_receivedByte = USIDR;
 346               		.stabn	68,0,392,.LM29-.LFBB5
 347               	.LM29:
 348 00d2 8FB1      		in r24,0xf
 349               	.LBB13:
 350               	.LBB14:
 419:main.c        **** 			//set_heartBlink(0x77);
 420:main.c        **** 			break;
 421:main.c        **** 	}
 422:main.c        **** 
 423:main.c        **** 
 424:main.c        **** 	//I want it to blink if it's not yet read the EDID...
 425:main.c        **** 	if((usi_i2c_readFromSlave)
 426:main.c        **** 		 && (usi_i2c_state == 4)
 427:main.c        **** 		 && (usi_i2c_requestedAddress == USI_I2C_MYEDIDADDRESS))
 428:main.c        **** 		set_heartBlink(0);
 429:main.c        **** 	//set_heartBlink((!(usi_i2c_readFromSlave)<<4) | usi_i2c_state);
 430:main.c        **** }
 431:main.c        **** 
 432:main.c        **** uint8_t ledsControlled = FALSE;
 433:main.c        **** 
 434:main.c        **** #define incrementEDIDIndex()	\
 435:main.c        **** {\
 436:main.c        **** 	edidArrayIndex++;\
 437:main.c        **** 	if(edidArrayIndex == EDIDARRAYLENGTH) \
 438:main.c        **** 		edidArrayIndex = 0; \
 439:main.c        **** }
 440:main.c        **** 
 441:main.c        **** #define setEDIDIndex(index) \
 442:main.c        **** {\
 443:main.c        **** 	edidArrayIndex = index;\
 444:main.c        **** 	edidArrayIndex%=EDIDARRAYLENGTH;\
GAS LISTING /tmp/ccULZha7.s 			page 15


 445:main.c        **** }
 446:main.c        **** 
 447:main.c        **** #define incrementLEDIndex() \
 448:main.c        **** {\
 449:main.c        **** 	ledIndex++;\
 450:main.c        **** 	if(ledIndex == 3)\
 451:main.c        **** 		ledIndex = 0;\
 452:main.c        **** }
 453:main.c        **** 
 454:main.c        **** 
 455:main.c        **** //Interesting I haven't run into this before...
 456:main.c        **** //	if(blah)
 457:main.c        **** //		setLEDIndex(blah);
 458:main.c        **** //	else
 459:main.c        **** //	{ blah }
 460:main.c        **** // APPARENTLY the semicolon causes the if statement to be closed (?)
 461:main.c        **** #define setLEDIndex(index) \
 462:main.c        **** {\
 463:main.c        **** 	ledIndex = index;\
 464:main.c        **** 	ledIndex %= 3;\
 465:main.c        **** }
 466:main.c        **** 
 467:main.c        **** void processReceivedByte(uint8_t receivedByte, uint8_t byteNum)
 468:main.c        **** {
 469:main.c        ****   if(usi_i2c_requestedAddress == USI_I2C_MYEDIDADDRESS)
 351               		.stabn	68,0,469,.LM30-.LFBB5
 352               	.LM30:
 353 00d4 2091 0000 		lds r18,usi_i2c_requestedAddress
 354 00d8 2035      		cpi r18,lo8(80)
 355 00da 01F0      		breq .+2
 356 00dc 00C0      		rjmp .L27
 470:main.c        ****   {
 471:main.c        **** 	if(byteNum == 1)
 357               		.stabn	68,0,471,.LM31-.LFBB5
 358               	.LM31:
 359 00de 9130      		cpi r25,lo8(1)
 360 00e0 01F0      		breq .+2
 361 00e2 00C0      		rjmp .L28
 472:main.c        **** 	{
 473:main.c        **** 		// Could be that the EDID request doesn't send a byte-index...?
 474:main.c        **** 		//ledsControlled = FALSE;
 475:main.c        **** 		setEDIDIndex(receivedByte);
 362               		.stabn	68,0,475,.LM32-.LFBB5
 363               	.LM32:
 364 00e4 8F77      		andi r24,lo8(127)
 365 00e6 8093 0000 		sts edidArrayIndex,r24
 366               	.L29:
 367               	.LBE14:
 368               	.LBE13:
 394:main.c        **** 				//set_heartBlink(heartBlinkInternal);
 369               		.stabn	68,0,394,.LM33-.LFBB5
 370               	.LM33:
 371 00ea 8091 0000 		lds r24,usi_i2c_receivedByte
 372 00ee 8093 0000 		sts heartBlinkInternal,r24
 399:main.c        **** 				setoutPORT(SDA_PIN, SDAPORT);
 373               		.stabn	68,0,399,.LM34-.LFBB5
 374               	.LM34:
GAS LISTING /tmp/ccULZha7.s 			page 16


 375 00f2 8FE3      		ldi r24,lo8(63)
 376 00f4 8FB9      		out 0xf,r24
 400:main.c        **** 			}
 377               		.stabn	68,0,400,.LM35-.LFBB5
 378               	.LM35:
 379 00f6 B89A      		sbi 0x17,0
 380               	.L34:
 411:main.c        **** 
 381               		.stabn	68,0,411,.LM36-.LFBB5
 382               	.LM36:
 383 00f8 8EE4      		ldi r24,lo8(78)
 384 00fa 8EB9      		out 0xe,r24
 413:main.c        **** 			//heartClear();
 385               		.stabn	68,0,413,.LM37-.LFBB5
 386               	.LM37:
 387 00fc 83E0      		ldi r24,lo8(3)
 388               	.L53:
 418:main.c        **** 			//set_heartBlink(0x77);
 389               		.stabn	68,0,418,.LM38-.LFBB5
 390               	.LM38:
 391 00fe 8093 0000 		sts usi_i2c_state,r24
 420:main.c        **** 	}
 392               		.stabn	68,0,420,.LM39-.LFBB5
 393               	.LM39:
 394 0102 00C0      		rjmp .L12
 395               	.L9:
 284:main.c        **** 
 396               		.stabn	68,0,284,.LM40-.LFBB5
 397               	.LM40:
 398 0104 82E0      		ldi r24,lo8(2)
 399 0106 8093 0000 		sts usi_i2c_state,r24
 290:main.c        **** 										//  (ONLY cleared when written 1)
 400               		.stabn	68,0,290,.LM41-.LFBB5
 401               	.LM41:
 402 010a 80EC      		ldi r24,lo8(-64)
 403               	.L52:
 330:main.c        **** 			}
 404               		.stabn	68,0,330,.LM42-.LFBB5
 405               	.LM42:
 406 010c 8EB9      		out 0xe,r24
 407               	.L12:
 408               	.LBE25:
 425:main.c        **** 		 && (usi_i2c_state == 4)
 409               		.stabn	68,0,425,.LM43-.LFBB5
 410               	.LM43:
 411 010e 8091 0000 		lds r24,usi_i2c_readFromSlave
 412 0112 8823      		tst r24
 413 0114 01F0      		breq .L5
 426:main.c        **** 		 && (usi_i2c_requestedAddress == USI_I2C_MYEDIDADDRESS))
 414               		.stabn	68,0,426,.LM44-.LFBB5
 415               	.LM44:
 416 0116 8091 0000 		lds r24,usi_i2c_state
 417 011a 8430      		cpi r24,lo8(4)
 418 011c 01F4      		brne .L5
 427:main.c        **** 		set_heartBlink(0);
 419               		.stabn	68,0,427,.LM45-.LFBB5
 420               	.LM45:
GAS LISTING /tmp/ccULZha7.s 			page 17


 421 011e 8091 0000 		lds r24,usi_i2c_requestedAddress
 422 0122 8035      		cpi r24,lo8(80)
 423 0124 01F4      		brne .L5
 428:main.c        **** 	//set_heartBlink((!(usi_i2c_readFromSlave)<<4) | usi_i2c_state);
 424               		.stabn	68,0,428,.LM46-.LFBB5
 425               	.LM46:
 426 0126 80E0      		ldi r24,0
 427 0128 00D0      		rcall set_heartBlink
 428               	.L5:
 429               	/* epilogue start */
 430:main.c        **** 
 430               		.stabn	68,0,430,.LM47-.LFBB5
 431               	.LM47:
 432 012a FF91      		pop r31
 433 012c EF91      		pop r30
 434 012e BF91      		pop r27
 435 0130 AF91      		pop r26
 436 0132 9F91      		pop r25
 437 0134 8F91      		pop r24
 438 0136 7F91      		pop r23
 439 0138 6F91      		pop r22
 440 013a 5F91      		pop r21
 441 013c 4F91      		pop r20
 442 013e 3F91      		pop r19
 443 0140 2F91      		pop r18
 444 0142 0F90      		pop r0
 445 0144 0FBE      		out __SREG__,r0
 446 0146 0F90      		pop r0
 447 0148 1F90      		pop r1
 448 014a 1895      		reti
 449               	.L7:
 450               	.LBB26:
 299:main.c        **** 			//heartClear();
 451               		.stabn	68,0,299,.LM48-.LFBB5
 452               	.LM48:
 453 014c 1092 0000 		sts byteNum,__zero_reg__
 302:main.c        **** 			//1 = master-read (slave-writes to SDA)
 454               		.stabn	68,0,302,.LM49-.LFBB5
 455               	.LM49:
 456 0150 8FB1      		in r24,0xf
 305:main.c        **** 			usi_i2c_requestedAddress = udrTemp >> 1;
 457               		.stabn	68,0,305,.LM50-.LFBB5
 458               	.LM50:
 459 0152 982F      		mov r25,r24
 460 0154 9170      		andi r25,lo8(1)
 461 0156 9093 0000 		sts usi_i2c_readFromSlave,r25
 306:main.c        **** 			
 462               		.stabn	68,0,306,.LM51-.LFBB5
 463               	.LM51:
 464 015a 8695      		lsr r24
 465 015c 8093 0000 		sts usi_i2c_requestedAddress,r24
 311:main.c        **** 			{
 466               		.stabn	68,0,311,.LM52-.LFBB5
 467               	.LM52:
 468 0160 8035      		cpi r24,lo8(80)
 469 0162 01F0      		breq .L37
 470 0164 8036      		cpi r24,lo8(96)
GAS LISTING /tmp/ccULZha7.s 			page 18


 471 0166 01F4      		brne .L50
 472               	.L37:
 323:main.c        **** 				setoutPORT(SDA_PIN, SDAPORT);
 473               		.stabn	68,0,323,.LM53-.LFBB5
 474               	.LM53:
 475 0168 1FB8      		out 0xf,__zero_reg__
 324:main.c        **** 
 476               		.stabn	68,0,324,.LM54-.LFBB5
 477               	.LM54:
 478 016a B89A      		sbi 0x17,0
 326:main.c        **** 
 479               		.stabn	68,0,326,.LM55-.LFBB5
 480               	.LM55:
 481 016c 83E0      		ldi r24,lo8(3)
 482 016e 8093 0000 		sts usi_i2c_state,r24
 330:main.c        **** 			}
 483               		.stabn	68,0,330,.LM56-.LFBB5
 484               	.LM56:
 485 0172 8EE4      		ldi r24,lo8(78)
 486 0174 00C0      		rjmp .L52
 487               	.L50:
 333:main.c        **** 
 488               		.stabn	68,0,333,.LM57-.LFBB5
 489               	.LM57:
 490 0176 00D0      		rcall usi_i2c_awaitStart
 491 0178 00C0      		rjmp .L12
 492               	.L10:
 338:main.c        **** 			{
 493               		.stabn	68,0,338,.LM58-.LFBB5
 494               	.LM58:
 495 017a 2111      		cpse r18,__zero_reg__
 496 017c 00C0      		rjmp .L17
 341:main.c        **** 				//Shouldn't be necessary with above, but can't hurt...
 497               		.stabn	68,0,341,.LM59-.LFBB5
 498               	.LM59:
 499 017e B898      		cbi 0x17,0
 500               	.L18:
 382:main.c        **** 
 501               		.stabn	68,0,382,.LM60-.LFBB5
 502               	.LM60:
 503 0180 84E0      		ldi r24,lo8(4)
 504 0182 8093 0000 		sts usi_i2c_state,r24
 384:main.c        **** 			//heartClear();
 505               		.stabn	68,0,384,.LM61-.LFBB5
 506               	.LM61:
 507 0186 80E4      		ldi r24,lo8(64)
 508 0188 00C0      		rjmp .L52
 509               	.L17:
 510               	.LBB16:
 356:main.c        **** 
 511               		.stabn	68,0,356,.LM62-.LFBB5
 512               	.LM62:
 513 018a 8FB1      		in r24,0xf
 514 018c 8170      		andi r24,lo8(1)
 358:main.c        **** 				{
 515               		.stabn	68,0,358,.LM63-.LFBB5
 516               	.LM63:
GAS LISTING /tmp/ccULZha7.s 			page 19


 517 018e 9091 0000 		lds r25,byteNum
 518 0192 9923      		tst r25
 519 0194 01F0      		breq .L19
 360:main.c        **** 					//set_heartBlink(heartBlinkInternal);
 520               		.stabn	68,0,360,.LM64-.LFBB5
 521               	.LM64:
 522 0196 9091 0000 		lds r25,heartBlinkInternal
 523 019a 905F      		subi r25,lo8(-(16))
 524 019c 9093 0000 		sts heartBlinkInternal,r25
 525               	.L19:
 370:main.c        **** 					USIDR = nextByteToTransmit(masterACK);
 526               		.stabn	68,0,370,.LM65-.LFBB5
 527               	.LM65:
 528 01a0 8111      		cpse r24,__zero_reg__
 529 01a2 00C0      		rjmp .L20
 530               	.LBB17:
 531               	.LBB18:
 476:main.c        **** //		edidArrayIndex = receivedByte;
 477:main.c        **** 	}
 478:main.c        **** 	else
 479:main.c        **** 	{
 480:main.c        **** 		edidArray[edidArrayIndex] = receivedByte;
 481:main.c        **** 
 482:main.c        **** 		incrementEDIDIndex();
 483:main.c        **** 		//edidArrayIndex++;
 484:main.c        **** 		//edidArrayIndex &= 0x07;
 485:main.c        **** 	}
 486:main.c        ****   }
 487:main.c        ****   else if (usi_i2c_requestedAddress == USI_I2C_MYLEDADDRESS)
 488:main.c        ****   {
 489:main.c        **** 	
 490:main.c        **** 	ledsControlled = TRUE;
 491:main.c        **** 
 492:main.c        **** 	if(byteNum == 1)
 493:main.c        **** 	{
 494:main.c        **** 		setLEDIndex(receivedByte);
 495:main.c        **** 	}
 496:main.c        **** 	else
 497:main.c        **** 	{
 498:main.c        **** 		ledState[ledIndex] = receivedByte;
 499:main.c        **** 		incrementLEDIndex();
 500:main.c        **** 	}	
 501:main.c        ****   }
 502:main.c        **** }
 503:main.c        **** 
 504:main.c        **** uint8_t nextByteToTransmit(uint8_t masterACKed)
 505:main.c        **** {
 506:main.c        **** //	static uint8_t temp = 0;
 507:main.c        **** 
 508:main.c        **** //	return temp++;
 509:main.c        **** 
 510:main.c        ****   if(usi_i2c_requestedAddress == USI_I2C_MYEDIDADDRESS)
 532               		.stabn	68,0,510,.LM66-.LFBB5
 533               	.LM66:
 534 01a4 8091 0000 		lds r24,usi_i2c_requestedAddress
 535 01a8 8035      		cpi r24,lo8(80)
 536 01aa 01F4      		brne .L21
GAS LISTING /tmp/ccULZha7.s 			page 20


 537               	.LBB19:
 511:main.c        ****   {
 512:main.c        **** 	uint8_t temp = edidArray[edidArrayIndex];
 538               		.stabn	68,0,512,.LM67-.LFBB5
 539               	.LM67:
 540 01ac 8091 0000 		lds r24,edidArrayIndex
 541 01b0 E82F      		mov r30,r24
 542 01b2 F0E0      		ldi r31,0
 543 01b4 E050      		subi r30,lo8(-(edidArray))
 544 01b6 F040      		sbci r31,hi8(-(edidArray))
 545 01b8 9081      		ld r25,Z
 513:main.c        **** 
 514:main.c        **** 	ledsControlled = FALSE;
 546               		.stabn	68,0,514,.LM68-.LFBB5
 547               	.LM68:
 548 01ba 1092 0000 		sts ledsControlled,__zero_reg__
 515:main.c        **** 	if(masterACKed)
 516:main.c        **** 	{
 517:main.c        **** 		incrementEDIDIndex();
 549               		.stabn	68,0,517,.LM69-.LFBB5
 550               	.LM69:
 551 01be 8F5F      		subi r24,lo8(-(1))
 552 01c0 8038      		cpi r24,lo8(-128)
 553 01c2 01F0      		breq .L22
 554 01c4 8093 0000 		sts edidArrayIndex,r24
 555               	.L23:
 556               	.LBE19:
 557               	.LBE18:
 558               	.LBE17:
 371:main.c        **** 				else
 559               		.stabn	68,0,371,.LM70-.LFBB5
 560               	.LM70:
 561 01c8 9FB9      		out 0xf,r25
 562               	.L25:
 379:main.c        **** 			}
 563               		.stabn	68,0,379,.LM71-.LFBB5
 564               	.LM71:
 565 01ca B89A      		sbi 0x17,0
 566 01cc 00C0      		rjmp .L18
 567               	.L22:
 568               	.LBB23:
 569               	.LBB22:
 570               	.LBB20:
 571               		.stabn	68,0,517,.LM72-.LFBB5
 572               	.LM72:
 573 01ce 1092 0000 		sts edidArrayIndex,__zero_reg__
 574 01d2 00C0      		rjmp .L23
 575               	.L21:
 576               	.LBE20:
 518:main.c        **** //		edidArrayIndex++;
 519:main.c        **** 	}
 520:main.c        **** 
 521:main.c        **** //	edidArrayIndex &= 0x07;
 522:main.c        **** 
 523:main.c        **** 	return temp;
 524:main.c        ****   }
 525:main.c        ****   else if (usi_i2c_requestedAddress == USI_I2C_MYLEDADDRESS)
GAS LISTING /tmp/ccULZha7.s 			page 21


 526:main.c        ****   {
 527:main.c        **** 	uint8_t temp = ledState[ledIndex];
 528:main.c        **** 
 529:main.c        **** 	if(masterACKed)
 530:main.c        **** 	{
 531:main.c        **** 		incrementLEDIndex();
 532:main.c        **** 	}
 533:main.c        **** 
 534:main.c        **** 	return temp;
 535:main.c        ****   }
 536:main.c        **** 
 537:main.c        ****   //Should only get here if we're not address
 538:main.c        ****   // in which case we shouldn't even get here.
 539:main.c        ****   return 0xff;
 577               		.stabn	68,0,539,.LM73-.LFBB5
 578               	.LM73:
 579 01d4 9FEF      		ldi r25,lo8(-1)
 525:main.c        ****   {
 580               		.stabn	68,0,525,.LM74-.LFBB5
 581               	.LM74:
 582 01d6 8036      		cpi r24,lo8(96)
 583 01d8 01F4      		brne .L23
 584               	.LBB21:
 527:main.c        **** 
 585               		.stabn	68,0,527,.LM75-.LFBB5
 586               	.LM75:
 587 01da 8091 0000 		lds r24,ledIndex
 588 01de E82F      		mov r30,r24
 589 01e0 F0E0      		ldi r31,0
 590 01e2 E050      		subi r30,lo8(-(ledState))
 591 01e4 F040      		sbci r31,hi8(-(ledState))
 592 01e6 9081      		ld r25,Z
 531:main.c        **** 	}
 593               		.stabn	68,0,531,.LM76-.LFBB5
 594               	.LM76:
 595 01e8 8F5F      		subi r24,lo8(-(1))
 596 01ea 8330      		cpi r24,lo8(3)
 597 01ec 01F0      		breq .L24
 598 01ee 8093 0000 		sts ledIndex,r24
 599 01f2 00C0      		rjmp .L23
 600               	.L24:
 601 01f4 1092 0000 		sts ledIndex,__zero_reg__
 602 01f8 00C0      		rjmp .L23
 603               	.L20:
 604               	.LBE21:
 605               	.LBE22:
 606               	.LBE23:
 373:main.c        **** 
 607               		.stabn	68,0,373,.LM77-.LFBB5
 608               	.LM77:
 609 01fa 8FEF      		ldi r24,lo8(-1)
 610 01fc 8FB9      		out 0xf,r24
 611 01fe 00C0      		rjmp .L25
 612               	.L28:
 613               	.LBE16:
 614               	.LBB24:
 615               	.LBB15:
GAS LISTING /tmp/ccULZha7.s 			page 22


 480:main.c        **** 
 616               		.stabn	68,0,480,.LM78-.LFBB5
 617               	.LM78:
 618 0200 9091 0000 		lds r25,edidArrayIndex
 619 0204 E92F      		mov r30,r25
 620 0206 F0E0      		ldi r31,0
 621 0208 E050      		subi r30,lo8(-(edidArray))
 622 020a F040      		sbci r31,hi8(-(edidArray))
 623 020c 8083      		st Z,r24
 482:main.c        **** 		//edidArrayIndex++;
 624               		.stabn	68,0,482,.LM79-.LFBB5
 625               	.LM79:
 626 020e 9F5F      		subi r25,lo8(-(1))
 627 0210 9038      		cpi r25,lo8(-128)
 628 0212 01F0      		breq .L30
 629 0214 9093 0000 		sts edidArrayIndex,r25
 630 0218 00C0      		rjmp .L29
 631               	.L30:
 632 021a 1092 0000 		sts edidArrayIndex,__zero_reg__
 633 021e 00C0      		rjmp .L29
 634               	.L27:
 487:main.c        ****   {
 635               		.stabn	68,0,487,.LM80-.LFBB5
 636               	.LM80:
 637 0220 2036      		cpi r18,lo8(96)
 638 0222 01F0      		breq .+2
 639 0224 00C0      		rjmp .L29
 490:main.c        **** 
 640               		.stabn	68,0,490,.LM81-.LFBB5
 641               	.LM81:
 642 0226 21E0      		ldi r18,lo8(1)
 643 0228 2093 0000 		sts ledsControlled,r18
 492:main.c        **** 	{
 644               		.stabn	68,0,492,.LM82-.LFBB5
 645               	.LM82:
 646 022c 9130      		cpi r25,lo8(1)
 647 022e 01F4      		brne .L32
 494:main.c        **** 	}
 648               		.stabn	68,0,494,.LM83-.LFBB5
 649               	.LM83:
 650 0230 63E0      		ldi r22,lo8(3)
 651 0232 00D0      		rcall __udivmodqi4
 652               	.L51:
 499:main.c        **** 	}	
 653               		.stabn	68,0,499,.LM84-.LFBB5
 654               	.LM84:
 655 0234 9093 0000 		sts ledIndex,r25
 656 0238 00C0      		rjmp .L29
 657               	.L32:
 498:main.c        **** 		incrementLEDIndex();
 658               		.stabn	68,0,498,.LM85-.LFBB5
 659               	.LM85:
 660 023a 9091 0000 		lds r25,ledIndex
 661 023e E92F      		mov r30,r25
 662 0240 F0E0      		ldi r31,0
 663 0242 E050      		subi r30,lo8(-(ledState))
 664 0244 F040      		sbci r31,hi8(-(ledState))
GAS LISTING /tmp/ccULZha7.s 			page 23


 665 0246 8083      		st Z,r24
 499:main.c        **** 	}	
 666               		.stabn	68,0,499,.LM86-.LFBB5
 667               	.LM86:
 668 0248 9F5F      		subi r25,lo8(-(1))
 669 024a 9330      		cpi r25,lo8(3)
 670 024c 01F4      		brne .L51
 671 024e 1092 0000 		sts ledIndex,__zero_reg__
 672 0252 00C0      		rjmp .L29
 673               	.L26:
 674               	.LBE15:
 675               	.LBE24:
 405:main.c        **** 				USIDR = 0xff;
 676               		.stabn	68,0,405,.LM87-.LFBB5
 677               	.LM87:
 678 0254 B898      		cbi 0x17,0
 406:main.c        **** //				heartClear();
 679               		.stabn	68,0,406,.LM88-.LFBB5
 680               	.LM88:
 681 0256 8FEF      		ldi r24,lo8(-1)
 682 0258 8FB9      		out 0xf,r24
 683 025a 00C0      		rjmp .L34
 684               	.LBE26:
 685               		.size	__vector_14, .-__vector_14
 686               		.stabs	"udrTemp:r(4,2)",64,0,302,24
 687               		.stabn	192,0,0,.LBB12-.LFBB5
 688               		.stabs	"temp:r(4,2)",64,0,512,25
 689               		.stabn	192,0,0,.LBB19-.LFBB5
 690               		.stabn	224,0,0,.LBE19-.LFBB5
 691               		.stabs	"temp:r(4,2)",64,0,512,25
 692               		.stabn	192,0,0,.LBB20-.LFBB5
 693               		.stabn	224,0,0,.LBE20-.LFBB5
 694               		.stabs	"temp:r(4,2)",64,0,527,25
 695               		.stabn	192,0,0,.LBB21-.LFBB5
 696               		.stabn	224,0,0,.LBE21-.LFBB5
 697               		.stabn	224,0,0,.LBE12-.LFBB5
 698               		.stabs	"udrTemp:r(4,2)",64,0,302,24
 699               		.stabn	192,0,0,.LBB25-.LFBB5
 700               		.stabn	224,0,0,.LBE25-.LFBB5
 701               		.stabs	"udrTemp:r(4,2)",64,0,302,24
 702               		.stabn	192,0,0,.LBB26-.LFBB5
 703               		.stabn	224,0,0,.LBE26-.LFBB5
 704               	.Lscope5:
 705               		.stabs	"",36,0,0,.Lscope5-.LFBB5
 706               		.stabd	78,0,0
 707               		.stabs	"edid_checkSummer:F(0,50)",36,0,543,edid_checkSummer
 708               	.global	edid_checkSummer
 709               		.type	edid_checkSummer, @function
 710               	edid_checkSummer:
 711               		.stabd	46,0,0
 540:main.c        **** }
 541:main.c        **** 
 542:main.c        **** 
 543:main.c        **** void edid_checkSummer(void)
 544:main.c        **** {
 712               		.stabn	68,0,544,.LM89-.LFBB6
 713               	.LM89:
GAS LISTING /tmp/ccULZha7.s 			page 24


 714               	.LFBB6:
 715               	/* prologue: function */
 716               	/* frame size = 0 */
 717               	/* stack size = 0 */
 718               	.L__stack_usage = 0
 719 025c E0E0      		ldi r30,lo8(edidArray)
 720 025e F0E0      		ldi r31,hi8(edidArray)
 545:main.c        **** 	uint8_t i;
 546:main.c        **** 	uint8_t sum = 0;
 721               		.stabn	68,0,546,.LM90-.LFBB6
 722               	.LM90:
 723 0260 80E0      		ldi r24,0
 724               	.L55:
 547:main.c        **** 
 548:main.c        **** 	// Don't include the garbage checksum value...
 549:main.c        **** 	// it will be overwritten here...
 550:main.c        **** 	for(i=0; i<0x7f; i++)
 551:main.c        **** 	{
 552:main.c        **** 		sum += edidArray[i];
 725               		.stabn	68,0,552,.LM91-.LFBB6
 726               	.LM91:
 727 0262 9191      		ld r25,Z+
 728 0264 890F      		add r24,r25
 550:main.c        **** 	{
 729               		.stabn	68,0,550,.LM92-.LFBB6
 730               	.LM92:
 731 0266 90E0      		ldi r25,hi8(edidArray+127)
 732 0268 E030      		cpi r30,lo8(edidArray+127)
 733 026a F907      		cpc r31,r25
 734 026c 01F4      		brne .L55
 553:main.c        **** 	}
 554:main.c        **** 
 555:main.c        **** 	//Load the calculated checksum
 556:main.c        **** 	edidArray[0x7f] = (uint8_t)((uint8_t)0 - (uint8_t)(sum));
 735               		.stabn	68,0,556,.LM93-.LFBB6
 736               	.LM93:
 737 026e 8195      		neg r24
 738 0270 8093 0000 		sts edidArray+127,r24
 739               	/* epilogue start */
 557:main.c        **** }
 740               		.stabn	68,0,557,.LM94-.LFBB6
 741               	.LM94:
 742 0274 0895      		ret
 743               		.size	edid_checkSummer, .-edid_checkSummer
 744               		.stabs	"sum:r(4,2)",64,0,546,24
 745               		.stabn	192,0,0,.LFBB6-.LFBB6
 746               		.stabn	224,0,0,.Lscope6-.LFBB6
 747               	.Lscope6:
 748               		.stabs	"",36,0,0,.Lscope6-.LFBB6
 749               		.stabd	78,0,0
 750               		.section	.text.startup,"ax",@progbits
 751               		.stabs	"main:F(0,1)",36,0,689,main
 752               	.global	main
 753               		.type	main, @function
 754               	main:
 755               		.stabd	46,0,0
 558:main.c        **** 
GAS LISTING /tmp/ccULZha7.s 			page 25


 559:main.c        **** 
 560:main.c        **** 
 561:main.c        **** 
 562:main.c        **** #if FADER_ENABLED
 563:main.c        **** //uint8_t ledsControlled = FALSE;
 564:main.c        **** 
 565:main.c        **** #define  LED_R PB4				// D4
 566:main.c        **** #define  LED_G PB3				//	D5
 567:main.c        **** #define	LED_B HEART_PINNUM   //	D2 after trace-change PB1 //NYI
 568:main.c        **** #define LED_PORT PORTB
 569:main.c        **** 
 570:main.c        **** 
 571:main.c        **** hfm_t ledHFM[3];
 572:main.c        **** 
 573:main.c        **** 
 574:main.c        **** void updateLEDs(void);
 575:main.c        **** 
 576:main.c        **** void updateLEDFader(void)
 577:main.c        **** {
 578:main.c        **** 	static uint8_t delay=0;
 579:main.c        **** 	static theta_t theta=2; //test = 2;
 580:main.c        **** 
 581:main.c        **** 	delay++;
 582:main.c        **** 	if(delay == 0xff)
 583:main.c        **** 		theta++;
 584:main.c        **** 
 585:main.c        **** 	if(theta == SINE_PI*3)
 586:main.c        **** 		theta = 0;
 587:main.c        **** 
 588:main.c        **** 
 589:main.c        **** 
 590:main.c        **** 	if(theta < SINE_2PI)
 591:main.c        **** 		ledState[0] = \
 592:main.c        **** 			(uint8_t)((int16_t)sineRaw8(theta - SINE_PI_2) + (int16_t)127); 
 593:main.c        **** 
 594:main.c        **** 	if((theta > SINE_PI) && (theta < SINE_PI*3))
 595:main.c        **** 	  	ledState[1] = \
 596:main.c        **** 		 	(uint8_t)((int16_t)sineRaw8(theta - SINE_PI_2 - SINE_PI) 
 597:main.c        **** 				+ (int16_t)127);	  
 598:main.c        **** 
 599:main.c        **** 	if(theta > SINE_2PI)
 600:main.c        **** 		ledState[2] = \
 601:main.c        **** 			(uint8_t)((int16_t)sineRaw8(theta - SINE_PI_2 - SINE_2PI)
 602:main.c        **** 				+ (int16_t)127);
 603:main.c        **** 	else if(theta < SINE_PI)
 604:main.c        **** 		ledState[2] = \
 605:main.c        **** 			(uint8_t)((int16_t)sineRaw8(theta - SINE_PI_2 + SINE_PI) 
 606:main.c        **** 				+ (int16_t)127);
 607:main.c        **** //	ledState[1] = 0x07;
 608:main.c        **** 	
 609:main.c        **** //	ledState[2] = (uint8_t)((int16_t)sineRaw8(theta - SINE_PI_2) + (int16_t)127);
 610:main.c        **** 
 611:main.c        **** 		//(uint32_t)(sineRaw(theta - SINE_PI_2))*127/SINE_MAX + 127;
 612:main.c        **** 
 613:main.c        **** 	/*
 614:main.c        **** 	if(theta == 0xff)
 615:main.c        **** 	{
GAS LISTING /tmp/ccULZha7.s 			page 26


 616:main.c        **** 		theta=0;
 617:main.c        **** 		ledState[2]++; // = test; //2; //0x07; //theta;
 618:main.c        **** 	}
 619:main.c        **** */
 620:main.c        **** //	ledState[0] = 0x07; //theta;
 621:main.c        **** 
 622:main.c        **** //	if(theta >= SINE_2PI) //*3)
 623:main.c        **** //		theta -= SINE_2PI; //*3;
 624:main.c        **** 
 625:main.c        **** //	if(theta == SINE_2PI*8)
 626:main.c        **** //	{
 627:main.c        **** //		theta = 0;
 628:main.c        **** //		togglebit(7, ledState[1]);
 629:main.c        **** //	}
 630:main.c        **** 
 631:main.c        **** //	if(theta < SINE_2PI)
 632:main.c        **** //		ledState[0] = (int32_t)theta*(int32_t)255/SINE_2PI;
 633:main.c        **** //			(((int32_t)sineRaw(theta) * (int32_t)127) / 
 634:main.c        **** //						 (int32_t)SINE_MAX) + 127;
 635:main.c        **** 		//((int8_t)(sineRaw(theta - SINE_PI_2)>>8) + (int8_t)127);
 636:main.c        **** 
 637:main.c        **** /*	if((theta > SINE_PI) && (theta < SINE_PI*3))
 638:main.c        **** 		ledState[1] = ((sineRaw(theta - SINE_PI_2 - SINE_PI)>>8) + 127);
 639:main.c        **** 
 640:main.c        **** 	if(theta > SINE_2PI)
 641:main.c        **** 		ledState[2] = ((sineRaw(theta - SINE_PI_2 - SINE_2PI)>>8) + 127);
 642:main.c        **** 	else if(theta < SINE_PI)
 643:main.c        **** 		ledState[2] = ((sineRaw(theta - SINE_PI_2 + SINE_PI)>>8) + 127);
 644:main.c        **** */
 645:main.c        **** 	updateLEDs();
 646:main.c        **** }
 647:main.c        **** 
 648:main.c        **** void updateLEDs(void)
 649:main.c        **** {
 650:main.c        **** 	static uint8_t lastState[3] = {0,0,0};
 651:main.c        **** 
 652:main.c        **** 	uint8_t i;
 653:main.c        **** 	for(i=0; i<3; i++)
 654:main.c        **** 	{
 655:main.c        **** 	//	if(ledState[i] != lastState[i])
 656:main.c        **** 		{
 657:main.c        **** 		//	ledsControlled = TRUE;
 658:main.c        **** 			lastState[i] = ledState[i];
 659:main.c        **** 			hfm_setPower(&(ledHFM[i]), ledState[i]);
 660:main.c        **** 		}
 661:main.c        **** 	}
 662:main.c        **** 	//hfm_setPower(&led_r, ledState[0]);
 663:main.c        **** 	//hfm_setPower(&led_g, ledState[1]);
 664:main.c        **** 
 665:main.c        **** 
 666:main.c        **** 	if(hfm_nextOutput(&(ledHFM[0])))
 667:main.c        **** 		clrpinPORT(LED_R, LED_PORT);
 668:main.c        **** 	else
 669:main.c        **** 		setpinPORT(LED_R, LED_PORT);
 670:main.c        **** 
 671:main.c        **** 	if(hfm_nextOutput(&(ledHFM[1])))
 672:main.c        **** 		clrpinPORT(LED_G, LED_PORT);
GAS LISTING /tmp/ccULZha7.s 			page 27


 673:main.c        **** 	else
 674:main.c        **** 		setpinPORT(LED_G, LED_PORT);
 675:main.c        **** 
 676:main.c        **** 	if(hfm_nextOutput(&(ledHFM[2])))
 677:main.c        **** 		clrpinPORT(LED_B, LED_PORT);
 678:main.c        **** 	else
 679:main.c        **** 		setpinPORT(LED_B, LED_PORT);
 680:main.c        **** 
 681:main.c        **** 	//NYI:
 682:main.c        **** 	//if(ledState[2])
 683:main.c        **** 
 684:main.c        **** //	togglepinPORT(LED_R, LED_PORT);
 685:main.c        **** //	togglepinPORT(LED_G, LED_PORT);
 686:main.c        **** }
 687:main.c        **** #endif
 688:main.c        **** 
 689:main.c        **** int main(void)
 690:main.c        **** {
 756               		.stabn	68,0,690,.LM95-.LFBB7
 757               	.LM95:
 758               	.LFBB7:
 759               	/* prologue: function */
 760               	/* frame size = 0 */
 761               	/* stack size = 0 */
 762               	.L__stack_usage = 0
 691:main.c        **** #if FADER_ENABLED
 692:main.c        **** 	uint8_t i;
 693:main.c        **** 	for(i=0; i<3; i++)
 694:main.c        **** 		hfm_setup(&(ledHFM[i]), 0, 255);
 695:main.c        **** 	//hfm_setup(&led_g, 0, 255);
 696:main.c        **** #endif
 697:main.c        **** 
 698:main.c        **** //	uint16_t i;
 699:main.c        **** //	for(i=0; i<256; i++)
 700:main.c        **** //		edidArray[i] = i;
 701:main.c        **** 
 702:main.c        **** 	//Found experimentally: assuming the free-running ADC is always 13
 703:main.c        **** 	// cycles per interrupt...
 704:main.c        **** 	// The default value was read to be 0x9f
 705:main.c        **** 	// This is of course device-specific
 706:main.c        **** //	OSCCAL = 0x9a;
 707:main.c        **** 
 708:main.c        **** 	//*** Initializations ***
 709:main.c        **** 
 710:main.c        **** 	//!!! WDT could cause problems... this probably should be inited earlier and called everywhere...
 711:main.c        **** 	//INIT_HEARTBEAT(HEARTBEATPIN, HEARTBEAT, HEARTCONNECTION);
 712:main.c        **** 
 713:main.c        **** 
 714:main.c        **** 	init_heartBeat();
 763               		.stabn	68,0,714,.LM96-.LFBB7
 764               	.LM96:
 765 0000 00D0      		rcall init_heartBeat
 715:main.c        **** 
 716:main.c        **** 	setHeartRate(0);	
 766               		.stabn	68,0,716,.LM97-.LFBB7
 767               	.LM97:
 768 0002 80E0      		ldi r24,0
GAS LISTING /tmp/ccULZha7.s 			page 28


 769 0004 00D0      		rcall setHeartRate
 770               	.LBB27:
 771               	.LBB28:
 188:main.c        **** }
 772               		.stabn	68,0,188,.LM98-.LFBB7
 773               	.LM98:
 774 0006 00D0      		rcall usi_i2c_awaitStart
 775               	.L58:
 776               	.LBE28:
 777               	.LBE27:
 717:main.c        **** 
 718:main.c        **** 	//Blink until the EDID is read...
 719:main.c        **** 	//This is hokey...
 720:main.c        **** 	//set_heartBlink(1);
 721:main.c        **** 
 722:main.c        **** 	// edid_checkSummer();
 723:main.c        **** 
 724:main.c        **** 	usi_i2c_slaveInit();
 725:main.c        **** 
 726:main.c        **** #if FADER_ENABLED
 727:main.c        **** 	setoutPORT(LED_R, LED_PORT);
 728:main.c        **** 	setoutPORT(LED_G, LED_PORT);
 729:main.c        **** 	setpinPORT(LED_R, LED_PORT);
 730:main.c        **** 	setpinPORT(LED_G, LED_PORT);
 731:main.c        **** #endif
 732:main.c        **** 
 733:main.c        **** //	setoutPORT(LED_B, LED_PORT);
 734:main.c        **** 
 735:main.c        **** 	//This was only necessary for debugging timer initialization bugs...
 736:main.c        **** 	// which have been resolved
 737:main.c        **** //	set_heartBlink(retVal);
 738:main.c        **** 
 739:main.c        **** 	while(1)
 740:main.c        **** 	{
 741:main.c        **** #if FADER_ENABLED
 742:main.c        **** 		if(!ledsControlled)
 743:main.c        **** 		{
 744:main.c        **** 			extern uint8_t heartBlink; 
 745:main.c        **** 
 746:main.c        **** 			if(heartBlink)
 747:main.c        **** 				heartUpdate();
 748:main.c        **** 			else
 749:main.c        **** 				updateLEDFader();
 750:main.c        **** 		}
 751:main.c        **** 		//This was not previously elsed... how did the heart work at all?!
 752:main.c        **** 		// at one point it didn't (and neither did updateLEDs()
 753:main.c        **** 		// but somehow it started up again
 754:main.c        **** 		// a/o v49: May have been a result of the hfm bug...
 755:main.c        **** 		// 			(how did it start up again? Something to do with an
 756:main.c        **** 		//           uninitialized value in HFM?)
 757:main.c        **** 		else
 758:main.c        **** 		{
 759:main.c        **** 			// The heartbeat may have been in input (off) mode when switched
 760:main.c        **** 			setoutPORT(LED_B, LED_PORT);
 761:main.c        **** 
 762:main.c        **** 			updateLEDs();
 763:main.c        **** 		}
GAS LISTING /tmp/ccULZha7.s 			page 29


 764:main.c        **** #else
 765:main.c        **** 		heartUpdate();
 778               		.stabn	68,0,765,.LM99-.LFBB7
 779               	.LM99:
 780 0008 00D0      		rcall heartUpdate
 781 000a 00C0      		rjmp .L58
 782               		.size	main, .-main
 783               	.Lscope7:
 784               		.stabs	"",36,0,0,.Lscope7-.LFBB7
 785               		.stabd	78,0,0
 786               	.global	ledsControlled
 787               		.section .bss
 788               		.type	ledsControlled, @object
 789               		.size	ledsControlled, 1
 790               	ledsControlled:
 791 0000 00        		.zero	1
 792               		.stabs	"ledsControlled:G(4,2)",32,0,432,0
 793               	.global	byteNum
 794               		.type	byteNum, @object
 795               		.size	byteNum, 1
 796               	byteNum:
 797 0001 00        		.zero	1
 798               		.stabs	"byteNum:G(4,2)",32,0,250,0
 799               	.global	usi_i2c_requestedAddress
 800               		.type	usi_i2c_requestedAddress, @object
 801               		.size	usi_i2c_requestedAddress, 1
 802               	usi_i2c_requestedAddress:
 803 0002 00        		.zero	1
 804               		.stabs	"usi_i2c_requestedAddress:G(4,2)",32,0,248,0
 805               	.global	heartBlinkInternal
 806               		.type	heartBlinkInternal, @object
 807               		.size	heartBlinkInternal, 1
 808               	heartBlinkInternal:
 809 0003 00        		.zero	1
 810               		.stabs	"heartBlinkInternal:G(4,2)",32,0,191,0
 811               	.global	usi_i2c_receivedByte
 812               		.type	usi_i2c_receivedByte, @object
 813               		.size	usi_i2c_receivedByte, 1
 814               	usi_i2c_receivedByte:
 815 0004 00        		.zero	1
 816               		.stabs	"usi_i2c_receivedByte:G(4,2)",32,0,85,0
 817               	.global	usi_i2c_requestedAddres
 818               		.type	usi_i2c_requestedAddres, @object
 819               		.size	usi_i2c_requestedAddres, 1
 820               	usi_i2c_requestedAddres:
 821 0005 00        		.zero	1
 822               		.stabs	"usi_i2c_requestedAddres:G(4,2)",32,0,84,0
 823               	.global	usi_i2c_readFromSlave
 824               		.type	usi_i2c_readFromSlave, @object
 825               		.size	usi_i2c_readFromSlave, 1
 826               	usi_i2c_readFromSlave:
 827 0006 00        		.zero	1
 828               		.stabs	"usi_i2c_readFromSlave:G(4,2)",32,0,83,0
 829               	.global	usi_i2c_state
 830               		.type	usi_i2c_state, @object
 831               		.size	usi_i2c_state, 1
 832               	usi_i2c_state:
GAS LISTING /tmp/ccULZha7.s 			page 30


 833 0007 00        		.zero	1
 834               		.stabs	"usi_i2c_state:G(4,2)",32,0,82,0
 835               	.global	usi_i2c_byteToTransmit
 836               		.data
 837               		.type	usi_i2c_byteToTransmit, @object
 838               		.size	usi_i2c_byteToTransmit, 1
 839               	usi_i2c_byteToTransmit:
 840 0000 FF        		.byte	-1
 841               		.stabs	"usi_i2c_byteToTransmit:G(4,2)",32,0,81,0
 842               	.global	edidArrayIndex
 843               		.section .bss
 844               		.type	edidArrayIndex, @object
 845               		.size	edidArrayIndex, 1
 846               	edidArrayIndex:
 847 0008 00        		.zero	1
 848               		.stabs	"edidArrayIndex:G(4,2)",32,0,49,0
 849               	.global	edidArray
 850               		.data
 851               		.type	edidArray, @object
 852               		.size	edidArray, 128
 853               	edidArray:
 854 0001 00        		.byte	0
 855 0002 FF        		.byte	-1
 856 0003 FF        		.byte	-1
 857 0004 FF        		.byte	-1
 858 0005 FF        		.byte	-1
 859 0006 FF        		.byte	-1
 860 0007 FF        		.byte	-1
 861 0008 00        		.byte	0
 862 0009 31        		.byte	49
 863 000a D8        		.byte	-40
 864 000b 00        		.byte	0
 865 000c 00        		.byte	0
 866 000d 00        		.byte	0
 867 000e 00        		.byte	0
 868 000f 00        		.byte	0
 869 0010 00        		.byte	0
 870 0011 05        		.byte	5
 871 0012 16        		.byte	22
 872 0013 01        		.byte	1
 873 0014 03        		.byte	3
 874 0015 6D        		.byte	109
 875 0016 32        		.byte	50
 876 0017 1C        		.byte	28
 877 0018 78        		.byte	120
 878 0019 EA        		.byte	-22
 879 001a 5E        		.byte	94
 880 001b C0        		.byte	-64
 881 001c A4        		.byte	-92
 882 001d 59        		.byte	89
 883 001e 4A        		.byte	74
 884 001f 98        		.byte	-104
 885 0020 25        		.byte	37
 886 0021 20        		.byte	32
 887 0022 50        		.byte	80
 888 0023 54        		.byte	84
 889 0024 00        		.byte	0
GAS LISTING /tmp/ccULZha7.s 			page 31


 890 0025 00        		.byte	0
 891 0026 00        		.byte	0
 892 0027 D1        		.byte	-47
 893 0028 C0        		.byte	-64
 894 0029 01        		.byte	1
 895 002a 01        		.byte	1
 896 002b 01        		.byte	1
 897 002c 01        		.byte	1
 898 002d 01        		.byte	1
 899 002e 01        		.byte	1
 900 002f 01        		.byte	1
 901 0030 01        		.byte	1
 902 0031 01        		.byte	1
 903 0032 01        		.byte	1
 904 0033 01        		.byte	1
 905 0034 01        		.byte	1
 906 0035 01        		.byte	1
 907 0036 01        		.byte	1
 908 0037 02        		.byte	2
 909 0038 3A        		.byte	58
 910 0039 80        		.byte	-128
 911 003a 18        		.byte	24
 912 003b 71        		.byte	113
 913 003c 38        		.byte	56
 914 003d 2D        		.byte	45
 915 003e 40        		.byte	64
 916 003f 58        		.byte	88
 917 0040 2C        		.byte	44
 918 0041 45        		.byte	69
 919 0042 00        		.byte	0
 920 0043 F4        		.byte	-12
 921 0044 19        		.byte	25
 922 0045 11        		.byte	17
 923 0046 00        		.byte	0
 924 0047 00        		.byte	0
 925 0048 1E        		.byte	30
 926 0049 00        		.byte	0
 927 004a 00        		.byte	0
 928 004b 00        		.byte	0
 929 004c FF        		.byte	-1
 930 004d 00        		.byte	0
 931 004e 4C        		.byte	76
 932 004f 69        		.byte	105
 933 0050 6E        		.byte	110
 934 0051 75        		.byte	117
 935 0052 78        		.byte	120
 936 0053 20        		.byte	32
 937 0054 23        		.byte	35
 938 0055 30        		.byte	48
 939 0056 0A        		.byte	10
 940 0057 20        		.byte	32
 941 0058 20        		.byte	32
 942 0059 20        		.byte	32
 943 005a 20        		.byte	32
 944 005b 00        		.byte	0
 945 005c 00        		.byte	0
 946 005d 00        		.byte	0
GAS LISTING /tmp/ccULZha7.s 			page 32


 947 005e FD        		.byte	-3
 948 005f 00        		.byte	0
 949 0060 3B        		.byte	59
 950 0061 3D        		.byte	61
 951 0062 42        		.byte	66
 952 0063 44        		.byte	68
 953 0064 0F        		.byte	15
 954 0065 00        		.byte	0
 955 0066 0A        		.byte	10
 956 0067 20        		.byte	32
 957 0068 20        		.byte	32
 958 0069 20        		.byte	32
 959 006a 20        		.byte	32
 960 006b 20        		.byte	32
 961 006c 20        		.byte	32
 962 006d 00        		.byte	0
 963 006e 00        		.byte	0
 964 006f 00        		.byte	0
 965 0070 FC        		.byte	-4
 966 0071 00        		.byte	0
 967 0072 4C        		.byte	76
 968 0073 69        		.byte	105
 969 0074 6E        		.byte	110
 970 0075 75        		.byte	117
 971 0076 78        		.byte	120
 972 0077 20        		.byte	32
 973 0078 46        		.byte	70
 974 0079 48        		.byte	72
 975 007a 44        		.byte	68
 976 007b 0A        		.byte	10
 977 007c 20        		.byte	32
 978 007d 20        		.byte	32
 979 007e 20        		.byte	32
 980 007f 00        		.byte	0
 981 0080 07        		.byte	7
 982               		.stabs	"edidArray:G(0,51)=ar(0,52)=r(0,52);0;0177777;;0;127;(4,2)",32,0,37,0
 983               	.global	ledIndex
 984               		.section .bss
 985               		.type	ledIndex, @object
 986               		.size	ledIndex, 1
 987               	ledIndex:
 988 0009 00        		.zero	1
 989               		.stabs	"ledIndex:G(4,2)",32,0,31,0
 990               	.global	ledState
 991               		.type	ledState, @object
 992               		.size	ledState, 3
 993               	ledState:
 994 000a 0000 00   		.zero	3
 995               		.stabs	"ledState:G(0,53)=ar(0,52);0;2;(0,54)=B(4,2)",32,0,30,0
 996               	.global	header
 997               		.section	.progmem.data,"a",@progbits
 998               		.type	header, @object
 999               		.size	header, 32
 1000               	header:
 1001 0000 4C43 4472 		.string	"LCDreIDer66 2025-09-26 00:05:00"
 1001      6549 4465 
 1001      7236 3620 
GAS LISTING /tmp/ccULZha7.s 			page 33


 1001      3230 3235 
 1001      2D30 392D 
 1002               		.stabs	"header:G(0,55)=ar(0,52);0;31;(0,56)=k(4,2)",32,0,16,0
 1003               		.text
 1004               		.stabs	"",100,0,0,.Letext0
 1005               	.Letext0:
 1006               		.ident	"GCC: (GNU) 7.3.0"
 1007               	.global __do_copy_data
 1008               	.global __do_clear_bss
GAS LISTING /tmp/ccULZha7.s 			page 34


DEFINED SYMBOLS
                            *ABS*:0000000000000000 main.c
     /tmp/ccULZha7.s:2      *ABS*:000000000000003e __SP_H__
     /tmp/ccULZha7.s:3      *ABS*:000000000000003d __SP_L__
     /tmp/ccULZha7.s:4      *ABS*:000000000000003f __SREG__
     /tmp/ccULZha7.s:5      *ABS*:0000000000000000 __tmp_reg__
     /tmp/ccULZha7.s:6      *ABS*:0000000000000001 __zero_reg__
     /tmp/ccULZha7.s:120    .text:0000000000000000 usi_i2c_awaitStart
     /tmp/ccULZha7.s:832    .bss:0000000000000007 usi_i2c_state
     /tmp/ccULZha7.s:163    .text:0000000000000016 usi_i2c_awaitStartSCL
     /tmp/ccULZha7.s:199    .text:000000000000002a usi_i2c_slaveInit
     /tmp/ccULZha7.s:218    .text:000000000000002c __vector_13
     /tmp/ccULZha7.s:808    .bss:0000000000000003 heartBlinkInternal
     /tmp/ccULZha7.s:285    .text:0000000000000080 __vector_14
     /tmp/ccULZha7.s:826    .bss:0000000000000006 usi_i2c_readFromSlave
     /tmp/ccULZha7.s:796    .bss:0000000000000001 byteNum
     /tmp/ccULZha7.s:802    .bss:0000000000000002 usi_i2c_requestedAddress
     /tmp/ccULZha7.s:846    .bss:0000000000000008 edidArrayIndex
     /tmp/ccULZha7.s:814    .bss:0000000000000004 usi_i2c_receivedByte
     /tmp/ccULZha7.s:853    .data:0000000000000001 edidArray
     /tmp/ccULZha7.s:790    .bss:0000000000000000 ledsControlled
     /tmp/ccULZha7.s:987    .bss:0000000000000009 ledIndex
     /tmp/ccULZha7.s:993    .bss:000000000000000a ledState
     /tmp/ccULZha7.s:710    .text:000000000000025c edid_checkSummer
     /tmp/ccULZha7.s:754    .text.startup:0000000000000000 main
     /tmp/ccULZha7.s:820    .bss:0000000000000005 usi_i2c_requestedAddres
     /tmp/ccULZha7.s:839    .data:0000000000000000 usi_i2c_byteToTransmit
     /tmp/ccULZha7.s:1000   .progmem.data:0000000000000000 header

UNDEFINED SYMBOLS
set_heartBlink
__udivmodqi4
init_heartBeat
setHeartRate
heartUpdate
__do_copy_data
__do_clear_bss
