GAS LISTING /tmp/ccrOsGc6.s 			page 1


   1               		.file	"timerCommon.c"
   2               	__SP_H__ = 0x3e
   3               	__SP_L__ = 0x3d
   4               	__SREG__ = 0x3f
   5               	__tmp_reg__ = 0
   6               	__zero_reg__ = 1
   7               		.stabs	"/home/bernhard/Dropbox/r3/edid_spoofing_cable/avr-edid-spoofer/",100,0,2,.Ltext0
   8               		.stabs	"_commonCode_localized/timerCommon/1.21/timerCommon.c",100,0,2,.Ltext0
   9               		.text
  10               	.Ltext0:
  11               		.stabs	"gcc2_compiled.",60,0,0,0
  12               		.stabs	"int:t(0,1)=r(0,1);-32768;32767;",128,0,0,0
  13               		.stabs	"char:t(0,2)=@s8;r(0,2);0;255;",128,0,0,0
  14               		.stabs	"long int:t(0,3)=@s32;r(0,3);020000000000;017777777777;",128,0,0,0
  15               		.stabs	"unsigned int:t(0,4)=r(0,4);0;0177777;",128,0,0,0
  16               		.stabs	"long unsigned int:t(0,5)=@s32;r(0,5);0;037777777777;",128,0,0,0
  17               		.stabs	"__int128:t(0,6)=@s128;r(0,6);02000000000000000000000000000000000000000000;0177777777777777
  18               		.stabs	"__int128 unsigned:t(0,7)=@s128;r(0,7);0;03777777777777777777777777777777777777777777;",128
  19               		.stabs	"long long int:t(0,8)=@s64;r(0,8);01000000000000000000000;00777777777777777777777;",128,0,0
  20               		.stabs	"long long unsigned int:t(0,9)=@s64;r(0,9);0;01777777777777777777777;",128,0,0,0
  21               		.stabs	"short int:t(0,10)=r(0,10);-32768;32767;",128,0,0,0
  22               		.stabs	"short unsigned int:t(0,11)=r(0,11);0;0177777;",128,0,0,0
  23               		.stabs	"signed char:t(0,12)=@s8;r(0,12);-128;127;",128,0,0,0
  24               		.stabs	"unsigned char:t(0,13)=@s8;r(0,13);0;255;",128,0,0,0
  25               		.stabs	"float:t(0,14)=r(0,1);4;0;",128,0,0,0
  26               		.stabs	"double:t(0,15)=r(0,1);4;0;",128,0,0,0
  27               		.stabs	"long double:t(0,16)=r(0,1);4;0;",128,0,0,0
  28               		.stabs	"_Float32:t(0,17)=r(0,1);4;0;",128,0,0,0
  29               		.stabs	"short _Fract:t(0,18)=r(0,1);1;0;",128,0,0,0
  30               		.stabs	"_Fract:t(0,19)=r(0,1);2;0;",128,0,0,0
  31               		.stabs	"long _Fract:t(0,20)=r(0,1);4;0;",128,0,0,0
  32               		.stabs	"long long _Fract:t(0,21)=r(0,1);8;0;",128,0,0,0
  33               		.stabs	"unsigned short _Fract:t(0,22)=r(0,1);1;0;",128,0,0,0
  34               		.stabs	"unsigned _Fract:t(0,23)=r(0,1);2;0;",128,0,0,0
  35               		.stabs	"unsigned long _Fract:t(0,24)=r(0,1);4;0;",128,0,0,0
  36               		.stabs	"unsigned long long _Fract:t(0,25)=r(0,1);8;0;",128,0,0,0
  37               		.stabs	"_Sat short _Fract:t(0,26)=r(0,1);1;0;",128,0,0,0
  38               		.stabs	"_Sat _Fract:t(0,27)=r(0,1);2;0;",128,0,0,0
  39               		.stabs	"_Sat long _Fract:t(0,28)=r(0,1);4;0;",128,0,0,0
  40               		.stabs	"_Sat long long _Fract:t(0,29)=r(0,1);8;0;",128,0,0,0
  41               		.stabs	"_Sat unsigned short _Fract:t(0,30)=r(0,1);1;0;",128,0,0,0
  42               		.stabs	"_Sat unsigned _Fract:t(0,31)=r(0,1);2;0;",128,0,0,0
  43               		.stabs	"_Sat unsigned long _Fract:t(0,32)=r(0,1);4;0;",128,0,0,0
  44               		.stabs	"_Sat unsigned long long _Fract:t(0,33)=r(0,1);8;0;",128,0,0,0
  45               		.stabs	"short _Accum:t(0,34)=r(0,1);2;0;",128,0,0,0
  46               		.stabs	"_Accum:t(0,35)=r(0,1);4;0;",128,0,0,0
  47               		.stabs	"long _Accum:t(0,36)=r(0,1);8;0;",128,0,0,0
  48               		.stabs	"long long _Accum:t(0,37)=r(0,1);8;0;",128,0,0,0
  49               		.stabs	"unsigned short _Accum:t(0,38)=r(0,1);2;0;",128,0,0,0
  50               		.stabs	"unsigned _Accum:t(0,39)=r(0,1);4;0;",128,0,0,0
  51               		.stabs	"unsigned long _Accum:t(0,40)=r(0,1);8;0;",128,0,0,0
  52               		.stabs	"unsigned long long _Accum:t(0,41)=r(0,1);8;0;",128,0,0,0
  53               		.stabs	"_Sat short _Accum:t(0,42)=r(0,1);2;0;",128,0,0,0
  54               		.stabs	"_Sat _Accum:t(0,43)=r(0,1);4;0;",128,0,0,0
  55               		.stabs	"_Sat long _Accum:t(0,44)=r(0,1);8;0;",128,0,0,0
  56               		.stabs	"_Sat long long _Accum:t(0,45)=r(0,1);8;0;",128,0,0,0
  57               		.stabs	"_Sat unsigned short _Accum:t(0,46)=r(0,1);2;0;",128,0,0,0
GAS LISTING /tmp/ccrOsGc6.s 			page 2


  58               		.stabs	"_Sat unsigned _Accum:t(0,47)=r(0,1);4;0;",128,0,0,0
  59               		.stabs	"_Sat unsigned long _Accum:t(0,48)=r(0,1);8;0;",128,0,0,0
  60               		.stabs	"_Sat unsigned long long _Accum:t(0,49)=r(0,1);8;0;",128,0,0,0
  61               		.stabs	"void:t(0,50)=(0,50)",128,0,0,0
  62               		.stabs	"_commonCode_localized/timerCommon/1.21/timerCommon.h",130,0,0,0
  63               		.stabs	"/usr/lib/avr/include/avr/interrupt.h",130,0,0,0
  64               		.stabs	"/usr/lib/avr/include/avr/io.h",130,0,0,0
  65               		.stabs	"/usr/lib/avr/include/avr/sfr_defs.h",130,0,0,0
  66               		.stabs	"/usr/lib/avr/include/inttypes.h",130,0,0,0
  67               		.stabs	"/usr/lib/gcc/avr/7.3.0/include/stdint.h",130,0,0,0
  68               		.stabs	"/usr/lib/avr/include/stdint.h",130,0,0,0
  69               		.stabs	"int8_t:t(7,1)=(0,12)",128,0,125,0
  70               		.stabs	"uint8_t:t(7,2)=(0,13)",128,0,126,0
  71               		.stabs	"int16_t:t(7,3)=(0,1)",128,0,127,0
  72               		.stabs	"uint16_t:t(7,4)=(0,4)",128,0,128,0
  73               		.stabs	"int32_t:t(7,5)=(0,3)",128,0,129,0
  74               		.stabs	"uint32_t:t(7,6)=(0,5)",128,0,130,0
  75               		.stabs	"int64_t:t(7,7)=(0,8)",128,0,132,0
  76               		.stabs	"uint64_t:t(7,8)=(0,9)",128,0,133,0
  77               		.stabs	"intptr_t:t(7,9)=(7,3)",128,0,146,0
  78               		.stabs	"uintptr_t:t(7,10)=(7,4)",128,0,151,0
  79               		.stabs	"int_least8_t:t(7,11)=(7,1)",128,0,163,0
  80               		.stabs	"uint_least8_t:t(7,12)=(7,2)",128,0,168,0
  81               		.stabs	"int_least16_t:t(7,13)=(7,3)",128,0,173,0
  82               		.stabs	"uint_least16_t:t(7,14)=(7,4)",128,0,178,0
  83               		.stabs	"int_least32_t:t(7,15)=(7,5)",128,0,183,0
  84               		.stabs	"uint_least32_t:t(7,16)=(7,6)",128,0,188,0
  85               		.stabs	"int_least64_t:t(7,17)=(7,7)",128,0,196,0
  86               		.stabs	"uint_least64_t:t(7,18)=(7,8)",128,0,203,0
  87               		.stabs	"int_fast8_t:t(7,19)=(7,1)",128,0,217,0
  88               		.stabs	"uint_fast8_t:t(7,20)=(7,2)",128,0,222,0
  89               		.stabs	"int_fast16_t:t(7,21)=(7,3)",128,0,227,0
  90               		.stabs	"uint_fast16_t:t(7,22)=(7,4)",128,0,232,0
  91               		.stabs	"int_fast32_t:t(7,23)=(7,5)",128,0,237,0
  92               		.stabs	"uint_fast32_t:t(7,24)=(7,6)",128,0,242,0
  93               		.stabs	"int_fast64_t:t(7,25)=(7,7)",128,0,250,0
  94               		.stabs	"uint_fast64_t:t(7,26)=(7,8)",128,0,257,0
  95               		.stabs	"intmax_t:t(7,27)=(7,7)",128,0,277,0
  96               		.stabs	"uintmax_t:t(7,28)=(7,8)",128,0,282,0
  97               		.stabn	162,0,0,0
  98               		.stabn	162,0,0,0
  99               		.stabs	"int_farptr_t:t(5,1)=(7,5)",128,0,77,0
 100               		.stabs	"uint_farptr_t:t(5,2)=(7,6)",128,0,81,0
 101               		.stabn	162,0,0,0
 102               		.stabn	162,0,0,0
 103               		.stabs	"/usr/lib/avr/include/avr/fuse.h",130,0,0,0
 104               		.stabs	"__fuse_t:t(8,1)=(8,2)=s3low:(0,13),0,8;high:(0,13),8,8;extended:(0,13),16,8;;",128,0,244,0
 105               		.stabn	162,0,0,0
 106               		.stabn	162,0,0,0
 107               		.stabn	162,0,0,0
 108               		.stabn	162,0,0,0
 109               		.stabs	"timer_setOutputModes:F(7,2)",36,0,88,timer_setOutputModes
 110               		.stabs	"timerNum:P(7,2)",64,0,88,24
 111               		.stabs	"outputChannels:P(7,2)",64,0,88,22
 112               		.stabs	"outputMode:P(7,2)",64,0,89,20
 113               	.global	timer_setOutputModes
 114               		.type	timer_setOutputModes, @function
GAS LISTING /tmp/ccrOsGc6.s 			page 3


 115               	timer_setOutputModes:
 116               		.stabd	46,0,0
   1:_commonCode_localized/timerCommon/1.21/timerCommon.c **** //timerCommon 1.20-1
   2:_commonCode_localized/timerCommon/1.21/timerCommon.c **** #include "timerCommon.h"
   3:_commonCode_localized/timerCommon/1.21/timerCommon.c **** 
   4:_commonCode_localized/timerCommon/1.21/timerCommon.c **** 
   5:_commonCode_localized/timerCommon/1.21/timerCommon.c **** #if defined(TCCR0)
   6:_commonCode_localized/timerCommon/1.21/timerCommon.c ****  #define T0_CSReg	TCCR0
   7:_commonCode_localized/timerCommon/1.21/timerCommon.c **** #endif
   8:_commonCode_localized/timerCommon/1.21/timerCommon.c **** //Seems like there'd be no case where TCCR0 AND TCCR0A would both exist, but just in case...
   9:_commonCode_localized/timerCommon/1.21/timerCommon.c **** //Allow multiple-definition (don't use elif) so a warning will be shown...
  10:_commonCode_localized/timerCommon/1.21/timerCommon.c **** #if defined(TCCR0B)
  11:_commonCode_localized/timerCommon/1.21/timerCommon.c ****  #define T0_CSReg	TCCR0B
  12:_commonCode_localized/timerCommon/1.21/timerCommon.c **** #endif
  13:_commonCode_localized/timerCommon/1.21/timerCommon.c **** 
  14:_commonCode_localized/timerCommon/1.21/timerCommon.c **** #if defined(TCCR1)
  15:_commonCode_localized/timerCommon/1.21/timerCommon.c ****  //Doesn't seem likely, but who knows with other procs...
  16:_commonCode_localized/timerCommon/1.21/timerCommon.c ****  #define T1_CSReg	TCCR1
  17:_commonCode_localized/timerCommon/1.21/timerCommon.c **** #endif
  18:_commonCode_localized/timerCommon/1.21/timerCommon.c **** #if defined(TCCR1B)
  19:_commonCode_localized/timerCommon/1.21/timerCommon.c ****  #define T1_CSReg	TCCR1B
  20:_commonCode_localized/timerCommon/1.21/timerCommon.c **** #endif
  21:_commonCode_localized/timerCommon/1.21/timerCommon.c **** 
  22:_commonCode_localized/timerCommon/1.21/timerCommon.c **** #if defined(TCCR2)
  23:_commonCode_localized/timerCommon/1.21/timerCommon.c ****  #define T2_CSReg	TCCR2
  24:_commonCode_localized/timerCommon/1.21/timerCommon.c **** #endif
  25:_commonCode_localized/timerCommon/1.21/timerCommon.c **** #if defined(TCCR2B)
  26:_commonCode_localized/timerCommon/1.21/timerCommon.c ****  #define T2_CSReg	TCCR2B
  27:_commonCode_localized/timerCommon/1.21/timerCommon.c **** #endif
  28:_commonCode_localized/timerCommon/1.21/timerCommon.c **** 
  29:_commonCode_localized/timerCommon/1.21/timerCommon.c **** #if defined(TCCR3)
  30:_commonCode_localized/timerCommon/1.21/timerCommon.c ****  //Also doesn't seem likely, but who knows...
  31:_commonCode_localized/timerCommon/1.21/timerCommon.c ****  #define T3_CSReg	TCCR3
  32:_commonCode_localized/timerCommon/1.21/timerCommon.c **** #endif
  33:_commonCode_localized/timerCommon/1.21/timerCommon.c **** #if defined(TCCR3B)
  34:_commonCode_localized/timerCommon/1.21/timerCommon.c ****  #define T3_CSReg	TCCR3B
  35:_commonCode_localized/timerCommon/1.21/timerCommon.c **** #endif
  36:_commonCode_localized/timerCommon/1.21/timerCommon.c **** 
  37:_commonCode_localized/timerCommon/1.21/timerCommon.c **** #if defined(T3_CSReg) && !defined(CSOBS)
  38:_commonCode_localized/timerCommon/1.21/timerCommon.c ****  #warning "Timer3 on this device is not necessarily properly implemented!"
  39:_commonCode_localized/timerCommon/1.21/timerCommon.c **** #endif
  40:_commonCode_localized/timerCommon/1.21/timerCommon.c **** 
  41:_commonCode_localized/timerCommon/1.21/timerCommon.c **** //!!! THESE DO NOTTTT Correspond to the values in TinyX61...
  42:_commonCode_localized/timerCommon/1.21/timerCommon.c **** //    (well, DIV1 does...)
  43:_commonCode_localized/timerCommon/1.21/timerCommon.c **** //Internal use only... Actual value to be written to the _CSReg
  44:_commonCode_localized/timerCommon/1.21/timerCommon.c **** #define CSTYP_DIV1		0x01
  45:_commonCode_localized/timerCommon/1.21/timerCommon.c **** #define CSTYP_DIV8		0x02
  46:_commonCode_localized/timerCommon/1.21/timerCommon.c **** #define CSTYP_DIV64		0x03
  47:_commonCode_localized/timerCommon/1.21/timerCommon.c **** #define CSTYP_DIV256	0x04
  48:_commonCode_localized/timerCommon/1.21/timerCommon.c **** #define CSTYP_DIV1024	0x05
  49:_commonCode_localized/timerCommon/1.21/timerCommon.c **** //Internal use only... Actual value to be written to the _CSReg
  50:_commonCode_localized/timerCommon/1.21/timerCommon.c **** #if defined(CSALT)
  51:_commonCode_localized/timerCommon/1.21/timerCommon.c ****  #define CSALT_DIV1		0x01
  52:_commonCode_localized/timerCommon/1.21/timerCommon.c ****  #define CSALT_DIV8		0x02
  53:_commonCode_localized/timerCommon/1.21/timerCommon.c ****  #define CSALT_DIV32	0x03
  54:_commonCode_localized/timerCommon/1.21/timerCommon.c ****  #define CSALT_DIV64	0x04
  55:_commonCode_localized/timerCommon/1.21/timerCommon.c ****  #define CSALT_DIV128	0x05
GAS LISTING /tmp/ccrOsGc6.s 			page 4


  56:_commonCode_localized/timerCommon/1.21/timerCommon.c ****  #define CSALT_DIV256	0x06
  57:_commonCode_localized/timerCommon/1.21/timerCommon.c ****  #define CSALT_DIV1024	0x07
  58:_commonCode_localized/timerCommon/1.21/timerCommon.c **** #endif
  59:_commonCode_localized/timerCommon/1.21/timerCommon.c **** //Internal use only... Actual value to be written to the _CSReg
  60:_commonCode_localized/timerCommon/1.21/timerCommon.c **** //These values are extensions of CSTYP...
  61:_commonCode_localized/timerCommon/1.21/timerCommon.c **** #if defined(CSOBS)
  62:_commonCode_localized/timerCommon/1.21/timerCommon.c ****  #define CSOBS_DIV16	0x06
  63:_commonCode_localized/timerCommon/1.21/timerCommon.c ****  #define CSOBS_DIV32	0x07
  64:_commonCode_localized/timerCommon/1.21/timerCommon.c **** #endif
  65:_commonCode_localized/timerCommon/1.21/timerCommon.c **** 
  66:_commonCode_localized/timerCommon/1.21/timerCommon.c **** //All Clock Select bits appear to be located in the first three bits
  67:_commonCode_localized/timerCommon/1.21/timerCommon.c **** #define CSMASK			0x07
  68:_commonCode_localized/timerCommon/1.21/timerCommon.c **** 
  69:_commonCode_localized/timerCommon/1.21/timerCommon.c **** //Roughly equivalent to the ol' Init_timerX(clkDiv, wgm)
  70:_commonCode_localized/timerCommon/1.21/timerCommon.c **** //Return 0 if no error...
  71:_commonCode_localized/timerCommon/1.21/timerCommon.c **** #if (!defined(TIMER_INIT_UNUSED) || !TIMER_INIT_UNUSED)
  72:_commonCode_localized/timerCommon/1.21/timerCommon.c **** uint8_t timer_init(uint8_t timerNum, uint8_t clockDiv, uint8_t wgm)
  73:_commonCode_localized/timerCommon/1.21/timerCommon.c **** {
  74:_commonCode_localized/timerCommon/1.21/timerCommon.c **** 	//set the waveform mode
  75:_commonCode_localized/timerCommon/1.21/timerCommon.c **** 	ERR_HANDLE_NUM(1,				\
  76:_commonCode_localized/timerCommon/1.21/timerCommon.c **** 		timer_setWGM(timerNum, wgm)	);
  77:_commonCode_localized/timerCommon/1.21/timerCommon.c **** 
  78:_commonCode_localized/timerCommon/1.21/timerCommon.c **** 	//select the clock
  79:_commonCode_localized/timerCommon/1.21/timerCommon.c **** 	ERR_HANDLE_NUM(2,							\
  80:_commonCode_localized/timerCommon/1.21/timerCommon.c **** 		timer_selectDivisor(timerNum, clockDiv)	);
  81:_commonCode_localized/timerCommon/1.21/timerCommon.c **** 		
  82:_commonCode_localized/timerCommon/1.21/timerCommon.c **** 	return 0;
  83:_commonCode_localized/timerCommon/1.21/timerCommon.c **** }
  84:_commonCode_localized/timerCommon/1.21/timerCommon.c **** #endif
  85:_commonCode_localized/timerCommon/1.21/timerCommon.c **** 
  86:_commonCode_localized/timerCommon/1.21/timerCommon.c **** #if (!defined(TIMER_SETOUTPUTMODES_UNUSED) || !TIMER_SETOUTPUTMODES_UNUSED)
  87:_commonCode_localized/timerCommon/1.21/timerCommon.c **** //timer_setOutputMode() no longer exists, the output channel is now a mask
  88:_commonCode_localized/timerCommon/1.21/timerCommon.c **** uint8_t timer_setOutputModes(uint8_t timerNum, uint8_t outputChannels, \
  89:_commonCode_localized/timerCommon/1.21/timerCommon.c **** 										uint8_t outputMode)
  90:_commonCode_localized/timerCommon/1.21/timerCommon.c **** {
 117               		.stabn	68,0,90,.LM0-.LFBB1
 118               	.LM0:
 119               	.LFBB1:
 120               	/* prologue: function */
 121               	/* frame size = 0 */
 122               	/* stack size = 0 */
 123               	.L__stack_usage = 0
  91:_commonCode_localized/timerCommon/1.21/timerCommon.c **** 	uint8_t channelNums;
  92:_commonCode_localized/timerCommon/1.21/timerCommon.c **** 
  93:_commonCode_localized/timerCommon/1.21/timerCommon.c **** 	//This is not be-all-end-all testing, but helps...
  94:_commonCode_localized/timerCommon/1.21/timerCommon.c **** 	if(timerNum >= MAXTIMERS)
 124               		.stabn	68,0,94,.LM1-.LFBB1
 125               	.LM1:
 126 0000 8430      		cpi r24,lo8(4)
 127 0002 00F0      		brlo .+2
 128 0004 00C0      		rjmp .L10
  95:_commonCode_localized/timerCommon/1.21/timerCommon.c **** 		return 1;
  96:_commonCode_localized/timerCommon/1.21/timerCommon.c **** 	if(outputChannels >= 0x0f) //MAXCHANNELSPERTIMER)
 129               		.stabn	68,0,96,.LM2-.LFBB1
 130               	.LM2:
 131 0006 6F30      		cpi r22,lo8(15)
 132 0008 00F0      		brlo .+2
GAS LISTING /tmp/ccrOsGc6.s 			page 5


 133 000a 00C0      		rjmp .L11
  97:_commonCode_localized/timerCommon/1.21/timerCommon.c **** 		return 2;
  98:_commonCode_localized/timerCommon/1.21/timerCommon.c **** 
  99:_commonCode_localized/timerCommon/1.21/timerCommon.c **** 	//For the sake of our brute-force switch statement...
 100:_commonCode_localized/timerCommon/1.21/timerCommon.c **** 	//Combine the timer number and channel into a single variable...
 101:_commonCode_localized/timerCommon/1.21/timerCommon.c **** 	//The high nibble contains the timer number, 
 102:_commonCode_localized/timerCommon/1.21/timerCommon.c **** 	// the low contains the channel numbers as a mask (A=0x1,B=0x2,C=0x3...)
 103:_commonCode_localized/timerCommon/1.21/timerCommon.c **** 	channelNums = (timerNum<<4) | outputChannels;
 134               		.stabn	68,0,103,.LM3-.LFBB1
 135               	.LM3:
 136 000c 8295      		swap r24
 137 000e 807F      		andi r24,lo8(-16)
 138 0010 862B      		or r24,r22
 139               	.LBB2:
 104:_commonCode_localized/timerCommon/1.21/timerCommon.c **** 	
 105:_commonCode_localized/timerCommon/1.21/timerCommon.c **** 	uint8_t i;
 106:_commonCode_localized/timerCommon/1.21/timerCommon.c **** 
 107:_commonCode_localized/timerCommon/1.21/timerCommon.c **** 	//Handle each output in the mask...
 108:_commonCode_localized/timerCommon/1.21/timerCommon.c **** 	for(i=1; i<=8; i<<=1)
 109:_commonCode_localized/timerCommon/1.21/timerCommon.c **** 	{
 110:_commonCode_localized/timerCommon/1.21/timerCommon.c **** 		uint8_t channelNum = channelNums & (0xf0 | i);
 111:_commonCode_localized/timerCommon/1.21/timerCommon.c **** 
 112:_commonCode_localized/timerCommon/1.21/timerCommon.c **** 		//Don't bother with the switch statement if the for loop is testing
 113:_commonCode_localized/timerCommon/1.21/timerCommon.c **** 		// a channel that's not being enabled (in the mask)
 114:_commonCode_localized/timerCommon/1.21/timerCommon.c **** 		if((channelNum & 0x0f) == 0)
 115:_commonCode_localized/timerCommon/1.21/timerCommon.c **** 			continue;
 116:_commonCode_localized/timerCommon/1.21/timerCommon.c **** 
 117:_commonCode_localized/timerCommon/1.21/timerCommon.c **** 
 118:_commonCode_localized/timerCommon/1.21/timerCommon.c **** 		switch(channelNum)
 119:_commonCode_localized/timerCommon/1.21/timerCommon.c **** 		{	
 120:_commonCode_localized/timerCommon/1.21/timerCommon.c **** 			//Timer 0
 121:_commonCode_localized/timerCommon/1.21/timerCommon.c **** 		  #if defined(T0_COMReg)
 122:_commonCode_localized/timerCommon/1.21/timerCommon.c **** 		   #if defined(OUT_OC0)
 123:_commonCode_localized/timerCommon/1.21/timerCommon.c **** 			case OUT_OC0:
 124:_commonCode_localized/timerCommon/1.21/timerCommon.c **** 				writeMasked((outputMode<<COM_SHIFT), COM_MASK, T0_COMReg);
 125:_commonCode_localized/timerCommon/1.21/timerCommon.c **** 				break;
 126:_commonCode_localized/timerCommon/1.21/timerCommon.c **** 		   #endif
 127:_commonCode_localized/timerCommon/1.21/timerCommon.c **** 		   #if defined(OUT_OC0A)
 128:_commonCode_localized/timerCommon/1.21/timerCommon.c **** 			case OUT_OC0A:
 129:_commonCode_localized/timerCommon/1.21/timerCommon.c **** 				writeMasked((outputMode<<COMA_SHIFT), COMA_MASK, T0_COMReg);
 130:_commonCode_localized/timerCommon/1.21/timerCommon.c **** 				break;
 131:_commonCode_localized/timerCommon/1.21/timerCommon.c **** 		   #endif
 132:_commonCode_localized/timerCommon/1.21/timerCommon.c **** 		   #if defined(OUT_OC0B)
 133:_commonCode_localized/timerCommon/1.21/timerCommon.c **** 			case OUT_OC0B:
 134:_commonCode_localized/timerCommon/1.21/timerCommon.c **** 				writeMasked((outputMode<<COMB_SHIFT), COMB_MASK, T0_COMReg);
 135:_commonCode_localized/timerCommon/1.21/timerCommon.c **** 				break;
 136:_commonCode_localized/timerCommon/1.21/timerCommon.c **** 		   #endif
 137:_commonCode_localized/timerCommon/1.21/timerCommon.c **** 		  #endif
 138:_commonCode_localized/timerCommon/1.21/timerCommon.c **** 			//Timer 1
 139:_commonCode_localized/timerCommon/1.21/timerCommon.c **** 		  #if defined(T1_COMReg)
 140:_commonCode_localized/timerCommon/1.21/timerCommon.c **** 		   #if defined(OUT_OC1)
 141:_commonCode_localized/timerCommon/1.21/timerCommon.c **** 			case OUT_OC1:
 142:_commonCode_localized/timerCommon/1.21/timerCommon.c **** 				writeMasked((outputMode<<COM_SHIFT), COM_MASK, T1_COMReg);
 143:_commonCode_localized/timerCommon/1.21/timerCommon.c **** 				break;
 144:_commonCode_localized/timerCommon/1.21/timerCommon.c **** 		   #endif
 145:_commonCode_localized/timerCommon/1.21/timerCommon.c **** 		   #if defined(OUT_OC1A)
 146:_commonCode_localized/timerCommon/1.21/timerCommon.c **** 			case OUT_OC1A:
GAS LISTING /tmp/ccrOsGc6.s 			page 6


 147:_commonCode_localized/timerCommon/1.21/timerCommon.c **** 				writeMasked((outputMode<<COMA_SHIFT), COMA_MASK, T1_COMReg);
 148:_commonCode_localized/timerCommon/1.21/timerCommon.c **** 				break;
 149:_commonCode_localized/timerCommon/1.21/timerCommon.c **** 		   #endif
 150:_commonCode_localized/timerCommon/1.21/timerCommon.c **** 		   #if defined(OUT_OC1B)
 151:_commonCode_localized/timerCommon/1.21/timerCommon.c **** 			case OUT_OC1B:
 152:_commonCode_localized/timerCommon/1.21/timerCommon.c **** 				writeMasked((outputMode<<COMB_SHIFT), COMB_MASK, T1_COMReg);
 140               		.stabn	68,0,152,.LM4-.LFBB1
 141               	.LM4:
 142 0012 50E0      		ldi r21,0
 143 0014 9A01      		movw r18,r20
 144 0016 94E0      		ldi r25,4
 145               		1:
 146 0018 220F      		lsl r18
 147 001a 331F      		rol r19
 148 001c 9A95      		dec r25
 149 001e 01F4      		brne 1b
 150 0020 522F      		mov r21,r18
 151 0022 5073      		andi r21,lo8(48)
 147:_commonCode_localized/timerCommon/1.21/timerCommon.c **** 				break;
 152               		.stabn	68,0,147,.LM5-.LFBB1
 153               	.LM5:
 154 0024 4295      		swap r20
 155 0026 440F      		lsl r20
 156 0028 440F      		lsl r20
 157 002a 407C      		andi r20,lo8(-64)
 158 002c 24E0      		ldi r18,lo8(4)
 159 002e 30E0      		ldi r19,0
 160               	.LBE2:
 108:_commonCode_localized/timerCommon/1.21/timerCommon.c **** 	{
 161               		.stabn	68,0,108,.LM6-.LFBB1
 162               	.LM6:
 163 0030 61E0      		ldi r22,lo8(1)
 164               	.L9:
 165               	.LBB3:
 110:_commonCode_localized/timerCommon/1.21/timerCommon.c **** 
 166               		.stabn	68,0,110,.LM7-.LFBB1
 167               	.LM7:
 168 0032 962F      		mov r25,r22
 169 0034 906F      		ori r25,lo8(-16)
 170 0036 9823      		and r25,r24
 114:_commonCode_localized/timerCommon/1.21/timerCommon.c **** 			continue;
 171               		.stabn	68,0,114,.LM8-.LFBB1
 172               	.LM8:
 173 0038 792F      		mov r23,r25
 174 003a 7F70      		andi r23,lo8(15)
 175 003c 01F0      		breq .L3
 118:_commonCode_localized/timerCommon/1.21/timerCommon.c **** 		{	
 176               		.stabn	68,0,118,.LM9-.LFBB1
 177               	.LM9:
 178 003e 9230      		cpi r25,lo8(2)
 179 0040 01F0      		breq .L4
 180 0042 00F4      		brsh .L5
 181 0044 9130      		cpi r25,lo8(1)
 182 0046 01F0      		breq .L6
 183               	.L12:
 153:_commonCode_localized/timerCommon/1.21/timerCommon.c **** 				break;
 154:_commonCode_localized/timerCommon/1.21/timerCommon.c **** 		   #endif
GAS LISTING /tmp/ccrOsGc6.s 			page 7


 155:_commonCode_localized/timerCommon/1.21/timerCommon.c **** 			#if defined(OUT_OC1D) //so far only on the Tiny861...
 156:_commonCode_localized/timerCommon/1.21/timerCommon.c **** 			case OUT_OC1D:
 157:_commonCode_localized/timerCommon/1.21/timerCommon.c **** 				writeMasked((outputMode<<COMD_SHIFT), COMD_MASK, T1_COMDReg);
 158:_commonCode_localized/timerCommon/1.21/timerCommon.c **** 				break;
 159:_commonCode_localized/timerCommon/1.21/timerCommon.c **** 			#endif
 160:_commonCode_localized/timerCommon/1.21/timerCommon.c **** 		  #endif
 161:_commonCode_localized/timerCommon/1.21/timerCommon.c **** 			//Timer 2
 162:_commonCode_localized/timerCommon/1.21/timerCommon.c **** 		  #if defined(T2_COMReg)
 163:_commonCode_localized/timerCommon/1.21/timerCommon.c **** 		   #if defined(OUT_OC2)
 164:_commonCode_localized/timerCommon/1.21/timerCommon.c **** 			case OUT_OC2:
 165:_commonCode_localized/timerCommon/1.21/timerCommon.c **** 				writeMasked((outputMode<<COM_SHIFT), COM_MASK, T2_COMReg);
 166:_commonCode_localized/timerCommon/1.21/timerCommon.c **** 				break;
 167:_commonCode_localized/timerCommon/1.21/timerCommon.c **** 		   #endif
 168:_commonCode_localized/timerCommon/1.21/timerCommon.c **** 		   #if defined(OUT_OC2A)
 169:_commonCode_localized/timerCommon/1.21/timerCommon.c **** 			case OUT_OC2A:
 170:_commonCode_localized/timerCommon/1.21/timerCommon.c **** 				writeMasked((outputMode<<COMA_SHIFT), COMA_MASK, T2_COMReg);
 171:_commonCode_localized/timerCommon/1.21/timerCommon.c **** 				break;
 172:_commonCode_localized/timerCommon/1.21/timerCommon.c **** 		   #endif
 173:_commonCode_localized/timerCommon/1.21/timerCommon.c **** 		   #if defined(OUT_OC2B)
 174:_commonCode_localized/timerCommon/1.21/timerCommon.c **** 			case OUT_OC2B:
 175:_commonCode_localized/timerCommon/1.21/timerCommon.c **** 				writeMasked((outputMode<<COMB_SHIFT), COMB_MASK, T2_COMReg);
 176:_commonCode_localized/timerCommon/1.21/timerCommon.c **** 				break;
 177:_commonCode_localized/timerCommon/1.21/timerCommon.c **** 		   #endif
 178:_commonCode_localized/timerCommon/1.21/timerCommon.c **** 		  #endif
 179:_commonCode_localized/timerCommon/1.21/timerCommon.c **** 			//Timer 3
 180:_commonCode_localized/timerCommon/1.21/timerCommon.c **** 		  #if defined(T3_COMReg)
 181:_commonCode_localized/timerCommon/1.21/timerCommon.c **** 		   #if defined(OUT_OC3)
 182:_commonCode_localized/timerCommon/1.21/timerCommon.c **** 			case OUT_OC3:
 183:_commonCode_localized/timerCommon/1.21/timerCommon.c **** 				writeMasked((outputMode<<COM_SHIFT), COM_MASK, T3_COMReg);
 184:_commonCode_localized/timerCommon/1.21/timerCommon.c **** 				break;
 185:_commonCode_localized/timerCommon/1.21/timerCommon.c **** 		   #endif
 186:_commonCode_localized/timerCommon/1.21/timerCommon.c **** 		   #if defined(OUT_OC3A)
 187:_commonCode_localized/timerCommon/1.21/timerCommon.c **** 			case OUT_OC3A:
 188:_commonCode_localized/timerCommon/1.21/timerCommon.c **** 				writeMasked((outputMode<<COMA_SHIFT), COMA_MASK, T3_COMReg);
 189:_commonCode_localized/timerCommon/1.21/timerCommon.c **** 				break;
 190:_commonCode_localized/timerCommon/1.21/timerCommon.c **** 		   #endif
 191:_commonCode_localized/timerCommon/1.21/timerCommon.c **** 		   #if defined(OUT_OC3B)
 192:_commonCode_localized/timerCommon/1.21/timerCommon.c **** 			case OUT_OC3B:
 193:_commonCode_localized/timerCommon/1.21/timerCommon.c **** 				writeMasked((outputMode<<COMB_SHIFT), COMB_MASK, T3_COMReg);
 194:_commonCode_localized/timerCommon/1.21/timerCommon.c **** 				break;
 195:_commonCode_localized/timerCommon/1.21/timerCommon.c **** 		   #endif
 196:_commonCode_localized/timerCommon/1.21/timerCommon.c **** 		  #endif
 197:_commonCode_localized/timerCommon/1.21/timerCommon.c **** 			//The selected timer and channel combination doesn't exist...
 198:_commonCode_localized/timerCommon/1.21/timerCommon.c **** 			default:
 199:_commonCode_localized/timerCommon/1.21/timerCommon.c **** 				return 3;
 184               		.stabn	68,0,199,.LM10-.LFBB1
 185               	.LM10:
 186 0048 83E0      		ldi r24,lo8(3)
 187               	/* epilogue start */
 188               	.LBE3:
 200:_commonCode_localized/timerCommon/1.21/timerCommon.c **** 				break;
 201:_commonCode_localized/timerCommon/1.21/timerCommon.c **** 		}
 202:_commonCode_localized/timerCommon/1.21/timerCommon.c **** 	}
 203:_commonCode_localized/timerCommon/1.21/timerCommon.c **** 	return 0;
 204:_commonCode_localized/timerCommon/1.21/timerCommon.c **** }
 189               		.stabn	68,0,204,.LM11-.LFBB1
 190               	.LM11:
GAS LISTING /tmp/ccrOsGc6.s 			page 8


 191 004a 0895      		ret
 192               	.L5:
 193               	.LBB4:
 118:_commonCode_localized/timerCommon/1.21/timerCommon.c **** 		{	
 194               		.stabn	68,0,118,.LM12-.LFBB1
 195               	.LM12:
 196 004c 9131      		cpi r25,lo8(17)
 197 004e 01F0      		breq .L7
 198 0050 9231      		cpi r25,lo8(18)
 199 0052 01F4      		brne .L12
 152:_commonCode_localized/timerCommon/1.21/timerCommon.c **** 				break;
 200               		.stabn	68,0,152,.LM13-.LFBB1
 201               	.LM13:
 202 0054 90B7      		in r25,0x30
 203 0056 9F7C      		andi r25,lo8(-49)
 204 0058 952B      		or r25,r21
 205 005a 00C0      		rjmp .L18
 206               	.L6:
 129:_commonCode_localized/timerCommon/1.21/timerCommon.c **** 				break;
 207               		.stabn	68,0,129,.LM14-.LFBB1
 208               	.LM14:
 209 005c 9AB5      		in r25,0x2a
 210 005e 9F73      		andi r25,lo8(63)
 211 0060 942B      		or r25,r20
 212               	.L17:
 134:_commonCode_localized/timerCommon/1.21/timerCommon.c **** 				break;
 213               		.stabn	68,0,134,.LM15-.LFBB1
 214               	.LM15:
 215 0062 9ABD      		out 0x2a,r25
 216               	.L3:
 217               	.LBE4:
 108:_commonCode_localized/timerCommon/1.21/timerCommon.c **** 	{
 218               		.stabn	68,0,108,.LM16-.LFBB1
 219               	.LM16:
 220 0064 660F      		lsl r22
 221 0066 2150      		subi r18,1
 222 0068 3109      		sbc r19,__zero_reg__
 223 006a 01F4      		brne .L9
 203:_commonCode_localized/timerCommon/1.21/timerCommon.c **** }
 224               		.stabn	68,0,203,.LM17-.LFBB1
 225               	.LM17:
 226 006c 80E0      		ldi r24,0
 227 006e 0895      		ret
 228               	.L4:
 229               	.LBB5:
 134:_commonCode_localized/timerCommon/1.21/timerCommon.c **** 				break;
 230               		.stabn	68,0,134,.LM18-.LFBB1
 231               	.LM18:
 232 0070 9AB5      		in r25,0x2a
 233 0072 9F7C      		andi r25,lo8(-49)
 234 0074 952B      		or r25,r21
 235 0076 00C0      		rjmp .L17
 236               	.L7:
 147:_commonCode_localized/timerCommon/1.21/timerCommon.c **** 				break;
 237               		.stabn	68,0,147,.LM19-.LFBB1
 238               	.LM19:
 239 0078 90B7      		in r25,0x30
GAS LISTING /tmp/ccrOsGc6.s 			page 9


 240 007a 9F73      		andi r25,lo8(63)
 241 007c 942B      		or r25,r20
 242               	.L18:
 152:_commonCode_localized/timerCommon/1.21/timerCommon.c **** 				break;
 243               		.stabn	68,0,152,.LM20-.LFBB1
 244               	.LM20:
 245 007e 90BF      		out 0x30,r25
 153:_commonCode_localized/timerCommon/1.21/timerCommon.c **** 		   #endif
 246               		.stabn	68,0,153,.LM21-.LFBB1
 247               	.LM21:
 248 0080 00C0      		rjmp .L3
 249               	.L10:
 250               	.LBE5:
  95:_commonCode_localized/timerCommon/1.21/timerCommon.c **** 	if(outputChannels >= 0x0f) //MAXCHANNELSPERTIMER)
 251               		.stabn	68,0,95,.LM22-.LFBB1
 252               	.LM22:
 253 0082 81E0      		ldi r24,lo8(1)
 254 0084 0895      		ret
 255               	.L11:
  97:_commonCode_localized/timerCommon/1.21/timerCommon.c **** 
 256               		.stabn	68,0,97,.LM23-.LFBB1
 257               	.LM23:
 258 0086 82E0      		ldi r24,lo8(2)
 259 0088 0895      		ret
 260               		.size	timer_setOutputModes, .-timer_setOutputModes
 261               		.stabs	"channelNums:r(7,2)",64,0,91,24
 262               		.stabs	"i:r(7,2)",64,0,105,22
 263               		.stabn	192,0,0,.LFBB1-.LFBB1
 264               		.stabs	"channelNum:r(7,2)",64,0,110,25
 265               		.stabn	192,0,0,.LBB2-.LFBB1
 266               		.stabn	224,0,0,.LBE2-.LFBB1
 267               		.stabs	"channelNum:r(7,2)",64,0,110,25
 268               		.stabn	192,0,0,.LBB3-.LFBB1
 269               		.stabn	224,0,0,.LBE3-.LFBB1
 270               		.stabs	"channelNum:r(7,2)",64,0,110,25
 271               		.stabn	192,0,0,.LBB4-.LFBB1
 272               		.stabn	224,0,0,.LBE4-.LFBB1
 273               		.stabs	"channelNum:r(7,2)",64,0,110,25
 274               		.stabn	192,0,0,.LBB5-.LFBB1
 275               		.stabn	224,0,0,.LBE5-.LFBB1
 276               		.stabn	224,0,0,.Lscope1-.LFBB1
 277               	.Lscope1:
 278               		.stabs	"",36,0,0,.Lscope1-.LFBB1
 279               		.stabd	78,0,0
 280               		.stabs	"timer_selectDivisor:F(7,2)",36,0,210,timer_selectDivisor
 281               		.stabs	"timerNum:P(7,2)",64,0,210,24
 282               		.stabs	"clockDiv:P(7,2)",64,0,210,22
 283               	.global	timer_selectDivisor
 284               		.type	timer_selectDivisor, @function
 285               	timer_selectDivisor:
 286               		.stabd	46,0,0
 205:_commonCode_localized/timerCommon/1.21/timerCommon.c **** #endif
 206:_commonCode_localized/timerCommon/1.21/timerCommon.c **** 
 207:_commonCode_localized/timerCommon/1.21/timerCommon.c **** //Selecting a clock source is independent of the number of channels... 
 208:_commonCode_localized/timerCommon/1.21/timerCommon.c **** //Returns 0 unless an error occurs...
 209:_commonCode_localized/timerCommon/1.21/timerCommon.c **** #if (!defined(TIMER_SELECTDIVISOR_UNUSED) || !TIMER_SELECTDIVISOR_UNUSED)
 210:_commonCode_localized/timerCommon/1.21/timerCommon.c **** uint8_t timer_selectDivisor(uint8_t timerNum, uint8_t clockDiv)
GAS LISTING /tmp/ccrOsGc6.s 			page 10


 211:_commonCode_localized/timerCommon/1.21/timerCommon.c **** {
 287               		.stabn	68,0,211,.LM24-.LFBB2
 288               	.LM24:
 289               	.LFBB2:
 290               	/* prologue: function */
 291               	/* frame size = 0 */
 292               	/* stack size = 0 */
 293               	.L__stack_usage = 0
 212:_commonCode_localized/timerCommon/1.21/timerCommon.c **** 	uint8_t csbits;
 213:_commonCode_localized/timerCommon/1.21/timerCommon.c **** 	
 214:_commonCode_localized/timerCommon/1.21/timerCommon.c ****   #if defined(CSOBS)
 215:_commonCode_localized/timerCommon/1.21/timerCommon.c **** 	if(timerNum == 0 || timerNum == 1 || timerNum == 3)//IS_CSTYP(timerNum) || IS_CSOBS(timerNum))
 216:_commonCode_localized/timerCommon/1.21/timerCommon.c ****   #else
 217:_commonCode_localized/timerCommon/1.21/timerCommon.c **** 	if(IS_CSTYP(timerNum))
 294               		.stabn	68,0,217,.LM25-.LFBB2
 295               	.LM25:
 296 008a 8230      		cpi r24,lo8(2)
 297 008c 00F4      		brsh .L30
 298               	.LBB8:
 299               	.LBB9:
 218:_commonCode_localized/timerCommon/1.21/timerCommon.c ****   #endif
 219:_commonCode_localized/timerCommon/1.21/timerCommon.c **** 	{
 220:_commonCode_localized/timerCommon/1.21/timerCommon.c **** 		switch(clockDiv)
 300               		.stabn	68,0,220,.LM26-.LFBB2
 301               	.LM26:
 302 008e 6630      		cpi r22,lo8(6)
 303 0090 01F0      		breq .L21
 304 0092 00F4      		brsh .L22
 305 0094 6623      		tst r22
 306 0096 01F0      		breq .L23
 221:_commonCode_localized/timerCommon/1.21/timerCommon.c **** 		{
 222:_commonCode_localized/timerCommon/1.21/timerCommon.c **** 			case CLKDIV1:
 223:_commonCode_localized/timerCommon/1.21/timerCommon.c **** 				csbits = CSTYP_DIV1;	
 224:_commonCode_localized/timerCommon/1.21/timerCommon.c **** 				break;
 225:_commonCode_localized/timerCommon/1.21/timerCommon.c **** 			case CLKDIV8:
 226:_commonCode_localized/timerCommon/1.21/timerCommon.c **** 				csbits = CSTYP_DIV8;
 307               		.stabn	68,0,226,.LM27-.LFBB2
 308               	.LM27:
 309 0098 92E0      		ldi r25,lo8(2)
 220:_commonCode_localized/timerCommon/1.21/timerCommon.c **** 		{
 310               		.stabn	68,0,220,.LM28-.LFBB2
 311               	.LM28:
 312 009a 6330      		cpi r22,lo8(3)
 313 009c 01F0      		breq .L24
 314               	.L30:
 227:_commonCode_localized/timerCommon/1.21/timerCommon.c **** 				break;
 228:_commonCode_localized/timerCommon/1.21/timerCommon.c **** 			case CLKDIV64:
 229:_commonCode_localized/timerCommon/1.21/timerCommon.c **** 				csbits = CSTYP_DIV64;	
 230:_commonCode_localized/timerCommon/1.21/timerCommon.c **** 				break;
 231:_commonCode_localized/timerCommon/1.21/timerCommon.c **** 			case CLKDIV256:
 232:_commonCode_localized/timerCommon/1.21/timerCommon.c **** 				csbits = CSTYP_DIV256;	
 233:_commonCode_localized/timerCommon/1.21/timerCommon.c **** 				break;
 234:_commonCode_localized/timerCommon/1.21/timerCommon.c **** 			case CLKDIV1024:
 235:_commonCode_localized/timerCommon/1.21/timerCommon.c **** 				csbits = CSTYP_DIV1024; 
 236:_commonCode_localized/timerCommon/1.21/timerCommon.c **** 				break;
 237:_commonCode_localized/timerCommon/1.21/timerCommon.c **** 			default:
 238:_commonCode_localized/timerCommon/1.21/timerCommon.c **** 			  #if defined(CSOBS)
GAS LISTING /tmp/ccrOsGc6.s 			page 11


 239:_commonCode_localized/timerCommon/1.21/timerCommon.c **** 				if(IS_CSOBS(timerNum))	
 240:_commonCode_localized/timerCommon/1.21/timerCommon.c **** 				{
 241:_commonCode_localized/timerCommon/1.21/timerCommon.c **** 					if(clockDiv == CLKDIV16)	
 242:_commonCode_localized/timerCommon/1.21/timerCommon.c **** 						csbits = CSOBS_DIV16;
 243:_commonCode_localized/timerCommon/1.21/timerCommon.c **** 					else if(clockDiv == CLKDIV32)
 244:_commonCode_localized/timerCommon/1.21/timerCommon.c **** 						csbits = CSOBS_DIV32;
 245:_commonCode_localized/timerCommon/1.21/timerCommon.c **** 					else
 246:_commonCode_localized/timerCommon/1.21/timerCommon.c **** 						return 1;	
 247:_commonCode_localized/timerCommon/1.21/timerCommon.c **** 				}
 248:_commonCode_localized/timerCommon/1.21/timerCommon.c **** 				else
 249:_commonCode_localized/timerCommon/1.21/timerCommon.c **** 					return 1;
 250:_commonCode_localized/timerCommon/1.21/timerCommon.c **** 			  #else
 251:_commonCode_localized/timerCommon/1.21/timerCommon.c **** 				return 1;
 315               		.stabn	68,0,251,.LM29-.LFBB2
 316               	.LM29:
 317 009e 81E0      		ldi r24,lo8(1)
 318               	/* epilogue start */
 319               	.LBE9:
 320               	.LBE8:
 252:_commonCode_localized/timerCommon/1.21/timerCommon.c **** 			  #endif
 253:_commonCode_localized/timerCommon/1.21/timerCommon.c **** 				break;
 254:_commonCode_localized/timerCommon/1.21/timerCommon.c **** 		}
 255:_commonCode_localized/timerCommon/1.21/timerCommon.c **** 	}
 256:_commonCode_localized/timerCommon/1.21/timerCommon.c ****   #if defined(CSALT)
 257:_commonCode_localized/timerCommon/1.21/timerCommon.c **** 	else if(IS_CSALT(timerNum)) 
 258:_commonCode_localized/timerCommon/1.21/timerCommon.c **** 	{
 259:_commonCode_localized/timerCommon/1.21/timerCommon.c **** 		switch(clockDiv)	
 260:_commonCode_localized/timerCommon/1.21/timerCommon.c **** 		{
 261:_commonCode_localized/timerCommon/1.21/timerCommon.c **** 			case CLKDIV1:
 262:_commonCode_localized/timerCommon/1.21/timerCommon.c **** 				csbits = CSALT_DIV1;
 263:_commonCode_localized/timerCommon/1.21/timerCommon.c **** 				break;
 264:_commonCode_localized/timerCommon/1.21/timerCommon.c **** 			case CLKDIV8:
 265:_commonCode_localized/timerCommon/1.21/timerCommon.c **** 				csbits = CSALT_DIV8;
 266:_commonCode_localized/timerCommon/1.21/timerCommon.c **** 				break;
 267:_commonCode_localized/timerCommon/1.21/timerCommon.c **** 			case CLKDIV32:
 268:_commonCode_localized/timerCommon/1.21/timerCommon.c **** 				csbits = CSALT_DIV32;
 269:_commonCode_localized/timerCommon/1.21/timerCommon.c **** 				break;
 270:_commonCode_localized/timerCommon/1.21/timerCommon.c **** 			case CLKDIV64:
 271:_commonCode_localized/timerCommon/1.21/timerCommon.c **** 				csbits = CSALT_DIV64;
 272:_commonCode_localized/timerCommon/1.21/timerCommon.c **** 				break;
 273:_commonCode_localized/timerCommon/1.21/timerCommon.c **** 			case CLKDIV128:
 274:_commonCode_localized/timerCommon/1.21/timerCommon.c **** 				csbits = CSALT_DIV128;
 275:_commonCode_localized/timerCommon/1.21/timerCommon.c **** 				break;
 276:_commonCode_localized/timerCommon/1.21/timerCommon.c **** 			case CLKDIV256:
 277:_commonCode_localized/timerCommon/1.21/timerCommon.c **** 				csbits = CSALT_DIV256;
 278:_commonCode_localized/timerCommon/1.21/timerCommon.c **** 				break;
 279:_commonCode_localized/timerCommon/1.21/timerCommon.c **** 			case CLKDIV1024:
 280:_commonCode_localized/timerCommon/1.21/timerCommon.c **** 				csbits = CSALT_DIV1024;
 281:_commonCode_localized/timerCommon/1.21/timerCommon.c **** 				break;
 282:_commonCode_localized/timerCommon/1.21/timerCommon.c **** 			default:
 283:_commonCode_localized/timerCommon/1.21/timerCommon.c **** 				return 1;	
 284:_commonCode_localized/timerCommon/1.21/timerCommon.c **** 				break;
 285:_commonCode_localized/timerCommon/1.21/timerCommon.c **** 		}
 286:_commonCode_localized/timerCommon/1.21/timerCommon.c **** 	}
 287:_commonCode_localized/timerCommon/1.21/timerCommon.c ****   #endif
 288:_commonCode_localized/timerCommon/1.21/timerCommon.c **** 	else 
 289:_commonCode_localized/timerCommon/1.21/timerCommon.c **** 		return 1;	
GAS LISTING /tmp/ccrOsGc6.s 			page 12


 290:_commonCode_localized/timerCommon/1.21/timerCommon.c **** 
 291:_commonCode_localized/timerCommon/1.21/timerCommon.c **** 	switch(timerNum)
 292:_commonCode_localized/timerCommon/1.21/timerCommon.c **** 	{
 293:_commonCode_localized/timerCommon/1.21/timerCommon.c **** 		//Assume Timer0 and Timer1 exist (see setWGM)
 294:_commonCode_localized/timerCommon/1.21/timerCommon.c **** 		case 0:
 295:_commonCode_localized/timerCommon/1.21/timerCommon.c **** 			writeMasked(csbits, CSMASK, T0_CSReg);
 296:_commonCode_localized/timerCommon/1.21/timerCommon.c **** 			break;
 297:_commonCode_localized/timerCommon/1.21/timerCommon.c **** 		case 1:
 298:_commonCode_localized/timerCommon/1.21/timerCommon.c **** 			writeMasked(csbits, CSMASK, T1_CSReg);
 299:_commonCode_localized/timerCommon/1.21/timerCommon.c **** 			break;
 300:_commonCode_localized/timerCommon/1.21/timerCommon.c **** 		//From here, only compile for timers that exist as expected...
 301:_commonCode_localized/timerCommon/1.21/timerCommon.c **** 		#if defined(T2_CSReg)
 302:_commonCode_localized/timerCommon/1.21/timerCommon.c **** 		case 2:
 303:_commonCode_localized/timerCommon/1.21/timerCommon.c **** 			writeMasked(csbits, CSMASK, T2_CSReg);
 304:_commonCode_localized/timerCommon/1.21/timerCommon.c **** 			break;
 305:_commonCode_localized/timerCommon/1.21/timerCommon.c **** 		#endif
 306:_commonCode_localized/timerCommon/1.21/timerCommon.c **** 		#if defined(T3_CSReg)
 307:_commonCode_localized/timerCommon/1.21/timerCommon.c **** 		case 3:
 308:_commonCode_localized/timerCommon/1.21/timerCommon.c **** 			writeMasked(csbits, CSMASK, T3_CSReg);
 309:_commonCode_localized/timerCommon/1.21/timerCommon.c **** 			break;
 310:_commonCode_localized/timerCommon/1.21/timerCommon.c **** 		#endif
 311:_commonCode_localized/timerCommon/1.21/timerCommon.c **** 		default:
 312:_commonCode_localized/timerCommon/1.21/timerCommon.c **** 			return 1;
 313:_commonCode_localized/timerCommon/1.21/timerCommon.c **** 			break;
 314:_commonCode_localized/timerCommon/1.21/timerCommon.c **** 	}
 315:_commonCode_localized/timerCommon/1.21/timerCommon.c **** 	
 316:_commonCode_localized/timerCommon/1.21/timerCommon.c **** 	return 0;
 317:_commonCode_localized/timerCommon/1.21/timerCommon.c **** }
 321               		.stabn	68,0,317,.LM30-.LFBB2
 322               	.LM30:
 323 00a0 0895      		ret
 324               	.L22:
 325               	.LBB11:
 326               	.LBB10:
 220:_commonCode_localized/timerCommon/1.21/timerCommon.c **** 		{
 327               		.stabn	68,0,220,.LM31-.LFBB2
 328               	.LM31:
 329 00a2 6830      		cpi r22,lo8(8)
 330 00a4 01F0      		breq .L25
 235:_commonCode_localized/timerCommon/1.21/timerCommon.c **** 				break;
 331               		.stabn	68,0,235,.LM32-.LFBB2
 332               	.LM32:
 333 00a6 95E0      		ldi r25,lo8(5)
 220:_commonCode_localized/timerCommon/1.21/timerCommon.c **** 		{
 334               		.stabn	68,0,220,.LM33-.LFBB2
 335               	.LM33:
 336 00a8 6A30      		cpi r22,lo8(10)
 337 00aa 01F4      		brne .L30
 338               	.L24:
 291:_commonCode_localized/timerCommon/1.21/timerCommon.c **** 	{
 339               		.stabn	68,0,291,.LM34-.LFBB2
 340               	.LM34:
 341 00ac 8130      		cpi r24,lo8(1)
 342 00ae 01F0      		breq .L28
 295:_commonCode_localized/timerCommon/1.21/timerCommon.c **** 			break;
 343               		.stabn	68,0,295,.LM35-.LFBB2
 344               	.LM35:
GAS LISTING /tmp/ccrOsGc6.s 			page 13


 345 00b0 83B7      		in r24,0x33
 346 00b2 887F      		andi r24,lo8(-8)
 347 00b4 982B      		or r25,r24
 348 00b6 93BF      		out 0x33,r25
 349               	.L32:
 316:_commonCode_localized/timerCommon/1.21/timerCommon.c **** }
 350               		.stabn	68,0,316,.LM36-.LFBB2
 351               	.LM36:
 352 00b8 80E0      		ldi r24,0
 353 00ba 0895      		ret
 354               	.L23:
 223:_commonCode_localized/timerCommon/1.21/timerCommon.c **** 				break;
 355               		.stabn	68,0,223,.LM37-.LFBB2
 356               	.LM37:
 357 00bc 91E0      		ldi r25,lo8(1)
 358 00be 00C0      		rjmp .L24
 359               	.L21:
 229:_commonCode_localized/timerCommon/1.21/timerCommon.c **** 				break;
 360               		.stabn	68,0,229,.LM38-.LFBB2
 361               	.LM38:
 362 00c0 93E0      		ldi r25,lo8(3)
 363 00c2 00C0      		rjmp .L24
 364               	.L25:
 232:_commonCode_localized/timerCommon/1.21/timerCommon.c **** 				break;
 365               		.stabn	68,0,232,.LM39-.LFBB2
 366               	.LM39:
 367 00c4 94E0      		ldi r25,lo8(4)
 368 00c6 00C0      		rjmp .L24
 369               	.L28:
 298:_commonCode_localized/timerCommon/1.21/timerCommon.c **** 			break;
 370               		.stabn	68,0,298,.LM40-.LFBB2
 371               	.LM40:
 372 00c8 80B7      		in r24,0x30
 373 00ca 887F      		andi r24,lo8(-8)
 374 00cc 982B      		or r25,r24
 375 00ce 90BF      		out 0x30,r25
 376 00d0 00C0      		rjmp .L32
 377               	.LBE10:
 378               	.LBE11:
 379               		.size	timer_selectDivisor, .-timer_selectDivisor
 380               		.stabs	"csbits:r(7,2)",64,0,212,25
 381               		.stabn	192,0,0,.LBB9-.LFBB2
 382               		.stabn	224,0,0,.LBE9-.LFBB2
 383               		.stabs	"csbits:r(7,2)",64,0,212,25
 384               		.stabn	192,0,0,.LBB10-.LFBB2
 385               		.stabn	224,0,0,.LBE10-.LFBB2
 386               	.Lscope2:
 387               		.stabs	"",36,0,0,.Lscope2-.LFBB2
 388               		.stabd	78,0,0
 389               		.stabs	"timer_setWGM:F(7,2)",36,0,325,timer_setWGM
 390               		.stabs	"timerNum:P(7,2)",64,0,325,24
 391               		.stabs	"wgm:P(7,2)",64,0,325,22
 392               	.global	timer_setWGM
 393               		.type	timer_setWGM, @function
 394               	timer_setWGM:
 395               		.stabd	46,0,0
 318:_commonCode_localized/timerCommon/1.21/timerCommon.c **** #endif
GAS LISTING /tmp/ccrOsGc6.s 			page 14


 319:_commonCode_localized/timerCommon/1.21/timerCommon.c **** 
 320:_commonCode_localized/timerCommon/1.21/timerCommon.c **** //Set the Waveform Generation Mode...
 321:_commonCode_localized/timerCommon/1.21/timerCommon.c **** // Four are universal, 6 are almost... 16bit counters are all the same
 322:_commonCode_localized/timerCommon/1.21/timerCommon.c **** // For now, just implement the universal ones...
 323:_commonCode_localized/timerCommon/1.21/timerCommon.c **** // Returns 0 if no error
 324:_commonCode_localized/timerCommon/1.21/timerCommon.c **** #if(!defined(TIMER_SETWGM_UNUSED) || !TIMER_SETWGM_UNUSED)
 325:_commonCode_localized/timerCommon/1.21/timerCommon.c **** uint8_t timer_setWGM(uint8_t timerNum, uint8_t wgm)
 326:_commonCode_localized/timerCommon/1.21/timerCommon.c **** {
 396               		.stabn	68,0,326,.LM41-.LFBB3
 397               	.LM41:
 398               	.LFBB3:
 399               	/* prologue: function */
 400               	/* frame size = 0 */
 401               	/* stack size = 0 */
 402               	.L__stack_usage = 0
 327:_commonCode_localized/timerCommon/1.21/timerCommon.c **** 	uint8_t wgmLb = getbit(0, wgm);
 328:_commonCode_localized/timerCommon/1.21/timerCommon.c **** 	uint8_t wgmHb = getbit(1, wgm);
 329:_commonCode_localized/timerCommon/1.21/timerCommon.c **** 	
 330:_commonCode_localized/timerCommon/1.21/timerCommon.c **** 	//make the whole byte reflect the bit, so it can be used in writeMasked... 
 331:_commonCode_localized/timerCommon/1.21/timerCommon.c **** 	//This could probably be more efficient if using writeBit instead...
 332:_commonCode_localized/timerCommon/1.21/timerCommon.c **** 	// Oddly only minor effect to .stab but not to .text or .data after 
 333:_commonCode_localized/timerCommon/1.21/timerCommon.c **** 	// other previous changes (below)...
 334:_commonCode_localized/timerCommon/1.21/timerCommon.c **** //	wgmLb *= 0xff;
 335:_commonCode_localized/timerCommon/1.21/timerCommon.c **** //	wgmHb *= 0xff;
 336:_commonCode_localized/timerCommon/1.21/timerCommon.c **** 
 337:_commonCode_localized/timerCommon/1.21/timerCommon.c **** 	//Make sure the chosen WGM will be written to the WGM bits properly, as implemented below...
 338:_commonCode_localized/timerCommon/1.21/timerCommon.c **** 	// Only modes 0-3 are implemented...
 339:_commonCode_localized/timerCommon/1.21/timerCommon.c **** 	if(wgm > 0x03)
 403               		.stabn	68,0,339,.LM42-.LFBB3
 404               	.LM42:
 405 00d2 6430      		cpi r22,lo8(4)
 406 00d4 00F4      		brsh .L41
 340:_commonCode_localized/timerCommon/1.21/timerCommon.c **** 		return 1;
 341:_commonCode_localized/timerCommon/1.21/timerCommon.c **** 	
 342:_commonCode_localized/timerCommon/1.21/timerCommon.c **** 	switch(timerNum)
 407               		.stabn	68,0,342,.LM43-.LFBB3
 408               	.LM43:
 409 00d6 8111      		cpse r24,__zero_reg__
 410 00d8 00C0      		rjmp .L41
 343:_commonCode_localized/timerCommon/1.21/timerCommon.c **** 	{
 344:_commonCode_localized/timerCommon/1.21/timerCommon.c **** 		//Assuming every AVR has a Timer0... 
 345:_commonCode_localized/timerCommon/1.21/timerCommon.c **** 		//(an error will occur otherwise, and this can be updated accordingly)
 346:_commonCode_localized/timerCommon/1.21/timerCommon.c **** 		case 0:
 347:_commonCode_localized/timerCommon/1.21/timerCommon.c **** #ifdef _AVR_IOTNx61_H_
 348:_commonCode_localized/timerCommon/1.21/timerCommon.c **** 			//TinyX61s' Timer0 is an exception...
 349:_commonCode_localized/timerCommon/1.21/timerCommon.c **** 			// It only has WGM00, which serves the same functionality as
 350:_commonCode_localized/timerCommon/1.21/timerCommon.c **** 			// most others' WGM01 (when their WGM00 == 0)
 351:_commonCode_localized/timerCommon/1.21/timerCommon.c **** 			// (No PWM)
 352:_commonCode_localized/timerCommon/1.21/timerCommon.c **** 			if(wgmLb)
 353:_commonCode_localized/timerCommon/1.21/timerCommon.c **** 				return 1;
 354:_commonCode_localized/timerCommon/1.21/timerCommon.c **** 
 355:_commonCode_localized/timerCommon/1.21/timerCommon.c **** 			//Whatever .stab is, this single change reduces it by 36Bytes
 356:_commonCode_localized/timerCommon/1.21/timerCommon.c **** 			writebit(WGM00, T0_WGMReg, wgmHb);
 357:_commonCode_localized/timerCommon/1.21/timerCommon.c **** //			writeMasked(wgmHb, (1<<WGM00), T0_WGMReg);
 358:_commonCode_localized/timerCommon/1.21/timerCommon.c **** #else
 359:_commonCode_localized/timerCommon/1.21/timerCommon.c **** 			//This seems to be the "universal" WGM Timer0 settings
 360:_commonCode_localized/timerCommon/1.21/timerCommon.c **** 			writebit(WGM00, T0_WGMReg, wgmLb);
GAS LISTING /tmp/ccrOsGc6.s 			page 15


 411               		.stabn	68,0,360,.LM44-.LFBB3
 412               	.LM44:
 413 00da 9AB5      		in r25,0x2a
 414 00dc 60FF      		sbrs r22,0
 415 00de 00C0      		rjmp .L36
 416               		.stabn	68,0,360,.LM45-.LFBB3
 417               	.LM45:
 418 00e0 9160      		ori r25,lo8(1)
 419               	.L42:
 420               		.stabn	68,0,360,.LM46-.LFBB3
 421               	.LM46:
 422 00e2 9ABD      		out 0x2a,r25
 328:_commonCode_localized/timerCommon/1.21/timerCommon.c **** 	
 423               		.stabn	68,0,328,.LM47-.LFBB3
 424               	.LM47:
 425 00e4 6695      		lsr r22
 426               	.LBB14:
 427               	.LBB15:
 361:_commonCode_localized/timerCommon/1.21/timerCommon.c **** 			writebit(WGM01, T0_WGMReg, wgmHb);
 428               		.stabn	68,0,361,.LM48-.LFBB3
 429               	.LM48:
 430 00e6 9AB5      		in r25,0x2a
 431               	.LBE15:
 432               	.LBE14:
 433 00e8 6623      		tst r22
 434 00ea 01F0      		breq .L38
 435               	.LBB17:
 436               	.LBB16:
 437               		.stabn	68,0,361,.LM49-.LFBB3
 438               	.LM49:
 439 00ec 9260      		ori r25,lo8(2)
 440               	.L43:
 441               	.LBE16:
 442               	.LBE17:
 443               		.stabn	68,0,361,.LM50-.LFBB3
 444               	.LM50:
 445 00ee 9ABD      		out 0x2a,r25
 446 00f0 0895      		ret
 447               	.L36:
 360:_commonCode_localized/timerCommon/1.21/timerCommon.c **** 			writebit(WGM01, T0_WGMReg, wgmHb);
 448               		.stabn	68,0,360,.LM51-.LFBB3
 449               	.LM51:
 450 00f2 9E7F      		andi r25,lo8(-2)
 451 00f4 00C0      		rjmp .L42
 452               	.L38:
 453               		.stabn	68,0,361,.LM52-.LFBB3
 454               	.LM52:
 455 00f6 9D7F      		andi r25,lo8(-3)
 456 00f8 00C0      		rjmp .L43
 457               	.L41:
 362:_commonCode_localized/timerCommon/1.21/timerCommon.c **** //			writeMasked(wgmLb, (1<<WGM00), T0_WGMReg);
 363:_commonCode_localized/timerCommon/1.21/timerCommon.c **** //			writeMasked(wgmHb, (1<<WGM01), T0_WGMReg);
 364:_commonCode_localized/timerCommon/1.21/timerCommon.c **** #endif
 365:_commonCode_localized/timerCommon/1.21/timerCommon.c **** 			break;
 366:_commonCode_localized/timerCommon/1.21/timerCommon.c **** 		//Also Timer1, since all devices I've explored have both T0 and T1...
 367:_commonCode_localized/timerCommon/1.21/timerCommon.c **** 		case 1:
 368:_commonCode_localized/timerCommon/1.21/timerCommon.c **** #ifdef _AVR_IOTNx61_H_
GAS LISTING /tmp/ccrOsGc6.s 			page 16


 369:_commonCode_localized/timerCommon/1.21/timerCommon.c **** 			//TinyX61s' Timer1 is also an exception...
 370:_commonCode_localized/timerCommon/1.21/timerCommon.c **** 			// WGM_NORMAL and WGM_CLR_ON_COMPARE are identical...
 371:_commonCode_localized/timerCommon/1.21/timerCommon.c **** 			//  comparing to OCR1C
 372:_commonCode_localized/timerCommon/1.21/timerCommon.c **** 			//  AND only possible when PWM1x is zero...
 373:_commonCode_localized/timerCommon/1.21/timerCommon.c **** 			// AGAIN: ONLY THE "UNIVERSAL" MODES are currently implemented
 374:_commonCode_localized/timerCommon/1.21/timerCommon.c **** 			// This has several fancy features.
 375:_commonCode_localized/timerCommon/1.21/timerCommon.c **** 
 376:_commonCode_localized/timerCommon/1.21/timerCommon.c **** //   Replacing the switch statement below with this didn't save any space
 377:_commonCode_localized/timerCommon/1.21/timerCommon.c **** //     and, frankly, the switch statement is more intuitive
 378:_commonCode_localized/timerCommon/1.21/timerCommon.c **** //			wgmLb=0;
 379:_commonCode_localized/timerCommon/1.21/timerCommon.c **** //			wgmHb=0;
 380:_commonCode_localized/timerCommon/1.21/timerCommon.c **** //			if(wgm == WGM_PHASE_PWM)
 381:_commonCode_localized/timerCommon/1.21/timerCommon.c **** //				wgmLb = 0xff;
 382:_commonCode_localized/timerCommon/1.21/timerCommon.c **** 
 383:_commonCode_localized/timerCommon/1.21/timerCommon.c **** 			switch(wgm)
 384:_commonCode_localized/timerCommon/1.21/timerCommon.c **** 			{
 385:_commonCode_localized/timerCommon/1.21/timerCommon.c **** //   Moving this case with default saved 10 text and 4 data bytes!
 386:_commonCode_localized/timerCommon/1.21/timerCommon.c **** //				case WGM_FAST_PWM:
 387:_commonCode_localized/timerCommon/1.21/timerCommon.c **** //					wgmLb = 0;
 388:_commonCode_localized/timerCommon/1.21/timerCommon.c **** //					wgmHb = 0;
 389:_commonCode_localized/timerCommon/1.21/timerCommon.c **** //					break;
 390:_commonCode_localized/timerCommon/1.21/timerCommon.c **** 				case WGM_PHASE_PWM:
 391:_commonCode_localized/timerCommon/1.21/timerCommon.c **** 					wgmLb = 1; //0xff;
 392:_commonCode_localized/timerCommon/1.21/timerCommon.c **** 					wgmHb = 0;
 393:_commonCode_localized/timerCommon/1.21/timerCommon.c **** 					break;
 394:_commonCode_localized/timerCommon/1.21/timerCommon.c **** 				case WGM_FAST_PWM:
 395:_commonCode_localized/timerCommon/1.21/timerCommon.c **** 					// This one really has bits = 0 0
 396:_commonCode_localized/timerCommon/1.21/timerCommon.c **** 				case WGM_NORMAL:
 397:_commonCode_localized/timerCommon/1.21/timerCommon.c **** 				case WGM_CLR_ON_COMPARE:
 398:_commonCode_localized/timerCommon/1.21/timerCommon.c **** 					//For these modes, the WGM bits are Don't Cares
 399:_commonCode_localized/timerCommon/1.21/timerCommon.c **** 					// ("Normal" counting is determined by PWM1x = 0)
 400:_commonCode_localized/timerCommon/1.21/timerCommon.c **** 				default:
 401:_commonCode_localized/timerCommon/1.21/timerCommon.c **** 					//default shouldn't happen...
 402:_commonCode_localized/timerCommon/1.21/timerCommon.c **** 					wgmLb = 0;
 403:_commonCode_localized/timerCommon/1.21/timerCommon.c **** 					wgmHb = 0;
 404:_commonCode_localized/timerCommon/1.21/timerCommon.c **** 					break;
 405:_commonCode_localized/timerCommon/1.21/timerCommon.c **** 			}
 406:_commonCode_localized/timerCommon/1.21/timerCommon.c **** 
 407:_commonCode_localized/timerCommon/1.21/timerCommon.c **** 			//NOTE: TinyX61s' WGM bits are both in TCCR1D (very unusual)
 408:_commonCode_localized/timerCommon/1.21/timerCommon.c **** 			writebit(WGM10, TCCR1D, wgmLb);
 409:_commonCode_localized/timerCommon/1.21/timerCommon.c **** 			writebit(WGM11, TCCR1D, wgmHb);
 410:_commonCode_localized/timerCommon/1.21/timerCommon.c **** //			writeMasked(wgmLb, (1<<WGM10), TCCR1D);
 411:_commonCode_localized/timerCommon/1.21/timerCommon.c **** //			writeMasked(wgmHb, (1<<WGM11), TCCR1D);
 412:_commonCode_localized/timerCommon/1.21/timerCommon.c **** #elif (!defined(WGM10) || !defined(WGM12) || !defined(TCCR1A) \
 413:_commonCode_localized/timerCommon/1.21/timerCommon.c **** 		|| !defined(TCCR1B))   //defined(_AVR_IOTNx5_H_)
 414:_commonCode_localized/timerCommon/1.21/timerCommon.c ****  #warning "This device's Timer1 doesn't appear to have (normal) WGM modes."
 415:_commonCode_localized/timerCommon/1.21/timerCommon.c ****  #warning " Or, at least, I haven't figured out how to implement them yet"
 416:_commonCode_localized/timerCommon/1.21/timerCommon.c ****  #warning " calls to timer_setWGM(1,...) will error"
 417:_commonCode_localized/timerCommon/1.21/timerCommon.c **** 			return 1;
 458               		.stabn	68,0,417,.LM53-.LFBB3
 459               	.LM53:
 460 00fa 81E0      		ldi r24,lo8(1)
 461               	/* epilogue start */
 418:_commonCode_localized/timerCommon/1.21/timerCommon.c **** #else
 419:_commonCode_localized/timerCommon/1.21/timerCommon.c **** 			//The "Universal" WGM settings for Timer1 are set here...
 420:_commonCode_localized/timerCommon/1.21/timerCommon.c **** 			writebit(WGM10, TCCR1A, wgmLb);
 421:_commonCode_localized/timerCommon/1.21/timerCommon.c **** 			writebit(WGM12, TCCR1B, wgmHb);
GAS LISTING /tmp/ccrOsGc6.s 			page 17


 422:_commonCode_localized/timerCommon/1.21/timerCommon.c **** //			writeMasked(wgmLb, (1<<WGM10), TCCR1A);
 423:_commonCode_localized/timerCommon/1.21/timerCommon.c **** //			writeMasked(wgmHb, (1<<WGM12), TCCR1B);
 424:_commonCode_localized/timerCommon/1.21/timerCommon.c **** #endif
 425:_commonCode_localized/timerCommon/1.21/timerCommon.c **** 			break;
 426:_commonCode_localized/timerCommon/1.21/timerCommon.c **** 	  //From here, only compile for timers that exist...
 427:_commonCode_localized/timerCommon/1.21/timerCommon.c **** 	  //at least "exist" as expected...
 428:_commonCode_localized/timerCommon/1.21/timerCommon.c **** 	  #if defined(T2_WGMReg)
 429:_commonCode_localized/timerCommon/1.21/timerCommon.c **** 		case 2:
 430:_commonCode_localized/timerCommon/1.21/timerCommon.c **** 			writebit(WGM20, T2_WGMReg, wgmLb);
 431:_commonCode_localized/timerCommon/1.21/timerCommon.c **** 			writebit(WGM21, T2_WGMReg, wgmHb);
 432:_commonCode_localized/timerCommon/1.21/timerCommon.c **** //			writeMasked(wgmLb, (1<<WGM20), T2_WGMReg);
 433:_commonCode_localized/timerCommon/1.21/timerCommon.c **** //			writeMasked(wgmHb, (1<<WGM21), T2_WGMReg);
 434:_commonCode_localized/timerCommon/1.21/timerCommon.c **** 			break;
 435:_commonCode_localized/timerCommon/1.21/timerCommon.c **** 	  #endif
 436:_commonCode_localized/timerCommon/1.21/timerCommon.c **** 	  #if defined(TCCR3A)
 437:_commonCode_localized/timerCommon/1.21/timerCommon.c **** 		case 3:
 438:_commonCode_localized/timerCommon/1.21/timerCommon.c **** 			writebit(WGM30, TCCR3A, wgmLb);
 439:_commonCode_localized/timerCommon/1.21/timerCommon.c **** 			writebit(WGM32, TCCR3B, wgmHb);
 440:_commonCode_localized/timerCommon/1.21/timerCommon.c **** //			writeMasked(wgmLb, (1<<WGM30), TCCR3A);
 441:_commonCode_localized/timerCommon/1.21/timerCommon.c **** //			writeMasked(wgmHb, (1<<WGM32), TCCR3B);
 442:_commonCode_localized/timerCommon/1.21/timerCommon.c **** 			break;
 443:_commonCode_localized/timerCommon/1.21/timerCommon.c **** 	  #endif
 444:_commonCode_localized/timerCommon/1.21/timerCommon.c **** 		default:
 445:_commonCode_localized/timerCommon/1.21/timerCommon.c **** 			return 1;
 446:_commonCode_localized/timerCommon/1.21/timerCommon.c **** 			break;
 447:_commonCode_localized/timerCommon/1.21/timerCommon.c **** 	}
 448:_commonCode_localized/timerCommon/1.21/timerCommon.c **** 	
 449:_commonCode_localized/timerCommon/1.21/timerCommon.c **** 	return 0;
 450:_commonCode_localized/timerCommon/1.21/timerCommon.c **** }
 462               		.stabn	68,0,450,.LM54-.LFBB3
 463               	.LM54:
 464 00fc 0895      		ret
 465               		.size	timer_setWGM, .-timer_setWGM
 466               	.Lscope3:
 467               		.stabs	"",36,0,0,.Lscope3-.LFBB3
 468               		.stabd	78,0,0
 469               		.stabs	"timer_init:F(7,2)",36,0,72,timer_init
 470               		.stabs	"timerNum:P(7,2)",64,0,72,28
 471               		.stabs	"clockDiv:P(7,2)",64,0,72,29
 472               		.stabs	"wgm:P(7,2)",64,0,72,20
 473               	.global	timer_init
 474               		.type	timer_init, @function
 475               	timer_init:
 476               		.stabd	46,0,0
  73:_commonCode_localized/timerCommon/1.21/timerCommon.c **** 	//set the waveform mode
 477               		.stabn	68,0,73,.LM55-.LFBB4
 478               	.LM55:
 479               	.LFBB4:
 480 00fe CF93      		push r28
 481 0100 DF93      		push r29
 482               	/* prologue: function */
 483               	/* frame size = 0 */
 484               	/* stack size = 2 */
 485               	.L__stack_usage = 2
 486 0102 C82F      		mov r28,r24
 487 0104 D62F      		mov r29,r22
 488               	.LBB18:
GAS LISTING /tmp/ccrOsGc6.s 			page 18


  75:_commonCode_localized/timerCommon/1.21/timerCommon.c **** 		timer_setWGM(timerNum, wgm)	);
 489               		.stabn	68,0,75,.LM56-.LFBB4
 490               	.LM56:
 491 0106 642F      		mov r22,r20
 492 0108 00D0      		rcall timer_setWGM
 493 010a 8823      		tst r24
 494 010c 01F0      		breq .L45
  75:_commonCode_localized/timerCommon/1.21/timerCommon.c **** 		timer_setWGM(timerNum, wgm)	);
 495               		.stabn	68,0,75,.LM57-.LFBB4
 496               	.LM57:
 497 010e 8061      		ori r24,lo8(16)
 498               	.L44:
 499               	/* epilogue start */
 500               	.LBE18:
  83:_commonCode_localized/timerCommon/1.21/timerCommon.c **** #endif
 501               		.stabn	68,0,83,.LM58-.LFBB4
 502               	.LM58:
 503 0110 DF91      		pop r29
 504 0112 CF91      		pop r28
 505 0114 0895      		ret
 506               	.L45:
 507               	.LBB19:
  79:_commonCode_localized/timerCommon/1.21/timerCommon.c **** 		timer_selectDivisor(timerNum, clockDiv)	);
 508               		.stabn	68,0,79,.LM59-.LFBB4
 509               	.LM59:
 510 0116 6D2F      		mov r22,r29
 511 0118 8C2F      		mov r24,r28
 512 011a 00D0      		rcall timer_selectDivisor
 513 011c 8823      		tst r24
 514 011e 01F0      		breq .L44
  79:_commonCode_localized/timerCommon/1.21/timerCommon.c **** 		timer_selectDivisor(timerNum, clockDiv)	);
 515               		.stabn	68,0,79,.LM60-.LFBB4
 516               	.LM60:
 517 0120 8062      		ori r24,lo8(32)
 518 0122 00C0      		rjmp .L44
 519               	.LBE19:
 520               		.size	timer_init, .-timer_init
 521               		.stabs	"err_val:r(7,2)",64,0,75,24
 522               		.stabn	192,0,0,.LBB18-.LFBB4
 523               		.stabn	224,0,0,.LBE18-.LFBB4
 524               		.stabs	"err_val:r(7,2)",64,0,79,24
 525               		.stabn	192,0,0,.LBB19-.LFBB4
 526               		.stabn	224,0,0,.LBE19-.LFBB4
 527               	.Lscope4:
 528               		.stabs	"",36,0,0,.Lscope4-.LFBB4
 529               		.stabd	78,0,0
 530               		.stabs	"timer_compareMatchIntSetup:F(7,2)",36,0,460,timer_compareMatchIntSetup
 531               		.stabs	"timerNum:P(7,2)",64,0,460,24
 532               		.stabs	"outputChannel:P(7,2)",64,0,460,22
 533               		.stabs	"enable:P(7,2)",64,0,461,20
 534               	.global	timer_compareMatchIntSetup
 535               		.type	timer_compareMatchIntSetup, @function
 536               	timer_compareMatchIntSetup:
 537               		.stabd	46,0,0
 451:_commonCode_localized/timerCommon/1.21/timerCommon.c **** #endif
 452:_commonCode_localized/timerCommon/1.21/timerCommon.c **** 
 453:_commonCode_localized/timerCommon/1.21/timerCommon.c **** //timer_intEnable(type) could be created, assuming similarities between OCIEn/OCFn and TOIEn/TOVn a
GAS LISTING /tmp/ccrOsGc6.s 			page 19


 454:_commonCode_localized/timerCommon/1.21/timerCommon.c **** // Looks complicated since OCIEA/B for certain timers, and offsets don't seem particularly consiste
 455:_commonCode_localized/timerCommon/1.21/timerCommon.c **** //uint8_t timer_compareMatchIntEnable(uint8_t timerNum, uint8_t outputChannel)
 456:_commonCode_localized/timerCommon/1.21/timerCommon.c **** //!!! This ONLY works with OUT_CHANNEL_A/B
 457:_commonCode_localized/timerCommon/1.21/timerCommon.c **** // Maybe it should be modified for OUT_A | OUT_B as above...?
 458:_commonCode_localized/timerCommon/1.21/timerCommon.c **** #if (!defined(TIMER_COMPAREMATCHINTSETUP_UNUSED) \
 459:_commonCode_localized/timerCommon/1.21/timerCommon.c **** 		      || !TIMER_COMPAREMATCHINTSETUP_UNUSED)
 460:_commonCode_localized/timerCommon/1.21/timerCommon.c **** uint8_t timer_compareMatchIntSetup(uint8_t timerNum, uint8_t outputChannel,\
 461:_commonCode_localized/timerCommon/1.21/timerCommon.c **** 	  												uint8_t enable)
 462:_commonCode_localized/timerCommon/1.21/timerCommon.c **** {
 538               		.stabn	68,0,462,.LM61-.LFBB5
 539               	.LM61:
 540               	.LFBB5:
 541               	/* prologue: function */
 542               	/* frame size = 0 */
 543               	/* stack size = 0 */
 544               	.L__stack_usage = 0
 463:_commonCode_localized/timerCommon/1.21/timerCommon.c **** 	uint8_t channelNum;
 464:_commonCode_localized/timerCommon/1.21/timerCommon.c **** 
 465:_commonCode_localized/timerCommon/1.21/timerCommon.c **** 	if(timerNum >= MAXTIMERS)
 545               		.stabn	68,0,465,.LM62-.LFBB5
 546               	.LM62:
 547 0124 8430      		cpi r24,lo8(4)
 548 0126 00F4      		brsh .L67
 466:_commonCode_localized/timerCommon/1.21/timerCommon.c **** 		return 1;
 467:_commonCode_localized/timerCommon/1.21/timerCommon.c **** 
 468:_commonCode_localized/timerCommon/1.21/timerCommon.c **** 	if(outputChannel >= 2) //MAXCHANNELSPERTIMER)
 549               		.stabn	68,0,468,.LM63-.LFBB5
 550               	.LM63:
 551 0128 6230      		cpi r22,lo8(2)
 552 012a 00F4      		brsh .L68
 469:_commonCode_localized/timerCommon/1.21/timerCommon.c **** 		return 2;
 470:_commonCode_localized/timerCommon/1.21/timerCommon.c **** 
 471:_commonCode_localized/timerCommon/1.21/timerCommon.c **** 	//writebit (used later) does not currently handle TRUE and FALSE properly, just 0 and 1...
 472:_commonCode_localized/timerCommon/1.21/timerCommon.c **** 	// this should be fixed now...
 473:_commonCode_localized/timerCommon/1.21/timerCommon.c **** 	if(enable)
 474:_commonCode_localized/timerCommon/1.21/timerCommon.c **** 		enable = 1;
 475:_commonCode_localized/timerCommon/1.21/timerCommon.c **** 	
 476:_commonCode_localized/timerCommon/1.21/timerCommon.c **** 	//For the sake of our brute-force switch statement...
 477:_commonCode_localized/timerCommon/1.21/timerCommon.c **** 	//Combine the timer number and channel into a single variable...
 478:_commonCode_localized/timerCommon/1.21/timerCommon.c **** 	//The high nibble contains the timer number, and the low contains the channel number (A=0,B=1)
 479:_commonCode_localized/timerCommon/1.21/timerCommon.c **** 	channelNum = (timerNum<<4) + outputChannel;
 553               		.stabn	68,0,479,.LM64-.LFBB5
 554               	.LM64:
 555 012c 982F      		mov r25,r24
 556 012e 9295      		swap r25
 557 0130 907F      		andi r25,lo8(-16)
 558 0132 690F      		add r22,r25
 480:_commonCode_localized/timerCommon/1.21/timerCommon.c **** 
 481:_commonCode_localized/timerCommon/1.21/timerCommon.c **** 	//Don't clear interrupts before disabling this one, or that defeats the purpose!
 482:_commonCode_localized/timerCommon/1.21/timerCommon.c **** 	// But do clear so we don't get unexpected overflows on init
 483:_commonCode_localized/timerCommon/1.21/timerCommon.c **** 	if(enable)
 559               		.stabn	68,0,483,.LM65-.LFBB5
 560               	.LM65:
 561 0134 4423      		tst r20
 562 0136 01F0      		breq .L52
 484:_commonCode_localized/timerCommon/1.21/timerCommon.c **** 		cli();
 563               		.stabn	68,0,484,.LM66-.LFBB5
GAS LISTING /tmp/ccrOsGc6.s 			page 20


 564               	.LM66:
 565               	/* #APP */
 566               	 ;  484 "_commonCode_localized/timerCommon/1.21/timerCommon.c" 1
 567 0138 F894      		cli
 568               	 ;  0 "" 2
 485:_commonCode_localized/timerCommon/1.21/timerCommon.c **** 	
 486:_commonCode_localized/timerCommon/1.21/timerCommon.c **** 	switch(channelNum)
 569               		.stabn	68,0,486,.LM67-.LFBB5
 570               	.LM67:
 571               	/* #NOAPP */
 572 013a 6130      		cpi r22,lo8(1)
 573 013c 01F0      		breq .L85
 574 013e 00F0      		brlo .L55
 575 0140 6031      		cpi r22,lo8(16)
 576 0142 01F0      		breq .L86
 577 0144 6131      		cpi r22,lo8(17)
 578 0146 01F0      		breq .L57
 579               	.L53:
 487:_commonCode_localized/timerCommon/1.21/timerCommon.c **** 	{
 488:_commonCode_localized/timerCommon/1.21/timerCommon.c **** 	  #if defined(T0_TIMSK)
 489:_commonCode_localized/timerCommon/1.21/timerCommon.c **** 		//Case 0x00 is either OC0 or OC0A...
 490:_commonCode_localized/timerCommon/1.21/timerCommon.c **** 	   #if defined(OCIE0)
 491:_commonCode_localized/timerCommon/1.21/timerCommon.c **** 		case 0x00:
 492:_commonCode_localized/timerCommon/1.21/timerCommon.c **** 			//Enable the overflow interrupt (don't forget to create a handler!)
 493:_commonCode_localized/timerCommon/1.21/timerCommon.c **** //			setbit(OCIE0, T0_TIMSK);
 494:_commonCode_localized/timerCommon/1.21/timerCommon.c **** 			writebit(OCIE0, T0_TIMSK, enable);
 495:_commonCode_localized/timerCommon/1.21/timerCommon.c **** 			//Clear the overflow flag (OCD)...
 496:_commonCode_localized/timerCommon/1.21/timerCommon.c **** 			setbit(OCF0, T0_TIFR);
 497:_commonCode_localized/timerCommon/1.21/timerCommon.c **** 			break;
 498:_commonCode_localized/timerCommon/1.21/timerCommon.c **** 	   #endif
 499:_commonCode_localized/timerCommon/1.21/timerCommon.c **** 	   #if defined(OCIE0A)
 500:_commonCode_localized/timerCommon/1.21/timerCommon.c **** 		case 0x00:
 501:_commonCode_localized/timerCommon/1.21/timerCommon.c **** //			setbit(OCIE0A, T0_TIMSK);
 502:_commonCode_localized/timerCommon/1.21/timerCommon.c **** 			writebit(OCIE0A, T0_TIMSK, enable);
 503:_commonCode_localized/timerCommon/1.21/timerCommon.c **** 			// My OCD bit me in the ass, this was set to TIMSK by mistake(?)
 504:_commonCode_localized/timerCommon/1.21/timerCommon.c **** 			setbit(OCF0A, T0_TIFR);
 505:_commonCode_localized/timerCommon/1.21/timerCommon.c **** 			break;
 506:_commonCode_localized/timerCommon/1.21/timerCommon.c **** 	   #endif
 507:_commonCode_localized/timerCommon/1.21/timerCommon.c **** 	   #if defined(OCIE0B)
 508:_commonCode_localized/timerCommon/1.21/timerCommon.c **** 		case 0x01:
 509:_commonCode_localized/timerCommon/1.21/timerCommon.c **** //			setbit(OCIE0B, T0_TIMSK);
 510:_commonCode_localized/timerCommon/1.21/timerCommon.c **** 			writebit(OCIE0B, T0_TIMSK, enable);
 511:_commonCode_localized/timerCommon/1.21/timerCommon.c **** 			// As was this...
 512:_commonCode_localized/timerCommon/1.21/timerCommon.c **** 			setbit(OCF0B, T0_TIFR);
 513:_commonCode_localized/timerCommon/1.21/timerCommon.c **** 			break;
 514:_commonCode_localized/timerCommon/1.21/timerCommon.c **** 	   #endif
 515:_commonCode_localized/timerCommon/1.21/timerCommon.c **** 	  #endif
 516:_commonCode_localized/timerCommon/1.21/timerCommon.c **** 	  #if defined(T1_TIMSK)
 517:_commonCode_localized/timerCommon/1.21/timerCommon.c **** 	   #if defined(OCIE1)
 518:_commonCode_localized/timerCommon/1.21/timerCommon.c **** 		case 0x10:
 519:_commonCode_localized/timerCommon/1.21/timerCommon.c **** //			setbit(OCIE1, T1_TIMSK);
 520:_commonCode_localized/timerCommon/1.21/timerCommon.c **** 			writebit(OCIE1, T1_TIMSK, enable);
 521:_commonCode_localized/timerCommon/1.21/timerCommon.c **** 			setbit(OCF1, T1_TIFR);
 522:_commonCode_localized/timerCommon/1.21/timerCommon.c **** 			break;
 523:_commonCode_localized/timerCommon/1.21/timerCommon.c **** 	   #endif
 524:_commonCode_localized/timerCommon/1.21/timerCommon.c **** 	   #if defined(OCIE1A)
 525:_commonCode_localized/timerCommon/1.21/timerCommon.c **** 		case 0x10:
GAS LISTING /tmp/ccrOsGc6.s 			page 21


 526:_commonCode_localized/timerCommon/1.21/timerCommon.c **** //			setbit(OCIE1A, T1_TIMSK);
 527:_commonCode_localized/timerCommon/1.21/timerCommon.c **** 			writebit(OCIE1A, T1_TIMSK, enable);
 528:_commonCode_localized/timerCommon/1.21/timerCommon.c **** 			setbit(OCF1A, T1_TIFR);
 529:_commonCode_localized/timerCommon/1.21/timerCommon.c **** 			break;
 530:_commonCode_localized/timerCommon/1.21/timerCommon.c **** 	   #endif
 531:_commonCode_localized/timerCommon/1.21/timerCommon.c **** 	   #if defined(OCIE1B)
 532:_commonCode_localized/timerCommon/1.21/timerCommon.c **** 		case 0x11:
 533:_commonCode_localized/timerCommon/1.21/timerCommon.c **** //			setbit(OCIE1B, T1_TIMSK);
 534:_commonCode_localized/timerCommon/1.21/timerCommon.c **** 			writebit(OCIE1B, T1_TIMSK, enable);
 535:_commonCode_localized/timerCommon/1.21/timerCommon.c **** 			setbit(OCF1B, T1_TIFR);
 536:_commonCode_localized/timerCommon/1.21/timerCommon.c **** 			break;
 537:_commonCode_localized/timerCommon/1.21/timerCommon.c **** 	   #endif
 538:_commonCode_localized/timerCommon/1.21/timerCommon.c **** 	  #endif
 539:_commonCode_localized/timerCommon/1.21/timerCommon.c **** 	  #if defined(T2_TIMSK)
 540:_commonCode_localized/timerCommon/1.21/timerCommon.c **** 	   #if defined(OCIE2)
 541:_commonCode_localized/timerCommon/1.21/timerCommon.c **** 		case 0x20:
 542:_commonCode_localized/timerCommon/1.21/timerCommon.c **** //			setbit(OCIE2, T2_TIMSK);
 543:_commonCode_localized/timerCommon/1.21/timerCommon.c **** 			writebit(OCIE2, T2_TIMSK, enable);
 544:_commonCode_localized/timerCommon/1.21/timerCommon.c **** 			setbit(OCF2, T2_TIFR);
 545:_commonCode_localized/timerCommon/1.21/timerCommon.c **** 			break;
 546:_commonCode_localized/timerCommon/1.21/timerCommon.c **** 	   #endif
 547:_commonCode_localized/timerCommon/1.21/timerCommon.c **** 	   #if defined(OCIE2A)
 548:_commonCode_localized/timerCommon/1.21/timerCommon.c **** 		case 0x20:
 549:_commonCode_localized/timerCommon/1.21/timerCommon.c **** //			setbit(OCIE2A, T2_TIMSK);
 550:_commonCode_localized/timerCommon/1.21/timerCommon.c **** 			writebit(OCIE2A, T2_TIMSK, enable);
 551:_commonCode_localized/timerCommon/1.21/timerCommon.c **** 			setbit(OCF2A, T2_TIFR);
 552:_commonCode_localized/timerCommon/1.21/timerCommon.c **** 			break;
 553:_commonCode_localized/timerCommon/1.21/timerCommon.c **** 	   #endif
 554:_commonCode_localized/timerCommon/1.21/timerCommon.c **** 	   #if defined(OCIE2B)
 555:_commonCode_localized/timerCommon/1.21/timerCommon.c **** 		case 0x21:
 556:_commonCode_localized/timerCommon/1.21/timerCommon.c **** //			setbit(OCIE2B, T2_TIMSK);
 557:_commonCode_localized/timerCommon/1.21/timerCommon.c **** 			writebit(OCIE2B, T2_TIMSK, enable);
 558:_commonCode_localized/timerCommon/1.21/timerCommon.c **** 			setbit(OCF2B, T2_TIFR);
 559:_commonCode_localized/timerCommon/1.21/timerCommon.c **** 			break;
 560:_commonCode_localized/timerCommon/1.21/timerCommon.c **** 	   #endif
 561:_commonCode_localized/timerCommon/1.21/timerCommon.c **** 	  #endif
 562:_commonCode_localized/timerCommon/1.21/timerCommon.c **** 	  #if defined(T3_TIMSK)
 563:_commonCode_localized/timerCommon/1.21/timerCommon.c **** 	   #if defined(OCIE3)
 564:_commonCode_localized/timerCommon/1.21/timerCommon.c **** 		case 0x30:
 565:_commonCode_localized/timerCommon/1.21/timerCommon.c **** //			setbit(OCIE3, T3_TIMSK);
 566:_commonCode_localized/timerCommon/1.21/timerCommon.c **** 			writebit(OCIE3, T3_TIMSK, enable);
 567:_commonCode_localized/timerCommon/1.21/timerCommon.c **** 			setbit(OCF3, T3_TIFR);
 568:_commonCode_localized/timerCommon/1.21/timerCommon.c **** 			break;
 569:_commonCode_localized/timerCommon/1.21/timerCommon.c **** 	   #endif
 570:_commonCode_localized/timerCommon/1.21/timerCommon.c **** 	   #if defined(OCIE3A)
 571:_commonCode_localized/timerCommon/1.21/timerCommon.c **** 	    case 0x30:
 572:_commonCode_localized/timerCommon/1.21/timerCommon.c **** //			setbit(OCIE3A, T3_TIMSK);
 573:_commonCode_localized/timerCommon/1.21/timerCommon.c **** 			writebit(OCIE3A, T3_TIMSK, enable);
 574:_commonCode_localized/timerCommon/1.21/timerCommon.c **** 			setbit(OCF3A, T3_TIFR);
 575:_commonCode_localized/timerCommon/1.21/timerCommon.c **** 			break;
 576:_commonCode_localized/timerCommon/1.21/timerCommon.c **** 	   #endif
 577:_commonCode_localized/timerCommon/1.21/timerCommon.c **** 	   #if defined(OCIE3B)
 578:_commonCode_localized/timerCommon/1.21/timerCommon.c **** 		case 0x31:
 579:_commonCode_localized/timerCommon/1.21/timerCommon.c **** //			setbit(OCIE3B, T3_TIMSK);
 580:_commonCode_localized/timerCommon/1.21/timerCommon.c **** 			writebit(OCIE3B, T3_TIMSK, enable);
 581:_commonCode_localized/timerCommon/1.21/timerCommon.c **** 			setbit(OCF3B, T3_TIFR);
 582:_commonCode_localized/timerCommon/1.21/timerCommon.c **** 			break;
GAS LISTING /tmp/ccrOsGc6.s 			page 22


 583:_commonCode_localized/timerCommon/1.21/timerCommon.c **** 	   #endif
 584:_commonCode_localized/timerCommon/1.21/timerCommon.c **** 	  #endif
 585:_commonCode_localized/timerCommon/1.21/timerCommon.c **** 		default:
 586:_commonCode_localized/timerCommon/1.21/timerCommon.c **** 			return 3;
 580               		.stabn	68,0,586,.LM68-.LFBB5
 581               	.LM68:
 582 0148 43E0      		ldi r20,lo8(3)
 583               	.L74:
 587:_commonCode_localized/timerCommon/1.21/timerCommon.c **** 			break;
 588:_commonCode_localized/timerCommon/1.21/timerCommon.c **** 	}
 589:_commonCode_localized/timerCommon/1.21/timerCommon.c **** 	
 590:_commonCode_localized/timerCommon/1.21/timerCommon.c **** 	//Don't reenable interrupts here if disabling... just leave them as they were....
 591:_commonCode_localized/timerCommon/1.21/timerCommon.c **** 	// but do enable for init...
 592:_commonCode_localized/timerCommon/1.21/timerCommon.c **** 	if(enable)
 593:_commonCode_localized/timerCommon/1.21/timerCommon.c **** 		sei();
 594:_commonCode_localized/timerCommon/1.21/timerCommon.c **** 	
 595:_commonCode_localized/timerCommon/1.21/timerCommon.c **** 	return 0;
 596:_commonCode_localized/timerCommon/1.21/timerCommon.c **** }
 584               		.stabn	68,0,596,.LM69-.LFBB5
 585               	.LM69:
 586 014a 842F      		mov r24,r20
 587               	/* epilogue start */
 588 014c 0895      		ret
 589               	.L55:
 502:_commonCode_localized/timerCommon/1.21/timerCommon.c **** 			// My OCD bit me in the ass, this was set to TIMSK by mistake(?)
 590               		.stabn	68,0,502,.LM70-.LFBB5
 591               	.LM70:
 592 014e 89B7      		in r24,0x39
 593 0150 8061      		ori r24,lo8(16)
 594               	.L87:
 502:_commonCode_localized/timerCommon/1.21/timerCommon.c **** 			// My OCD bit me in the ass, this was set to TIMSK by mistake(?)
 595               		.stabn	68,0,502,.LM71-.LFBB5
 596               	.LM71:
 597 0152 89BF      		out 0x39,r24
 504:_commonCode_localized/timerCommon/1.21/timerCommon.c **** 			break;
 598               		.stabn	68,0,504,.LM72-.LFBB5
 599               	.LM72:
 600 0154 88B7      		in r24,0x38
 601 0156 8061      		ori r24,lo8(16)
 602               	.L91:
 535:_commonCode_localized/timerCommon/1.21/timerCommon.c **** 			break;
 603               		.stabn	68,0,535,.LM73-.LFBB5
 604               	.LM73:
 605 0158 88BF      		out 0x38,r24
 592:_commonCode_localized/timerCommon/1.21/timerCommon.c **** 		sei();
 606               		.stabn	68,0,592,.LM74-.LFBB5
 607               	.LM74:
 608 015a 4423      		tst r20
 609 015c 01F0      		breq .L74
 593:_commonCode_localized/timerCommon/1.21/timerCommon.c **** 	
 610               		.stabn	68,0,593,.LM75-.LFBB5
 611               	.LM75:
 612               	/* #APP */
 613               	 ;  593 "_commonCode_localized/timerCommon/1.21/timerCommon.c" 1
 614 015e 7894      		sei
 615               	 ;  0 "" 2
 595:_commonCode_localized/timerCommon/1.21/timerCommon.c **** }
GAS LISTING /tmp/ccrOsGc6.s 			page 23


 616               		.stabn	68,0,595,.LM76-.LFBB5
 617               	.LM76:
 618               	/* #NOAPP */
 619 0160 40E0      		ldi r20,0
 620 0162 00C0      		rjmp .L74
 621               	.L59:
 502:_commonCode_localized/timerCommon/1.21/timerCommon.c **** 			// My OCD bit me in the ass, this was set to TIMSK by mistake(?)
 622               		.stabn	68,0,502,.LM77-.LFBB5
 623               	.LM77:
 624 0164 89B7      		in r24,0x39
 625 0166 8F7E      		andi r24,lo8(-17)
 626 0168 00C0      		rjmp .L87
 627               	.L85:
 510:_commonCode_localized/timerCommon/1.21/timerCommon.c **** 			// As was this...
 628               		.stabn	68,0,510,.LM78-.LFBB5
 629               	.LM78:
 630 016a 89B7      		in r24,0x39
 631 016c 8860      		ori r24,lo8(8)
 632               	.L88:
 510:_commonCode_localized/timerCommon/1.21/timerCommon.c **** 			// As was this...
 633               		.stabn	68,0,510,.LM79-.LFBB5
 634               	.LM79:
 635 016e 89BF      		out 0x39,r24
 512:_commonCode_localized/timerCommon/1.21/timerCommon.c **** 			break;
 636               		.stabn	68,0,512,.LM80-.LFBB5
 637               	.LM80:
 638 0170 88B7      		in r24,0x38
 639 0172 8860      		ori r24,lo8(8)
 640 0174 00C0      		rjmp .L91
 641               	.L61:
 510:_commonCode_localized/timerCommon/1.21/timerCommon.c **** 			// As was this...
 642               		.stabn	68,0,510,.LM81-.LFBB5
 643               	.LM81:
 644 0176 89B7      		in r24,0x39
 645 0178 877F      		andi r24,lo8(-9)
 646 017a 00C0      		rjmp .L88
 647               	.L86:
 527:_commonCode_localized/timerCommon/1.21/timerCommon.c **** 			setbit(OCF1A, T1_TIFR);
 648               		.stabn	68,0,527,.LM82-.LFBB5
 649               	.LM82:
 650 017c 89B7      		in r24,0x39
 651 017e 8064      		ori r24,lo8(64)
 652               	.L89:
 527:_commonCode_localized/timerCommon/1.21/timerCommon.c **** 			setbit(OCF1A, T1_TIFR);
 653               		.stabn	68,0,527,.LM83-.LFBB5
 654               	.LM83:
 655 0180 89BF      		out 0x39,r24
 528:_commonCode_localized/timerCommon/1.21/timerCommon.c **** 			break;
 656               		.stabn	68,0,528,.LM84-.LFBB5
 657               	.LM84:
 658 0182 88B7      		in r24,0x38
 659 0184 8064      		ori r24,lo8(64)
 660 0186 00C0      		rjmp .L91
 661               	.L63:
 527:_commonCode_localized/timerCommon/1.21/timerCommon.c **** 			setbit(OCF1A, T1_TIFR);
 662               		.stabn	68,0,527,.LM85-.LFBB5
 663               	.LM85:
GAS LISTING /tmp/ccrOsGc6.s 			page 24


 664 0188 89B7      		in r24,0x39
 665 018a 8F7B      		andi r24,lo8(-65)
 666 018c 00C0      		rjmp .L89
 667               	.L57:
 534:_commonCode_localized/timerCommon/1.21/timerCommon.c **** 			setbit(OCF1B, T1_TIFR);
 668               		.stabn	68,0,534,.LM86-.LFBB5
 669               	.LM86:
 670 018e 89B7      		in r24,0x39
 671 0190 8062      		ori r24,lo8(32)
 672               	.L90:
 534:_commonCode_localized/timerCommon/1.21/timerCommon.c **** 			setbit(OCF1B, T1_TIFR);
 673               		.stabn	68,0,534,.LM87-.LFBB5
 674               	.LM87:
 675 0192 89BF      		out 0x39,r24
 535:_commonCode_localized/timerCommon/1.21/timerCommon.c **** 			break;
 676               		.stabn	68,0,535,.LM88-.LFBB5
 677               	.LM88:
 678 0194 88B7      		in r24,0x38
 679 0196 8062      		ori r24,lo8(32)
 680 0198 00C0      		rjmp .L91
 681               	.L67:
 466:_commonCode_localized/timerCommon/1.21/timerCommon.c **** 
 682               		.stabn	68,0,466,.LM89-.LFBB5
 683               	.LM89:
 684 019a 41E0      		ldi r20,lo8(1)
 685 019c 00C0      		rjmp .L74
 686               	.L68:
 469:_commonCode_localized/timerCommon/1.21/timerCommon.c **** 
 687               		.stabn	68,0,469,.LM90-.LFBB5
 688               	.LM90:
 689 019e 42E0      		ldi r20,lo8(2)
 690 01a0 00C0      		rjmp .L74
 691               	.L52:
 486:_commonCode_localized/timerCommon/1.21/timerCommon.c **** 	{
 692               		.stabn	68,0,486,.LM91-.LFBB5
 693               	.LM91:
 694 01a2 6130      		cpi r22,lo8(1)
 695 01a4 01F0      		breq .L61
 696 01a6 00F0      		brlo .L59
 697 01a8 6031      		cpi r22,lo8(16)
 698 01aa 01F0      		breq .L63
 699 01ac 6131      		cpi r22,lo8(17)
 700 01ae 01F4      		brne .L53
 534:_commonCode_localized/timerCommon/1.21/timerCommon.c **** 			setbit(OCF1B, T1_TIFR);
 701               		.stabn	68,0,534,.LM92-.LFBB5
 702               	.LM92:
 703 01b0 89B7      		in r24,0x39
 704 01b2 8F7D      		andi r24,lo8(-33)
 705 01b4 00C0      		rjmp .L90
 706               		.size	timer_compareMatchIntSetup, .-timer_compareMatchIntSetup
 707               		.stabs	"channelNum:r(7,2)",64,0,463,22
 708               		.stabn	192,0,0,.LFBB5-.LFBB5
 709               		.stabn	224,0,0,.Lscope5-.LFBB5
 710               	.Lscope5:
 711               		.stabs	"",36,0,0,.Lscope5-.LFBB5
 712               		.stabd	78,0,0
 713               		.stabs	"timer_overflowIntEnable:F(7,2)",36,0,601,timer_overflowIntEnable
GAS LISTING /tmp/ccrOsGc6.s 			page 25


 714               		.stabs	"timerNum:P(7,2)",64,0,601,24
 715               	.global	timer_overflowIntEnable
 716               		.type	timer_overflowIntEnable, @function
 717               	timer_overflowIntEnable:
 718               		.stabd	46,0,0
 597:_commonCode_localized/timerCommon/1.21/timerCommon.c **** #endif
 598:_commonCode_localized/timerCommon/1.21/timerCommon.c **** 
 599:_commonCode_localized/timerCommon/1.21/timerCommon.c **** #if (!defined(TIMER_OVERFLOWINTENABLE_UNUSED) \
 600:_commonCode_localized/timerCommon/1.21/timerCommon.c **** 		      || !TIMER_OVERFLOWINTENABLE_UNUSED)
 601:_commonCode_localized/timerCommon/1.21/timerCommon.c **** uint8_t timer_overflowIntEnable(uint8_t timerNum)
 602:_commonCode_localized/timerCommon/1.21/timerCommon.c **** {
 719               		.stabn	68,0,602,.LM93-.LFBB6
 720               	.LM93:
 721               	.LFBB6:
 722               	/* prologue: function */
 723               	/* frame size = 0 */
 724               	/* stack size = 0 */
 725               	.L__stack_usage = 0
 603:_commonCode_localized/timerCommon/1.21/timerCommon.c **** 	cli();
 726               		.stabn	68,0,603,.LM94-.LFBB6
 727               	.LM94:
 728               	/* #APP */
 729               	 ;  603 "_commonCode_localized/timerCommon/1.21/timerCommon.c" 1
 730 01b6 F894      		cli
 731               	 ;  0 "" 2
 604:_commonCode_localized/timerCommon/1.21/timerCommon.c **** 	
 605:_commonCode_localized/timerCommon/1.21/timerCommon.c **** 	switch(timerNum)
 732               		.stabn	68,0,605,.LM95-.LFBB6
 733               	.LM95:
 734               	/* #NOAPP */
 735 01b8 8823      		tst r24
 736 01ba 01F0      		breq .L94
 737 01bc 8130      		cpi r24,lo8(1)
 738 01be 01F0      		breq .L95
 606:_commonCode_localized/timerCommon/1.21/timerCommon.c **** 	{
 607:_commonCode_localized/timerCommon/1.21/timerCommon.c **** 		#if defined(T0_TIMSK)
 608:_commonCode_localized/timerCommon/1.21/timerCommon.c **** 		case 0:
 609:_commonCode_localized/timerCommon/1.21/timerCommon.c **** 			//Enable the overflow interrupt (don't forget to create a handler!)
 610:_commonCode_localized/timerCommon/1.21/timerCommon.c **** 			setbit(TOIE0, T0_TIMSK);
 611:_commonCode_localized/timerCommon/1.21/timerCommon.c **** 			//Clear the overflow flag (OCD)...
 612:_commonCode_localized/timerCommon/1.21/timerCommon.c **** 			setbit(TOV0, T0_TIFR);
 613:_commonCode_localized/timerCommon/1.21/timerCommon.c **** 			break; 
 614:_commonCode_localized/timerCommon/1.21/timerCommon.c **** 		#endif
 615:_commonCode_localized/timerCommon/1.21/timerCommon.c **** 		#if defined(T1_TIMSK)
 616:_commonCode_localized/timerCommon/1.21/timerCommon.c **** 		case 1:
 617:_commonCode_localized/timerCommon/1.21/timerCommon.c **** 			setbit(TOIE1, T1_TIMSK);
 618:_commonCode_localized/timerCommon/1.21/timerCommon.c **** 			setbit(TOV1, T1_TIFR);
 619:_commonCode_localized/timerCommon/1.21/timerCommon.c **** 			break;
 620:_commonCode_localized/timerCommon/1.21/timerCommon.c **** 		#endif
 621:_commonCode_localized/timerCommon/1.21/timerCommon.c **** 		#if defined(T2_TIMSK)
 622:_commonCode_localized/timerCommon/1.21/timerCommon.c **** 		case 2:
 623:_commonCode_localized/timerCommon/1.21/timerCommon.c **** 			setbit(TOIE2, T2_TIMSK);
 624:_commonCode_localized/timerCommon/1.21/timerCommon.c **** 			setbit(TOV2, T2_TIFR);
 625:_commonCode_localized/timerCommon/1.21/timerCommon.c **** 			break;
 626:_commonCode_localized/timerCommon/1.21/timerCommon.c **** 		#endif
 627:_commonCode_localized/timerCommon/1.21/timerCommon.c **** 		#if defined(T3_TIMSK)
 628:_commonCode_localized/timerCommon/1.21/timerCommon.c **** 		case 3:
GAS LISTING /tmp/ccrOsGc6.s 			page 26


 629:_commonCode_localized/timerCommon/1.21/timerCommon.c **** 			setbit(TOIE3, T3_TIMSK);
 630:_commonCode_localized/timerCommon/1.21/timerCommon.c **** 			setbit(TOV3, T3_TIFR);
 631:_commonCode_localized/timerCommon/1.21/timerCommon.c **** 			break;
 632:_commonCode_localized/timerCommon/1.21/timerCommon.c **** 		#endif
 633:_commonCode_localized/timerCommon/1.21/timerCommon.c **** 		default:
 634:_commonCode_localized/timerCommon/1.21/timerCommon.c **** 			return 1;
 739               		.stabn	68,0,634,.LM96-.LFBB6
 740               	.LM96:
 741 01c0 81E0      		ldi r24,lo8(1)
 742               	/* epilogue start */
 635:_commonCode_localized/timerCommon/1.21/timerCommon.c **** 	}
 636:_commonCode_localized/timerCommon/1.21/timerCommon.c **** 	
 637:_commonCode_localized/timerCommon/1.21/timerCommon.c **** 	sei();
 638:_commonCode_localized/timerCommon/1.21/timerCommon.c **** 	
 639:_commonCode_localized/timerCommon/1.21/timerCommon.c **** 	return 0;
 640:_commonCode_localized/timerCommon/1.21/timerCommon.c **** }
 743               		.stabn	68,0,640,.LM97-.LFBB6
 744               	.LM97:
 745 01c2 0895      		ret
 746               	.L94:
 610:_commonCode_localized/timerCommon/1.21/timerCommon.c **** 			//Clear the overflow flag (OCD)...
 747               		.stabn	68,0,610,.LM98-.LFBB6
 748               	.LM98:
 749 01c4 89B7      		in r24,0x39
 750 01c6 8260      		ori r24,lo8(2)
 751 01c8 89BF      		out 0x39,r24
 612:_commonCode_localized/timerCommon/1.21/timerCommon.c **** 			break; 
 752               		.stabn	68,0,612,.LM99-.LFBB6
 753               	.LM99:
 754 01ca 88B7      		in r24,0x38
 755 01cc 8260      		ori r24,lo8(2)
 756               	.L99:
 618:_commonCode_localized/timerCommon/1.21/timerCommon.c **** 			break;
 757               		.stabn	68,0,618,.LM100-.LFBB6
 758               	.LM100:
 759 01ce 88BF      		out 0x38,r24
 637:_commonCode_localized/timerCommon/1.21/timerCommon.c **** 	
 760               		.stabn	68,0,637,.LM101-.LFBB6
 761               	.LM101:
 762               	/* #APP */
 763               	 ;  637 "_commonCode_localized/timerCommon/1.21/timerCommon.c" 1
 764 01d0 7894      		sei
 765               	 ;  0 "" 2
 639:_commonCode_localized/timerCommon/1.21/timerCommon.c **** }
 766               		.stabn	68,0,639,.LM102-.LFBB6
 767               	.LM102:
 768               	/* #NOAPP */
 769 01d2 80E0      		ldi r24,0
 770 01d4 0895      		ret
 771               	.L95:
 617:_commonCode_localized/timerCommon/1.21/timerCommon.c **** 			setbit(TOV1, T1_TIFR);
 772               		.stabn	68,0,617,.LM103-.LFBB6
 773               	.LM103:
 774 01d6 89B7      		in r24,0x39
 775 01d8 8460      		ori r24,lo8(4)
 776 01da 89BF      		out 0x39,r24
 618:_commonCode_localized/timerCommon/1.21/timerCommon.c **** 			break;
GAS LISTING /tmp/ccrOsGc6.s 			page 27


 777               		.stabn	68,0,618,.LM104-.LFBB6
 778               	.LM104:
 779 01dc 88B7      		in r24,0x38
 780 01de 8460      		ori r24,lo8(4)
 781 01e0 00C0      		rjmp .L99
 782               		.size	timer_overflowIntEnable, .-timer_overflowIntEnable
 783               	.Lscope6:
 784               		.stabs	"",36,0,0,.Lscope6-.LFBB6
 785               		.stabd	78,0,0
 786               		.stabs	"",100,0,0,.Letext0
 787               	.Letext0:
 788               		.ident	"GCC: (GNU) 7.3.0"
GAS LISTING /tmp/ccrOsGc6.s 			page 28


DEFINED SYMBOLS
                            *ABS*:0000000000000000 timerCommon.c
     /tmp/ccrOsGc6.s:2      *ABS*:000000000000003e __SP_H__
     /tmp/ccrOsGc6.s:3      *ABS*:000000000000003d __SP_L__
     /tmp/ccrOsGc6.s:4      *ABS*:000000000000003f __SREG__
     /tmp/ccrOsGc6.s:5      *ABS*:0000000000000000 __tmp_reg__
     /tmp/ccrOsGc6.s:6      *ABS*:0000000000000001 __zero_reg__
     /tmp/ccrOsGc6.s:115    .text:0000000000000000 timer_setOutputModes
     /tmp/ccrOsGc6.s:285    .text:000000000000008a timer_selectDivisor
     /tmp/ccrOsGc6.s:394    .text:00000000000000d2 timer_setWGM
     /tmp/ccrOsGc6.s:475    .text:00000000000000fe timer_init
     /tmp/ccrOsGc6.s:536    .text:0000000000000124 timer_compareMatchIntSetup
     /tmp/ccrOsGc6.s:717    .text:00000000000001b6 timer_overflowIntEnable

NO UNDEFINED SYMBOLS
